========================================
測試單個 ISL Failure 場景
========================================

測試配置：
  - Scenario: Failure L1 (1 ISL 失效)
  - K 值: 8
  - 模擬時間: 20s
  - 時間步: 100ms (200 snapshots)

1. 清理舊數據...

2. 運行實驗...
   命令: python paper/satellite_networks_state/main_starlink_550.py \
           20 100 isls_failure_l1 ground_stations_top_100_with_hsinchu \
           algorithm_hierarchical_virtual_gid 10 27 8

[GID] Setting grid degree to 27° and K-best to 8 for hierarchical GID algorithm
Generating ground stations...
Generating TLEs...
Generating ISLs...
使用失效場景: failure_l1
  複製 input_data/failure_scenarios/isls_failure_l1.txt -> gen_data/starlink_550_isls_failure_l1_ground_stations_top_100_with_hsinchu_algorithm_hierarchical_virtual_gid_27deg_k8/isls.txt
Generating description...
Generating GSL interfaces info..
Generating forwarding state...
Thread 0 does interval [0.00 ms, 2000.00 ms]
Thread 1 does interval [2000.00 ms, 4000.00 ms]
Thread 2 does interval [4000.00 ms, 6000.00 ms]
Thread 3 does interval [6000.00 ms, 8000.00 ms]
Thread 4 does interval [8000.00 ms, 10000.00 ms]
Thread 5 does interval [10000.00 ms, 12000.00 ms]
Thread 6 does interval [12000.00 ms, 14000.00 ms]
Thread 7 does interval [14000.00 ms, 16000.00 ms]
Thread 8 does interval [16000.00 ms, 18000.00 ms]
Thread 9 does interval [18000.00 ms, 20000.00 ms]
FORWARDING STATE AT T = 0ns (= 0.0 seconds)

BASIC INFORMATION
  > Epoch.................. 2000-01-01 00:00:00.000
  > Time since epoch....... 0 ns
  > Absolute time.......... 2000-01-01 00:00:00.000
  > Satellites............. 1584
  > Ground stations........ 101
  > Max. range GSL......... 1089686.4181956202m
  > Max. range ISL......... 5016591.233098428m

ISL INFORMATION
  > Total ISLs............. 3167
  > Min. ISLs/satellite.... 3
  > Max. ISLs/satellite.... 4

GSL INTERFACE INFORMATION
  > Min. GSL IFs/satellite........ 1
  > Max. GSL IFs/satellite........ 1
  > Min. GSL IFs/ground station... 1
  > Max. GSL IFs/ground_station... 1

GSL IN-RANGE INFORMATION
  > Min. satellites in range... 4
  > Max. satellites in range... 20
[MODE] SP_OVER_PID_QUOTIENT=True
  > Calculating Floyd-Warshall for graph without ground-station relays
  > Writing forwarding state to: gen_data/starlink_550_isls_failure_l1_ground_stations_top_100_with_hsinchu_algorithm_hierarchical_virtual_gid_27deg_k8/dynamic_state_100ms_for_20s/fstate_0.txt
  > [SIGNALING] 累計統計: 4 事件, 0 字節
FORWARDING STATE AT T = 100000000ns (= 0.1 seconds)

BASIC INFORMATION
  > Epoch.................. 2000-01-01 00:00:00.000
  > Time since epoch....... 100000000 ns
  > Absolute time.......... 2000-01-01 00:00:00.100
  > Satellites............. 1584
  > Ground stations........ 101
  > Max. range GSL......... 1089686.4181956202m
  > Max. range ISL......... 5016591.233098428m

ISL INFORMATION
  > Total ISLs............. 3167
  > Min. ISLs/satellite.... 3
  > Max. ISLs/satellite.... 4

GSL INTERFACE INFORMATION
  > Min. GSL IFs/satellite........ 1
  > Max. GSL IFs/satellite........ 1
  > Min. GSL IFs/ground station... 1
  > Max. GSL IFs/ground_station... 1

GSL IN-RANGE INFORMATION
  > Min. satellites in range... 4
  > Max. satellites in range... 20
[MODE] SP_OVER_PID_QUOTIENT=True
  > Calculating Floyd-Warshall for graph without ground-station relays
  > Writing forwarding state to: gen_data/starlink_550_isls_failure_l1_ground_stations_top_100_with_hsinchu_algorithm_hierarchical_virtual_gid_27deg_k8/dynamic_state_100ms_for_20s/fstate_100000000.txt
  > [SIGNALING] 累計統計: 6 事件, 0 字節
FORWARDING STATE AT T = 200000000ns (= 0.2 seconds)

BASIC INFORMATION
  > Epoch.................. 2000-01-01 00:00:00.000
  > Time since epoch....... 200000000 ns
  > Absolute time.......... 2000-01-01 00:00:00.200
  > Satellites............. 1584
  > Ground stations........ 101
  > Max. range GSL......... 1089686.4181956202m
  > Max. range ISL......... 5016591.233098428m

ISL INFORMATION
  > Total ISLs............. 3167
  > Min. ISLs/satellite.... 3
  > Max. ISLs/satellite.... 4

GSL INTERFACE INFORMATION
  > Min. GSL IFs/satellite........ 1
  > Max. GSL IFs/satellite........ 1
  > Min. GSL IFs/ground station... 1
  > Max. GSL IFs/ground_station... 1

GSL IN-RANGE INFORMATION
  > Min. satellites in range... 4
  > Max. satellites in range... 20
[MODE] SP_OVER_PID_QUOTIENT=True
  > Calculating Floyd-Warshall for graph without ground-station relays
  > Writing forwarding state to: gen_data/starlink_550_isls_failure_l1_ground_stations_top_100_with_hsinchu_algorithm_hierarchical_virtual_gid_27deg_k8/dynamic_state_100ms_for_20s/fstate_200000000.txt
  > [SIGNALING] 累計統計: 8 事件, 0 字節
FORWARDING STATE AT T = 300000000ns (= 0.3 seconds)

BASIC INFORMATION
  > Epoch.................. 2000-01-01 00:00:00.000
  > Time since epoch....... 300000000 ns
  > Absolute time.......... 2000-01-01 00:00:00.300
  > Satellites............. 1584
  > Ground stations........ 101
  > Max. range GSL......... 1089686.4181956202m
  > Max. range ISL......... 5016591.233098428m

ISL INFORMATION
  > Total ISLs............. 3167
  > Min. ISLs/satellite.... 3
  > Max. ISLs/satellite.... 4

GSL INTERFACE INFORMATION
  > Min. GSL IFs/satellite........ 1
  > Max. GSL IFs/satellite........ 1
  > Min. GSL IFs/ground station... 1
  > Max. GSL IFs/ground_station... 1

GSL IN-RANGE INFORMATION
  > Min. satellites in range... 4
  > Max. satellites in range... 20
[MODE] SP_OVER_PID_QUOTIENT=True
  > Calculating Floyd-Warshall for graph without ground-station relays
  > Writing forwarding state to: gen_data/starlink_550_isls_failure_l1_ground_stations_top_100_with_hsinchu_algorithm_hierarchical_virtual_gid_27deg_k8/dynamic_state_100ms_for_20s/fstate_300000000.txt
  > [SIGNALING] 累計統計: 10 事件, 0 字節
FORWARDING STATE AT T = 400000000ns (= 0.4 seconds)

BASIC INFORMATION
  > Epoch.................. 2000-01-01 00:00:00.000
  > Time since epoch....... 400000000 ns
  > Absolute time.......... 2000-01-01 00:00:00.400
  > Satellites............. 1584
  > Ground stations........ 101
  > Max. range GSL......... 1089686.4181956202m
  > Max. range ISL......... 5016591.233098428m

ISL INFORMATION
  > Total ISLs............. 3167
  > Min. ISLs/satellite.... 3
  > Max. ISLs/satellite.... 4

GSL INTERFACE INFORMATION
  > Min. GSL IFs/satellite........ 1
  > Max. GSL IFs/satellite........ 1
  > Min. GSL IFs/ground station... 1
  > Max. GSL IFs/ground_station... 1

GSL IN-RANGE INFORMATION
  > Min. satellites in range... 4
  > Max. satellites in range... 20
[MODE] SP_OVER_PID_QUOTIENT=True
  > Calculating Floyd-Warshall for graph without ground-station relays
  > Writing forwarding state to: gen_data/starlink_550_isls_failure_l1_ground_stations_top_100_with_hsinchu_algorithm_hierarchical_virtual_gid_27deg_k8/dynamic_state_100ms_for_20s/fstate_400000000.txt
  > [SIGNALING] 累計統計: 12 事件, 0 字節
FORWARDING STATE AT T = 500000000ns (= 0.5 seconds)

BASIC INFORMATION
  > Epoch.................. 2000-01-01 00:00:00.000
  > Time since epoch....... 500000000 ns
  > Absolute time.......... 2000-01-01 00:00:00.500
  > Satellites............. 1584
  > Ground stations........ 101
  > Max. range GSL......... 1089686.4181956202m
  > Max. range ISL......... 5016591.233098428m

ISL INFORMATION
  > Total ISLs............. 3167
  > Min. ISLs/satellite.... 3
  > Max. ISLs/satellite.... 4

GSL INTERFACE INFORMATION
  > Min. GSL IFs/satellite........ 1
  > Max. GSL IFs/satellite........ 1
  > Min. GSL IFs/ground station... 1
  > Max. GSL IFs/ground_station... 1

GSL IN-RANGE INFORMATION
  > Min. satellites in range... 4
  > Max. satellites in range... 20
[MODE] SP_OVER_PID_QUOTIENT=True
  > Calculating Floyd-Warshall for graph without ground-station relays
  > Writing forwarding state to: gen_data/starlink_550_isls_failure_l1_ground_stations_top_100_with_hsinchu_algorithm_hierarchical_virtual_gid_27deg_k8/dynamic_state_100ms_for_20s/fstate_500000000.txt
  > [SIGNALING] 累計統計: 14 事件, 0 字節
FORWARDING STATE AT T = 600000000ns (= 0.6 seconds)

BASIC INFORMATION
  > Epoch.................. 2000-01-01 00:00:00.000
  > Time since epoch....... 600000000 ns
  > Absolute time.......... 2000-01-01 00:00:00.600
  > Satellites............. 1584
  > Ground stations........ 101
  > Max. range GSL......... 1089686.4181956202m
  > Max. range ISL......... 5016591.233098428m

ISL INFORMATION
  > Total ISLs............. 3167
  > Min. ISLs/satellite.... 3
  > Max. ISLs/satellite.... 4

GSL INTERFACE INFORMATION
  > Min. GSL IFs/satellite........ 1
  > Max. GSL IFs/satellite........ 1
  > Min. GSL IFs/ground station... 1
  > Max. GSL IFs/ground_station... 1

GSL IN-RANGE INFORMATION
  > Min. satellites in range... 4
  > Max. satellites in range... 20
[MODE] SP_OVER_PID_QUOTIENT=True
  > Calculating Floyd-Warshall for graph without ground-station relays
  > Writing forwarding state to: gen_data/starlink_550_isls_failure_l1_ground_stations_top_100_with_hsinchu_algorithm_hierarchical_virtual_gid_27deg_k8/dynamic_state_100ms_for_20s/fstate_600000000.txt
  > [SIGNALING] 累計統計: 16 事件, 0 字節
FORWARDING STATE AT T = 700000000ns (= 0.7 seconds)

BASIC INFORMATION
  > Epoch.................. 2000-01-01 00:00:00.000
  > Time since epoch....... 700000000 ns
  > Absolute time.......... 2000-01-01 00:00:00.700
  > Satellites............. 1584
  > Ground stations........ 101
  > Max. range GSL......... 1089686.4181956202m
  > Max. range ISL......... 5016591.233098428m

ISL INFORMATION
  > Total ISLs............. 3167
FORWARDING STATE AT T = 10000000000ns (= 10.0 seconds)

BASIC INFORMATION
  > Epoch.................. 2000-01-01 00:00:00.000
  > Time since epoch....... 10000000000 ns
  > Absolute time.......... 2000-01-01 00:00:10.000
  > Satellites............. 1584
  > Ground stations........ 101
  > Max. range GSL......... 1089686.4181956202m
  > Max. range ISL......... 5016591.233098428m

ISL INFORMATION
  > Total ISLs............. 3167
  > Min. ISLs/satellite.... 3
  > Max. ISLs/satellite.... 4

GSL INTERFACE INFORMATION
  > Min. GSL IFs/satellite........ 1
  > Max. GSL IFs/satellite........ 1
  > Min. GSL IFs/ground station... 1
  > Max. GSL IFs/ground_station... 1

GSL IN-RANGE INFORMATION
  > Min. satellites in range... 4
  > Max. satellites in range... 20
[MODE] SP_OVER_PID_QUOTIENT=True
  > Calculating Floyd-Warshall for graph without ground-station relays
  > Writing forwarding state to: gen_data/starlink_550_isls_failure_l1_ground_stations_top_100_with_hsinchu_algorithm_hierarchical_virtual_gid_27deg_k8/dynamic_state_100ms_for_20s/fstate_10000000000.txt
  > [SIGNALING] 累計統計: 4 事件, 0 字節
FORWARDING STATE AT T = 10100000000ns (= 10.1 seconds)

BASIC INFORMATION
  > Epoch.................. 2000-01-01 00:00:00.000
  > Time since epoch....... 10100000000 ns
  > Absolute time.......... 2000-01-01 00:00:10.100
  > Satellites............. 1584
  > Ground stations........ 101
  > Max. range GSL......... 1089686.4181956202m
  > Max. range ISL......... 5016591.233098428m

ISL INFORMATION
  > Total ISLs............. 3167
  > Min. ISLs/satellite.... 3
  > Max. ISLs/satellite.... 4

GSL INTERFACE INFORMATION
  > Min. GSL IFs/satellite........ 1
  > Max. GSL IFs/satellite........ 1
  > Min. GSL IFs/ground station... 1
  > Max. GSL IFs/ground_station... 1

GSL IN-RANGE INFORMATION
  > Min. satellites in range... 4
  > Max. satellites in range... 20
[MODE] SP_OVER_PID_QUOTIENT=True
  > Calculating Floyd-Warshall for graph without ground-station relays
  > Writing forwarding state to: gen_data/starlink_550_isls_failure_l1_ground_stations_top_100_with_hsinchu_algorithm_hierarchical_virtual_gid_27deg_k8/dynamic_state_100ms_for_20s/fstate_10100000000.txt
  > [SIGNALING] 累計統計: 6 事件, 0 字節
FORWARDING STATE AT T = 10200000000ns (= 10.2 seconds)

BASIC INFORMATION
  > Epoch.................. 2000-01-01 00:00:00.000
  > Time since epoch....... 10200000000 ns
  > Absolute time.......... 2000-01-01 00:00:10.200
  > Satellites............. 1584
  > Ground stations........ 101
  > Max. range GSL......... 1089686.4181956202m
  > Max. range ISL......... 5016591.233098428m

ISL INFORMATION
  > Total ISLs............. 3167
  > Min. ISLs/satellite.... 3
  > Max. ISLs/satellite.... 4

GSL INTERFACE INFORMATION
  > Min. GSL IFs/satellite........ 1
  > Max. GSL IFs/satellite........ 1
  > Min. GSL IFs/ground station... 1
  > Max. GSL IFs/ground_station... 1

GSL IN-RANGE INFORMATION
  > Min. satellites in range... 4
  > Max. satellites in range... 20
[MODE] SP_OVER_PID_QUOTIENT=True
  > Calculating Floyd-Warshall for graph without ground-station relays
  > Writing forwarding state to: gen_data/starlink_550_isls_failure_l1_ground_stations_top_100_with_hsinchu_algorithm_hierarchical_virtual_gid_27deg_k8/dynamic_state_100ms_for_20s/fstate_10200000000.txt
  > [SIGNALING] 累計統計: 8 事件, 0 字節
FORWARDING STATE AT T = 10300000000ns (= 10.3 seconds)

BASIC INFORMATION
  > Epoch.................. 2000-01-01 00:00:00.000
  > Time since epoch....... 10300000000 ns
  > Absolute time.......... 2000-01-01 00:00:10.300
  > Satellites............. 1584
  > Ground stations........ 101
  > Max. range GSL......... 1089686.4181956202m
  > Max. range ISL......... 5016591.233098428m

ISL INFORMATION
  > Total ISLs............. 3167
  > Min. ISLs/satellite.... 3
  > Max. ISLs/satellite.... 4

GSL INTERFACE INFORMATION
  > Min. GSL IFs/satellite........ 1
  > Max. GSL IFs/satellite........ 1
  > Min. GSL IFs/ground station... 1
  > Max. GSL IFs/ground_station... 1

GSL IN-RANGE INFORMATION
  > Min. satellites in range... 4
  > Max. satellites in range... 20
[MODE] SP_OVER_PID_QUOTIENT=True
  > Calculating Floyd-Warshall for graph without ground-station relays
  > Writing forwarding state to: gen_data/starlink_550_isls_failure_l1_ground_stations_top_100_with_hsinchu_algorithm_hierarchical_virtual_gid_27deg_k8/dynamic_state_100ms_for_20s/fstate_10300000000.txt
  > [SIGNALING] 累計統計: 10 事件, 0 字節
FORWARDING STATE AT T = 10400000000ns (= 10.4 seconds)

BASIC INFORMATION
  > Epoch.................. 2000-01-01 00:00:00.000
  > Time since epoch....... 10400000000 ns
  > Absolute time.......... 2000-01-01 00:00:10.400
  > Satellites............. 1584
  > Ground stations........ 101
  > Max. range GSL......... 1089686.4181956202m
  > Max. range ISL......... 5016591.233098428m

ISL INFORMATION
  > Total ISLs............. 3167
  > Min. ISLs/satellite.... 3
  > Max. ISLs/satellite.... 4

GSL INTERFACE INFORMATION
  > Min. GSL IFs/satellite........ 1
  > Max. GSL IFs/satellite........ 1
  > Min. GSL IFs/ground station... 1
  > Max. GSL IFs/ground_station... 1

GSL IN-RANGE INFORMATION
  > Min. satellites in range... 4
  > Max. satellites in range... 20
[MODE] SP_OVER_PID_QUOTIENT=True
  > Calculating Floyd-Warshall for graph without ground-station relays
  > Writing forwarding state to: gen_data/starlink_550_isls_failure_l1_ground_stations_top_100_with_hsinchu_algorithm_hierarchical_virtual_gid_27deg_k8/dynamic_state_100ms_for_20s/fstate_10400000000.txt
  > [SIGNALING] 累計統計: 12 事件, 0 字節
FORWARDING STATE AT T = 10500000000ns (= 10.5 seconds)

BASIC INFORMATION
  > Epoch.................. 2000-01-01 00:00:00.000
  > Time since epoch....... 10500000000 ns
  > Absolute time.......... 2000-01-01 00:00:10.500
  > Satellites............. 1584
  > Ground stations........ 101
  > Max. range GSL......... 1089686.4181956202m
  > Max. range ISL......... 5016591.233098428m

ISL INFORMATION
  > Total ISLs............. 3167
  > Min. ISLs/satellite.... 3
  > Max. ISLs/satellite.... 4

GSL INTERFACE INFORMATION
  > Min. GSL IFs/satellite........ 1
  > Max. GSL IFs/satellite........ 1
  > Min. GSL IFs/ground station... 1
  > Max. GSL IFs/ground_station... 1

GSL IN-RANGE INFORMATION
  > Min. satellites in range... 4
  > Max. satellites in range... 20
[MODE] SP_OVER_PID_QUOTIENT=True
  > Calculating Floyd-Warshall for graph without ground-station relays
  > Writing forwarding state to: gen_data/starlink_550_isls_failure_l1_ground_stations_top_100_with_hsinchu_algorithm_hierarchical_virtual_gid_27deg_k8/dynamic_state_100ms_for_20s/fstate_10500000000.txt
  > [SIGNALING] 累計統計: 14 事件, 0 字節
FORWARDING STATE AT T = 10600000000ns (= 10.6 seconds)

BASIC INFORMATION
  > Epoch.................. 2000-01-01 00:00:00.000
  > Time since epoch....... 10600000000 ns
  > Absolute time.......... 2000-01-01 00:00:10.600
  > Satellites............. 1584
  > Ground stations........ 101
  > Max. range GSL......... 1089686.4181956202m
  > Max. range ISL......... 5016591.233098428m

ISL INFORMATION
  > Total ISLs............. 3167
  > Min. ISLs/satellite.... 3
  > Max. ISLs/satellite.... 4

GSL INTERFACE INFORMATION
  > Min. GSL IFs/satellite........ 1
  > Max. GSL IFs/satellite........ 1
  > Min. GSL IFs/ground station... 1
  > Max. GSL IFs/ground_station... 1

GSL IN-RANGE INFORMATION
  > Min. satellites in range... 4
  > Max. satellites in range... 20
[MODE] SP_OVER_PID_QUOTIENT=True
  > Calculating Floyd-Warshall for graph without ground-station relays
  > Writing forwarding state to: gen_data/starlink_550_isls_failure_l1_ground_stations_top_100_with_hsinchu_algorithm_hierarchical_virtual_gid_27deg_k8/dynamic_state_100ms_for_20s/fstate_10600000000.txt
  > [SIGNALING] 累計統計: 16 事件, 0 字節
FORWARDING STATE AT T = 10700000000ns (= 10.7 seconds)

BASIC INFORMATION
  > Epoch.................. 2000-01-01 00:00:00.000
  > Time since epoch....... 10700000000 ns
  > Absolute time.......... 2000-01-01 00:00:10.700
  > Satellites............. 1584
  > Ground stations........ 101
  > Max. range GSL......... 1089686.4181956202m
FORWARDING STATE AT T = 6000000000ns (= 6.0 seconds)

BASIC INFORMATION
  > Epoch.................. 2000-01-01 00:00:00.000
  > Time since epoch....... 6000000000 ns
  > Absolute time.......... 2000-01-01 00:00:06.000
  > Satellites............. 1584
  > Ground stations........ 101
  > Max. range GSL......... 1089686.4181956202m
  > Max. range ISL......... 5016591.233098428m

ISL INFORMATION
  > Total ISLs............. 3167
  > Min. ISLs/satellite.... 3
  > Max. ISLs/satellite.... 4

GSL INTERFACE INFORMATION
  > Min. GSL IFs/satellite........ 1
  > Max. GSL IFs/satellite........ 1
  > Min. GSL IFs/ground station... 1
  > Max. GSL IFs/ground_station... 1

GSL IN-RANGE INFORMATION
  > Min. satellites in range... 4
  > Max. satellites in range... 20
[MODE] SP_OVER_PID_QUOTIENT=True
  > Calculating Floyd-Warshall for graph without ground-station relays
  > Writing forwarding state to: gen_data/starlink_550_isls_failure_l1_ground_stations_top_100_with_hsinchu_algorithm_hierarchical_virtual_gid_27deg_k8/dynamic_state_100ms_for_20s/fstate_6000000000.txt
  > [SIGNALING] 累計統計: 4 事件, 0 字節
FORWARDING STATE AT T = 6100000000ns (= 6.1 seconds)

BASIC INFORMATION
  > Epoch.................. 2000-01-01 00:00:00.000
  > Time since epoch....... 6100000000 ns
  > Absolute time.......... 2000-01-01 00:00:06.100
  > Satellites............. 1584
  > Ground stations........ 101
  > Max. range GSL......... 1089686.4181956202m
  > Max. range ISL......... 5016591.233098428m

ISL INFORMATION
  > Total ISLs............. 3167
  > Min. ISLs/satellite.... 3
  > Max. ISLs/satellite.... 4

GSL INTERFACE INFORMATION
  > Min. GSL IFs/satellite........ 1
  > Max. GSL IFs/satellite........ 1
  > Min. GSL IFs/ground station... 1
  > Max. GSL IFs/ground_station... 1

GSL IN-RANGE INFORMATION
  > Min. satellites in range... 4
  > Max. satellites in range... 20
[MODE] SP_OVER_PID_QUOTIENT=True
  > Calculating Floyd-Warshall for graph without ground-station relays
  > Writing forwarding state to: gen_data/starlink_550_isls_failure_l1_ground_stations_top_100_with_hsinchu_algorithm_hierarchical_virtual_gid_27deg_k8/dynamic_state_100ms_for_20s/fstate_6100000000.txt
  > [SIGNALING] 累計統計: 6 事件, 0 字節
FORWARDING STATE AT T = 6200000000ns (= 6.2 seconds)

BASIC INFORMATION
  > Epoch.................. 2000-01-01 00:00:00.000
  > Time since epoch....... 6200000000 ns
  > Absolute time.......... 2000-01-01 00:00:06.200
  > Satellites............. 1584
  > Ground stations........ 101
  > Max. range GSL......... 1089686.4181956202m
  > Max. range ISL......... 5016591.233098428m

ISL INFORMATION
  > Total ISLs............. 3167
  > Min. ISLs/satellite.... 3
  > Max. ISLs/satellite.... 4

GSL INTERFACE INFORMATION
  > Min. GSL IFs/satellite........ 1
  > Max. GSL IFs/satellite........ 1
  > Min. GSL IFs/ground station... 1
  > Max. GSL IFs/ground_station... 1

GSL IN-RANGE INFORMATION
  > Min. satellites in range... 4
  > Max. satellites in range... 20
[MODE] SP_OVER_PID_QUOTIENT=True
  > Calculating Floyd-Warshall for graph without ground-station relays
  > Writing forwarding state to: gen_data/starlink_550_isls_failure_l1_ground_stations_top_100_with_hsinchu_algorithm_hierarchical_virtual_gid_27deg_k8/dynamic_state_100ms_for_20s/fstate_6200000000.txt
  > [SIGNALING] 累計統計: 8 事件, 0 字節
FORWARDING STATE AT T = 6300000000ns (= 6.3 seconds)

BASIC INFORMATION
  > Epoch.................. 2000-01-01 00:00:00.000
  > Time since epoch....... 6300000000 ns
  > Absolute time.......... 2000-01-01 00:00:06.300
  > Satellites............. 1584
  > Ground stations........ 101
  > Max. range GSL......... 1089686.4181956202m
  > Max. range ISL......... 5016591.233098428m

ISL INFORMATION
  > Total ISLs............. 3167
  > Min. ISLs/satellite.... 3
  > Max. ISLs/satellite.... 4

GSL INTERFACE INFORMATION
  > Min. GSL IFs/satellite........ 1
  > Max. GSL IFs/satellite........ 1
  > Min. GSL IFs/ground station... 1
  > Max. GSL IFs/ground_station... 1

GSL IN-RANGE INFORMATION
  > Min. satellites in range... 4
  > Max. satellites in range... 20
[MODE] SP_OVER_PID_QUOTIENT=True
  > Calculating Floyd-Warshall for graph without ground-station relays
  > Writing forwarding state to: gen_data/starlink_550_isls_failure_l1_ground_stations_top_100_with_hsinchu_algorithm_hierarchical_virtual_gid_27deg_k8/dynamic_state_100ms_for_20s/fstate_6300000000.txt
  > [SIGNALING] 累計統計: 10 事件, 0 字節
FORWARDING STATE AT T = 6400000000ns (= 6.4 seconds)

BASIC INFORMATION
  > Epoch.................. 2000-01-01 00:00:00.000
  > Time since epoch....... 6400000000 ns
  > Absolute time.......... 2000-01-01 00:00:06.400
  > Satellites............. 1584
  > Ground stations........ 101
  > Max. range GSL......... 1089686.4181956202m
  > Max. range ISL......... 5016591.233098428m

ISL INFORMATION
  > Total ISLs............. 3167
  > Min. ISLs/satellite.... 3
  > Max. ISLs/satellite.... 4

GSL INTERFACE INFORMATION
  > Min. GSL IFs/satellite........ 1
  > Max. GSL IFs/satellite........ 1
  > Min. GSL IFs/ground station... 1
  > Max. GSL IFs/ground_station... 1

GSL IN-RANGE INFORMATION
  > Min. satellites in range... 4
  > Max. satellites in range... 20
[MODE] SP_OVER_PID_QUOTIENT=True
  > Calculating Floyd-Warshall for graph without ground-station relays
  > Writing forwarding state to: gen_data/starlink_550_isls_failure_l1_ground_stations_top_100_with_hsinchu_algorithm_hierarchical_virtual_gid_27deg_k8/dynamic_state_100ms_for_20s/fstate_6400000000.txt
  > [SIGNALING] 累計統計: 12 事件, 0 字節
FORWARDING STATE AT T = 6500000000ns (= 6.5 seconds)

BASIC INFORMATION
  > Epoch.................. 2000-01-01 00:00:00.000
  > Time since epoch....... 6500000000 ns
  > Absolute time.......... 2000-01-01 00:00:06.500
  > Satellites............. 1584
  > Ground stations........ 101
  > Max. range GSL......... 1089686.4181956202m
  > Max. range ISL......... 5016591.233098428m

ISL INFORMATION
  > Total ISLs............. 3167
  > Min. ISLs/satellite.... 3
  > Max. ISLs/satellite.... 4

GSL INTERFACE INFORMATION
  > Min. GSL IFs/satellite........ 1
  > Max. GSL IFs/satellite........ 1
  > Min. GSL IFs/ground station... 1
  > Max. GSL IFs/ground_station... 1

GSL IN-RANGE INFORMATION
  > Min. satellites in range... 4
  > Max. satellites in range... 20
[MODE] SP_OVER_PID_QUOTIENT=True
  > Calculating Floyd-Warshall for graph without ground-station relays
  > Writing forwarding state to: gen_data/starlink_550_isls_failure_l1_ground_stations_top_100_with_hsinchu_algorithm_hierarchical_virtual_gid_27deg_k8/dynamic_state_100ms_for_20s/fstate_6500000000.txt
  > [SIGNALING] 累計統計: 14 事件, 0 字節
FORWARDING STATE AT T = 6600000000ns (= 6.6 seconds)

BASIC INFORMATION
  > Epoch.................. 2000-01-01 00:00:00.000
  > Time since epoch....... 6600000000 ns
  > Absolute time.......... 2000-01-01 00:00:06.600
  > Satellites............. 1584
  > Ground stations........ 101
  > Max. range GSL......... 1089686.4181956202m
  > Max. range ISL......... 5016591.233098428m

ISL INFORMATION
  > Total ISLs............. 3167
  > Min. ISLs/satellite.... 3
  > Max. ISLs/satellite.... 4

GSL INTERFACE INFORMATION
  > Min. GSL IFs/satellite........ 1
  > Max. GSL IFs/satellite........ 1
  > Min. GSL IFs/ground station... 1
  > Max. GSL IFs/ground_station... 1

GSL IN-RANGE INFORMATION
  > Min. satellites in range... 4
  > Max. satellites in range... 20
[MODE] SP_OVER_PID_QUOTIENT=True
  > Calculating Floyd-Warshall for graph without ground-station relays
  > Writing forwarding state to: gen_data/starlink_550_isls_failure_l1_ground_stations_top_100_with_hsinchu_algorithm_hierarchical_virtual_gid_27deg_k8/dynamic_state_100ms_for_20s/fstate_6600000000.txt
  > [SIGNALING] 累計統計: 16 事件, 0 字節
FORWARDING STATE AT T = 6700000000ns (= 6.7 seconds)

BASIC INFORMATION
  > Epoch.................. 2000-01-01 00:00:00.000
  > Time since epoch....... 6700000000 ns
  > Absolute time.......... 2000-01-01 00:00:06.700
  > Satellites............. 1584
  > Ground stations........ 101
  > Max. range GSL......... 1089686.4181956202m
  > Max. range ISL......... 5016591.233098428m

ISL INFORMATION
FORWARDING STATE AT T = 18000000000ns (= 18.0 seconds)

BASIC INFORMATION
  > Epoch.................. 2000-01-01 00:00:00.000
  > Time since epoch....... 18000000000 ns
  > Absolute time.......... 2000-01-01 00:00:18.000
  > Satellites............. 1584
  > Ground stations........ 101
  > Max. range GSL......... 1089686.4181956202m
  > Max. range ISL......... 5016591.233098428m

ISL INFORMATION
  > Total ISLs............. 3167
  > Min. ISLs/satellite.... 3
  > Max. ISLs/satellite.... 4

GSL INTERFACE INFORMATION
  > Min. GSL IFs/satellite........ 1
  > Max. GSL IFs/satellite........ 1
  > Min. GSL IFs/ground station... 1
  > Max. GSL IFs/ground_station... 1

GSL IN-RANGE INFORMATION
  > Min. satellites in range... 4
  > Max. satellites in range... 20
[MODE] SP_OVER_PID_QUOTIENT=True
  > Calculating Floyd-Warshall for graph without ground-station relays
  > Writing forwarding state to: gen_data/starlink_550_isls_failure_l1_ground_stations_top_100_with_hsinchu_algorithm_hierarchical_virtual_gid_27deg_k8/dynamic_state_100ms_for_20s/fstate_18000000000.txt
  > [SIGNALING] 累計統計: 4 事件, 0 字節
FORWARDING STATE AT T = 18100000000ns (= 18.1 seconds)

BASIC INFORMATION
  > Epoch.................. 2000-01-01 00:00:00.000
  > Time since epoch....... 18100000000 ns
  > Absolute time.......... 2000-01-01 00:00:18.100
  > Satellites............. 1584
  > Ground stations........ 101
  > Max. range GSL......... 1089686.4181956202m
  > Max. range ISL......... 5016591.233098428m

ISL INFORMATION
  > Total ISLs............. 3167
  > Min. ISLs/satellite.... 3
  > Max. ISLs/satellite.... 4

GSL INTERFACE INFORMATION
  > Min. GSL IFs/satellite........ 1
  > Max. GSL IFs/satellite........ 1
  > Min. GSL IFs/ground station... 1
  > Max. GSL IFs/ground_station... 1

GSL IN-RANGE INFORMATION
  > Min. satellites in range... 4
  > Max. satellites in range... 20
[MODE] SP_OVER_PID_QUOTIENT=True
  > Calculating Floyd-Warshall for graph without ground-station relays
  > Writing forwarding state to: gen_data/starlink_550_isls_failure_l1_ground_stations_top_100_with_hsinchu_algorithm_hierarchical_virtual_gid_27deg_k8/dynamic_state_100ms_for_20s/fstate_18100000000.txt
  > [SIGNALING] 累計統計: 6 事件, 0 字節
FORWARDING STATE AT T = 18200000000ns (= 18.2 seconds)

BASIC INFORMATION
  > Epoch.................. 2000-01-01 00:00:00.000
  > Time since epoch....... 18200000000 ns
  > Absolute time.......... 2000-01-01 00:00:18.200
  > Satellites............. 1584
  > Ground stations........ 101
  > Max. range GSL......... 1089686.4181956202m
  > Max. range ISL......... 5016591.233098428m

ISL INFORMATION
  > Total ISLs............. 3167
  > Min. ISLs/satellite.... 3
  > Max. ISLs/satellite.... 4

GSL INTERFACE INFORMATION
  > Min. GSL IFs/satellite........ 1
  > Max. GSL IFs/satellite........ 1
  > Min. GSL IFs/ground station... 1
  > Max. GSL IFs/ground_station... 1

GSL IN-RANGE INFORMATION
  > Min. satellites in range... 4
  > Max. satellites in range... 20
[MODE] SP_OVER_PID_QUOTIENT=True
  > Calculating Floyd-Warshall for graph without ground-station relays
  > Writing forwarding state to: gen_data/starlink_550_isls_failure_l1_ground_stations_top_100_with_hsinchu_algorithm_hierarchical_virtual_gid_27deg_k8/dynamic_state_100ms_for_20s/fstate_18200000000.txt
  > [SIGNALING] 累計統計: 8 事件, 0 字節
FORWARDING STATE AT T = 18300000000ns (= 18.3 seconds)

BASIC INFORMATION
  > Epoch.................. 2000-01-01 00:00:00.000
  > Time since epoch....... 18300000000 ns
  > Absolute time.......... 2000-01-01 00:00:18.300
  > Satellites............. 1584
  > Ground stations........ 101
  > Max. range GSL......... 1089686.4181956202m
  > Max. range ISL......... 5016591.233098428m

ISL INFORMATION
  > Total ISLs............. 3167
  > Min. ISLs/satellite.... 3
  > Max. ISLs/satellite.... 4

GSL INTERFACE INFORMATION
  > Min. GSL IFs/satellite........ 1
  > Max. GSL IFs/satellite........ 1
  > Min. GSL IFs/ground station... 1
  > Max. GSL IFs/ground_station... 1

GSL IN-RANGE INFORMATION
  > Min. satellites in range... 4
  > Max. satellites in range... 20
[MODE] SP_OVER_PID_QUOTIENT=True
  > Calculating Floyd-Warshall for graph without ground-station relays
  > Writing forwarding state to: gen_data/starlink_550_isls_failure_l1_ground_stations_top_100_with_hsinchu_algorithm_hierarchical_virtual_gid_27deg_k8/dynamic_state_100ms_for_20s/fstate_18300000000.txt
  > [SIGNALING] 累計統計: 10 事件, 0 字節
FORWARDING STATE AT T = 18400000000ns (= 18.4 seconds)

BASIC INFORMATION
  > Epoch.................. 2000-01-01 00:00:00.000
  > Time since epoch....... 18400000000 ns
  > Absolute time.......... 2000-01-01 00:00:18.400
  > Satellites............. 1584
  > Ground stations........ 101
  > Max. range GSL......... 1089686.4181956202m
  > Max. range ISL......... 5016591.233098428m

ISL INFORMATION
  > Total ISLs............. 3167
  > Min. ISLs/satellite.... 3
  > Max. ISLs/satellite.... 4

GSL INTERFACE INFORMATION
  > Min. GSL IFs/satellite........ 1
  > Max. GSL IFs/satellite........ 1
  > Min. GSL IFs/ground station... 1
  > Max. GSL IFs/ground_station... 1

GSL IN-RANGE INFORMATION
  > Min. satellites in range... 4
  > Max. satellites in range... 20
[MODE] SP_OVER_PID_QUOTIENT=True
  > Calculating Floyd-Warshall for graph without ground-station relays
  > Writing forwarding state to: gen_data/starlink_550_isls_failure_l1_ground_stations_top_100_with_hsinchu_algorithm_hierarchical_virtual_gid_27deg_k8/dynamic_state_100ms_for_20s/fstate_18400000000.txt
  > [SIGNALING] 累計統計: 12 事件, 0 字節
FORWARDING STATE AT T = 18500000000ns (= 18.5 seconds)

BASIC INFORMATION
  > Epoch.................. 2000-01-01 00:00:00.000
  > Time since epoch....... 18500000000 ns
  > Absolute time.......... 2000-01-01 00:00:18.500
  > Satellites............. 1584
  > Ground stations........ 101
  > Max. range GSL......... 1089686.4181956202m
  > Max. range ISL......... 5016591.233098428m

ISL INFORMATION
  > Total ISLs............. 3167
  > Min. ISLs/satellite.... 3
  > Max. ISLs/satellite.... 4

GSL INTERFACE INFORMATION
  > Min. GSL IFs/satellite........ 1
  > Max. GSL IFs/satellite........ 1
  > Min. GSL IFs/ground station... 1
  > Max. GSL IFs/ground_station... 1

GSL IN-RANGE INFORMATION
  > Min. satellites in range... 4
  > Max. satellites in range... 20
[MODE] SP_OVER_PID_QUOTIENT=True
  > Calculating Floyd-Warshall for graph without ground-station relays
  > Writing forwarding state to: gen_data/starlink_550_isls_failure_l1_ground_stations_top_100_with_hsinchu_algorithm_hierarchical_virtual_gid_27deg_k8/dynamic_state_100ms_for_20s/fstate_18500000000.txt
  > [SIGNALING] 累計統計: 14 事件, 0 字節
FORWARDING STATE AT T = 18600000000ns (= 18.6 seconds)

BASIC INFORMATION
  > Epoch.................. 2000-01-01 00:00:00.000
  > Time since epoch....... 18600000000 ns
  > Absolute time.......... 2000-01-01 00:00:18.600
  > Satellites............. 1584
  > Ground stations........ 101
  > Max. range GSL......... 1089686.4181956202m
  > Max. range ISL......... 5016591.233098428m

ISL INFORMATION
  > Total ISLs............. 3167
  > Min. ISLs/satellite.... 3
  > Max. ISLs/satellite.... 4

GSL INTERFACE INFORMATION
  > Min. GSL IFs/satellite........ 1
  > Max. GSL IFs/satellite........ 1
  > Min. GSL IFs/ground station... 1
  > Max. GSL IFs/ground_station... 1

GSL IN-RANGE INFORMATION
  > Min. satellites in range... 4
  > Max. satellites in range... 20
[MODE] SP_OVER_PID_QUOTIENT=True
  > Calculating Floyd-Warshall for graph without ground-station relays
  > Writing forwarding state to: gen_data/starlink_550_isls_failure_l1_ground_stations_top_100_with_hsinchu_algorithm_hierarchical_virtual_gid_27deg_k8/dynamic_state_100ms_for_20s/fstate_18600000000.txt
  > [SIGNALING] 累計統計: 16 事件, 0 字節
FORWARDING STATE AT T = 18700000000ns (= 18.7 seconds)

BASIC INFORMATION
  > Epoch.................. 2000-01-01 00:00:00.000
  > Time since epoch....... 18700000000 ns
  > Absolute time.......... 2000-01-01 00:00:18.700
  > Satellites............. 1584
  > Ground stations........ 101
  > Max. range GSL......... 1089686.4181956202m
FORWARDING STATE AT T = 4000000000ns (= 4.0 seconds)

BASIC INFORMATION
  > Epoch.................. 2000-01-01 00:00:00.000
  > Time since epoch....... 4000000000 ns
  > Absolute time.......... 2000-01-01 00:00:04.000
  > Satellites............. 1584
  > Ground stations........ 101
  > Max. range GSL......... 1089686.4181956202m
  > Max. range ISL......... 5016591.233098428m

ISL INFORMATION
  > Total ISLs............. 3167
  > Min. ISLs/satellite.... 3
  > Max. ISLs/satellite.... 4

GSL INTERFACE INFORMATION
  > Min. GSL IFs/satellite........ 1
  > Max. GSL IFs/satellite........ 1
  > Min. GSL IFs/ground station... 1
  > Max. GSL IFs/ground_station... 1

GSL IN-RANGE INFORMATION
  > Min. satellites in range... 4
  > Max. satellites in range... 20
[MODE] SP_OVER_PID_QUOTIENT=True
  > Calculating Floyd-Warshall for graph without ground-station relays
  > Writing forwarding state to: gen_data/starlink_550_isls_failure_l1_ground_stations_top_100_with_hsinchu_algorithm_hierarchical_virtual_gid_27deg_k8/dynamic_state_100ms_for_20s/fstate_4000000000.txt
  > [SIGNALING] 累計統計: 4 事件, 0 字節
FORWARDING STATE AT T = 4100000000ns (= 4.1 seconds)

BASIC INFORMATION
  > Epoch.................. 2000-01-01 00:00:00.000
  > Time since epoch....... 4100000000 ns
  > Absolute time.......... 2000-01-01 00:00:04.100
  > Satellites............. 1584
  > Ground stations........ 101
  > Max. range GSL......... 1089686.4181956202m
  > Max. range ISL......... 5016591.233098428m

ISL INFORMATION
  > Total ISLs............. 3167
  > Min. ISLs/satellite.... 3
  > Max. ISLs/satellite.... 4

GSL INTERFACE INFORMATION
  > Min. GSL IFs/satellite........ 1
  > Max. GSL IFs/satellite........ 1
  > Min. GSL IFs/ground station... 1
  > Max. GSL IFs/ground_station... 1

GSL IN-RANGE INFORMATION
  > Min. satellites in range... 4
  > Max. satellites in range... 20
[MODE] SP_OVER_PID_QUOTIENT=True
  > Calculating Floyd-Warshall for graph without ground-station relays
  > Writing forwarding state to: gen_data/starlink_550_isls_failure_l1_ground_stations_top_100_with_hsinchu_algorithm_hierarchical_virtual_gid_27deg_k8/dynamic_state_100ms_for_20s/fstate_4100000000.txt
  > [SIGNALING] 累計統計: 6 事件, 0 字節
FORWARDING STATE AT T = 4200000000ns (= 4.2 seconds)

BASIC INFORMATION
  > Epoch.................. 2000-01-01 00:00:00.000
  > Time since epoch....... 4200000000 ns
  > Absolute time.......... 2000-01-01 00:00:04.200
  > Satellites............. 1584
  > Ground stations........ 101
  > Max. range GSL......... 1089686.4181956202m
  > Max. range ISL......... 5016591.233098428m

ISL INFORMATION
  > Total ISLs............. 3167
  > Min. ISLs/satellite.... 3
  > Max. ISLs/satellite.... 4

GSL INTERFACE INFORMATION
  > Min. GSL IFs/satellite........ 1
  > Max. GSL IFs/satellite........ 1
  > Min. GSL IFs/ground station... 1
  > Max. GSL IFs/ground_station... 1

GSL IN-RANGE INFORMATION
  > Min. satellites in range... 4
  > Max. satellites in range... 20
[MODE] SP_OVER_PID_QUOTIENT=True
  > Calculating Floyd-Warshall for graph without ground-station relays
  > Writing forwarding state to: gen_data/starlink_550_isls_failure_l1_ground_stations_top_100_with_hsinchu_algorithm_hierarchical_virtual_gid_27deg_k8/dynamic_state_100ms_for_20s/fstate_4200000000.txt
  > [SIGNALING] 累計統計: 8 事件, 0 字節
FORWARDING STATE AT T = 4300000000ns (= 4.3 seconds)

BASIC INFORMATION
  > Epoch.................. 2000-01-01 00:00:00.000
  > Time since epoch....... 4300000000 ns
  > Absolute time.......... 2000-01-01 00:00:04.300
  > Satellites............. 1584
  > Ground stations........ 101
  > Max. range GSL......... 1089686.4181956202m
  > Max. range ISL......... 5016591.233098428m

ISL INFORMATION
  > Total ISLs............. 3167
  > Min. ISLs/satellite.... 3
  > Max. ISLs/satellite.... 4

GSL INTERFACE INFORMATION
  > Min. GSL IFs/satellite........ 1
  > Max. GSL IFs/satellite........ 1
  > Min. GSL IFs/ground station... 1
  > Max. GSL IFs/ground_station... 1

GSL IN-RANGE INFORMATION
  > Min. satellites in range... 4
  > Max. satellites in range... 20
[MODE] SP_OVER_PID_QUOTIENT=True
  > Calculating Floyd-Warshall for graph without ground-station relays
  > Writing forwarding state to: gen_data/starlink_550_isls_failure_l1_ground_stations_top_100_with_hsinchu_algorithm_hierarchical_virtual_gid_27deg_k8/dynamic_state_100ms_for_20s/fstate_4300000000.txt
  > [SIGNALING] 累計統計: 10 事件, 0 字節
FORWARDING STATE AT T = 4400000000ns (= 4.4 seconds)

BASIC INFORMATION
  > Epoch.................. 2000-01-01 00:00:00.000
  > Time since epoch....... 4400000000 ns
  > Absolute time.......... 2000-01-01 00:00:04.400
  > Satellites............. 1584
  > Ground stations........ 101
  > Max. range GSL......... 1089686.4181956202m
  > Max. range ISL......... 5016591.233098428m

ISL INFORMATION
  > Total ISLs............. 3167
  > Min. ISLs/satellite.... 3
  > Max. ISLs/satellite.... 4

GSL INTERFACE INFORMATION
  > Min. GSL IFs/satellite........ 1
  > Max. GSL IFs/satellite........ 1
  > Min. GSL IFs/ground station... 1
  > Max. GSL IFs/ground_station... 1

GSL IN-RANGE INFORMATION
  > Min. satellites in range... 4
  > Max. satellites in range... 20
[MODE] SP_OVER_PID_QUOTIENT=True
  > Calculating Floyd-Warshall for graph without ground-station relays
  > Writing forwarding state to: gen_data/starlink_550_isls_failure_l1_ground_stations_top_100_with_hsinchu_algorithm_hierarchical_virtual_gid_27deg_k8/dynamic_state_100ms_for_20s/fstate_4400000000.txt
  > [SIGNALING] 累計統計: 12 事件, 0 字節
FORWARDING STATE AT T = 4500000000ns (= 4.5 seconds)

BASIC INFORMATION
  > Epoch.................. 2000-01-01 00:00:00.000
  > Time since epoch....... 4500000000 ns
  > Absolute time.......... 2000-01-01 00:00:04.500
  > Satellites............. 1584
  > Ground stations........ 101
  > Max. range GSL......... 1089686.4181956202m
  > Max. range ISL......... 5016591.233098428m

ISL INFORMATION
  > Total ISLs............. 3167
  > Min. ISLs/satellite.... 3
  > Max. ISLs/satellite.... 4

GSL INTERFACE INFORMATION
  > Min. GSL IFs/satellite........ 1
  > Max. GSL IFs/satellite........ 1
  > Min. GSL IFs/ground station... 1
  > Max. GSL IFs/ground_station... 1

GSL IN-RANGE INFORMATION
  > Min. satellites in range... 4
  > Max. satellites in range... 20
[MODE] SP_OVER_PID_QUOTIENT=True
  > Calculating Floyd-Warshall for graph without ground-station relays
  > Writing forwarding state to: gen_data/starlink_550_isls_failure_l1_ground_stations_top_100_with_hsinchu_algorithm_hierarchical_virtual_gid_27deg_k8/dynamic_state_100ms_for_20s/fstate_4500000000.txt
  > [SIGNALING] 累計統計: 14 事件, 0 字節
FORWARDING STATE AT T = 4600000000ns (= 4.6 seconds)

BASIC INFORMATION
  > Epoch.................. 2000-01-01 00:00:00.000
  > Time since epoch....... 4600000000 ns
  > Absolute time.......... 2000-01-01 00:00:04.600
  > Satellites............. 1584
  > Ground stations........ 101
  > Max. range GSL......... 1089686.4181956202m
  > Max. range ISL......... 5016591.233098428m

ISL INFORMATION
  > Total ISLs............. 3167
  > Min. ISLs/satellite.... 3
  > Max. ISLs/satellite.... 4

GSL INTERFACE INFORMATION
  > Min. GSL IFs/satellite........ 1
  > Max. GSL IFs/satellite........ 1
  > Min. GSL IFs/ground station... 1
  > Max. GSL IFs/ground_station... 1

GSL IN-RANGE INFORMATION
  > Min. satellites in range... 4
  > Max. satellites in range... 20
[MODE] SP_OVER_PID_QUOTIENT=True
  > Calculating Floyd-Warshall for graph without ground-station relays
  > Writing forwarding state to: gen_data/starlink_550_isls_failure_l1_ground_stations_top_100_with_hsinchu_algorithm_hierarchical_virtual_gid_27deg_k8/dynamic_state_100ms_for_20s/fstate_4600000000.txt
  > [SIGNALING] 累計統計: 16 事件, 0 字節
FORWARDING STATE AT T = 4700000000ns (= 4.7 seconds)

BASIC INFORMATION
  > Epoch.................. 2000-01-01 00:00:00.000
  > Time since epoch....... 4700000000 ns
  > Absolute time.......... 2000-01-01 00:00:04.700
  > Satellites............. 1584
  > Ground stations........ 101
  > Max. range GSL......... 1089686.4181956202m
  > Max. range ISL......... 5016591.233098428m

ISL INFORMATION
FORWARDING STATE AT T = 14000000000ns (= 14.0 seconds)

BASIC INFORMATION
  > Epoch.................. 2000-01-01 00:00:00.000
  > Time since epoch....... 14000000000 ns
  > Absolute time.......... 2000-01-01 00:00:14.000
  > Satellites............. 1584
  > Ground stations........ 101
  > Max. range GSL......... 1089686.4181956202m
  > Max. range ISL......... 5016591.233098428m

ISL INFORMATION
  > Total ISLs............. 3167
  > Min. ISLs/satellite.... 3
  > Max. ISLs/satellite.... 4

GSL INTERFACE INFORMATION
  > Min. GSL IFs/satellite........ 1
  > Max. GSL IFs/satellite........ 1
  > Min. GSL IFs/ground station... 1
  > Max. GSL IFs/ground_station... 1

GSL IN-RANGE INFORMATION
  > Min. satellites in range... 4
  > Max. satellites in range... 20
[MODE] SP_OVER_PID_QUOTIENT=True
  > Calculating Floyd-Warshall for graph without ground-station relays
  > Writing forwarding state to: gen_data/starlink_550_isls_failure_l1_ground_stations_top_100_with_hsinchu_algorithm_hierarchical_virtual_gid_27deg_k8/dynamic_state_100ms_for_20s/fstate_14000000000.txt
  > [SIGNALING] 累計統計: 4 事件, 0 字節
FORWARDING STATE AT T = 14100000000ns (= 14.1 seconds)

BASIC INFORMATION
  > Epoch.................. 2000-01-01 00:00:00.000
  > Time since epoch....... 14100000000 ns
  > Absolute time.......... 2000-01-01 00:00:14.100
  > Satellites............. 1584
  > Ground stations........ 101
  > Max. range GSL......... 1089686.4181956202m
  > Max. range ISL......... 5016591.233098428m

ISL INFORMATION
  > Total ISLs............. 3167
  > Min. ISLs/satellite.... 3
  > Max. ISLs/satellite.... 4

GSL INTERFACE INFORMATION
  > Min. GSL IFs/satellite........ 1
  > Max. GSL IFs/satellite........ 1
  > Min. GSL IFs/ground station... 1
  > Max. GSL IFs/ground_station... 1

GSL IN-RANGE INFORMATION
  > Min. satellites in range... 4
  > Max. satellites in range... 20
[MODE] SP_OVER_PID_QUOTIENT=True
  > Calculating Floyd-Warshall for graph without ground-station relays
  > Writing forwarding state to: gen_data/starlink_550_isls_failure_l1_ground_stations_top_100_with_hsinchu_algorithm_hierarchical_virtual_gid_27deg_k8/dynamic_state_100ms_for_20s/fstate_14100000000.txt
  > [SIGNALING] 累計統計: 6 事件, 0 字節
FORWARDING STATE AT T = 14200000000ns (= 14.2 seconds)

BASIC INFORMATION
  > Epoch.................. 2000-01-01 00:00:00.000
  > Time since epoch....... 14200000000 ns
  > Absolute time.......... 2000-01-01 00:00:14.200
  > Satellites............. 1584
  > Ground stations........ 101
  > Max. range GSL......... 1089686.4181956202m
  > Max. range ISL......... 5016591.233098428m

ISL INFORMATION
  > Total ISLs............. 3167
  > Min. ISLs/satellite.... 3
  > Max. ISLs/satellite.... 4

GSL INTERFACE INFORMATION
  > Min. GSL IFs/satellite........ 1
  > Max. GSL IFs/satellite........ 1
  > Min. GSL IFs/ground station... 1
  > Max. GSL IFs/ground_station... 1

GSL IN-RANGE INFORMATION
  > Min. satellites in range... 4
  > Max. satellites in range... 20
[MODE] SP_OVER_PID_QUOTIENT=True
  > Calculating Floyd-Warshall for graph without ground-station relays
  > Writing forwarding state to: gen_data/starlink_550_isls_failure_l1_ground_stations_top_100_with_hsinchu_algorithm_hierarchical_virtual_gid_27deg_k8/dynamic_state_100ms_for_20s/fstate_14200000000.txt
  > [SIGNALING] 累計統計: 8 事件, 0 字節
FORWARDING STATE AT T = 14300000000ns (= 14.3 seconds)

BASIC INFORMATION
  > Epoch.................. 2000-01-01 00:00:00.000
  > Time since epoch....... 14300000000 ns
  > Absolute time.......... 2000-01-01 00:00:14.300
  > Satellites............. 1584
  > Ground stations........ 101
  > Max. range GSL......... 1089686.4181956202m
  > Max. range ISL......... 5016591.233098428m

ISL INFORMATION
  > Total ISLs............. 3167
  > Min. ISLs/satellite.... 3
  > Max. ISLs/satellite.... 4

GSL INTERFACE INFORMATION
  > Min. GSL IFs/satellite........ 1
  > Max. GSL IFs/satellite........ 1
  > Min. GSL IFs/ground station... 1
  > Max. GSL IFs/ground_station... 1

GSL IN-RANGE INFORMATION
  > Min. satellites in range... 4
  > Max. satellites in range... 20
[MODE] SP_OVER_PID_QUOTIENT=True
  > Calculating Floyd-Warshall for graph without ground-station relays
  > Writing forwarding state to: gen_data/starlink_550_isls_failure_l1_ground_stations_top_100_with_hsinchu_algorithm_hierarchical_virtual_gid_27deg_k8/dynamic_state_100ms_for_20s/fstate_14300000000.txt
  > [SIGNALING] 累計統計: 10 事件, 0 字節
FORWARDING STATE AT T = 14400000000ns (= 14.4 seconds)

BASIC INFORMATION
  > Epoch.................. 2000-01-01 00:00:00.000
  > Time since epoch....... 14400000000 ns
  > Absolute time.......... 2000-01-01 00:00:14.400
  > Satellites............. 1584
  > Ground stations........ 101
  > Max. range GSL......... 1089686.4181956202m
  > Max. range ISL......... 5016591.233098428m

ISL INFORMATION
  > Total ISLs............. 3167
  > Min. ISLs/satellite.... 3
  > Max. ISLs/satellite.... 4

GSL INTERFACE INFORMATION
  > Min. GSL IFs/satellite........ 1
  > Max. GSL IFs/satellite........ 1
  > Min. GSL IFs/ground station... 1
  > Max. GSL IFs/ground_station... 1

GSL IN-RANGE INFORMATION
  > Min. satellites in range... 4
  > Max. satellites in range... 20
[MODE] SP_OVER_PID_QUOTIENT=True
  > Calculating Floyd-Warshall for graph without ground-station relays
  > Writing forwarding state to: gen_data/starlink_550_isls_failure_l1_ground_stations_top_100_with_hsinchu_algorithm_hierarchical_virtual_gid_27deg_k8/dynamic_state_100ms_for_20s/fstate_14400000000.txt
  > [SIGNALING] 累計統計: 12 事件, 0 字節
FORWARDING STATE AT T = 14500000000ns (= 14.5 seconds)

BASIC INFORMATION
  > Epoch.................. 2000-01-01 00:00:00.000
  > Time since epoch....... 14500000000 ns
  > Absolute time.......... 2000-01-01 00:00:14.500
  > Satellites............. 1584
  > Ground stations........ 101
  > Max. range GSL......... 1089686.4181956202m
  > Max. range ISL......... 5016591.233098428m

ISL INFORMATION
  > Total ISLs............. 3167
  > Min. ISLs/satellite.... 3
  > Max. ISLs/satellite.... 4

GSL INTERFACE INFORMATION
  > Min. GSL IFs/satellite........ 1
  > Max. GSL IFs/satellite........ 1
  > Min. GSL IFs/ground station... 1
  > Max. GSL IFs/ground_station... 1

GSL IN-RANGE INFORMATION
  > Min. satellites in range... 4
  > Max. satellites in range... 20
[MODE] SP_OVER_PID_QUOTIENT=True
  > Calculating Floyd-Warshall for graph without ground-station relays
  > Writing forwarding state to: gen_data/starlink_550_isls_failure_l1_ground_stations_top_100_with_hsinchu_algorithm_hierarchical_virtual_gid_27deg_k8/dynamic_state_100ms_for_20s/fstate_14500000000.txt
  > [SIGNALING] 累計統計: 14 事件, 0 字節
FORWARDING STATE AT T = 14600000000ns (= 14.6 seconds)

BASIC INFORMATION
  > Epoch.................. 2000-01-01 00:00:00.000
  > Time since epoch....... 14600000000 ns
  > Absolute time.......... 2000-01-01 00:00:14.600
  > Satellites............. 1584
  > Ground stations........ 101
  > Max. range GSL......... 1089686.4181956202m
  > Max. range ISL......... 5016591.233098428m

ISL INFORMATION
  > Total ISLs............. 3167
  > Min. ISLs/satellite.... 3
  > Max. ISLs/satellite.... 4

GSL INTERFACE INFORMATION
  > Min. GSL IFs/satellite........ 1
  > Max. GSL IFs/satellite........ 1
  > Min. GSL IFs/ground station... 1
  > Max. GSL IFs/ground_station... 1

GSL IN-RANGE INFORMATION
  > Min. satellites in range... 4
  > Max. satellites in range... 20
[MODE] SP_OVER_PID_QUOTIENT=True
  > Calculating Floyd-Warshall for graph without ground-station relays
  > Writing forwarding state to: gen_data/starlink_550_isls_failure_l1_ground_stations_top_100_with_hsinchu_algorithm_hierarchical_virtual_gid_27deg_k8/dynamic_state_100ms_for_20s/fstate_14600000000.txt
  > [SIGNALING] 累計統計: 16 事件, 0 字節
FORWARDING STATE AT T = 14700000000ns (= 14.7 seconds)

BASIC INFORMATION
  > Epoch.................. 2000-01-01 00:00:00.000
  > Time since epoch....... 14700000000 ns
  > Absolute time.......... 2000-01-01 00:00:14.700
  > Satellites............. 1584
  > Ground stations........ 101
  > Max. range GSL......... 1089686.4181956202m
FORWARDING STATE AT T = 16000000000ns (= 16.0 seconds)

BASIC INFORMATION
  > Epoch.................. 2000-01-01 00:00:00.000
  > Time since epoch....... 16000000000 ns
  > Absolute time.......... 2000-01-01 00:00:16.000
  > Satellites............. 1584
  > Ground stations........ 101
  > Max. range GSL......... 1089686.4181956202m
  > Max. range ISL......... 5016591.233098428m

ISL INFORMATION
  > Total ISLs............. 3167
  > Min. ISLs/satellite.... 3
  > Max. ISLs/satellite.... 4

GSL INTERFACE INFORMATION
  > Min. GSL IFs/satellite........ 1
  > Max. GSL IFs/satellite........ 1
  > Min. GSL IFs/ground station... 1
  > Max. GSL IFs/ground_station... 1

GSL IN-RANGE INFORMATION
  > Min. satellites in range... 4
  > Max. satellites in range... 20
[MODE] SP_OVER_PID_QUOTIENT=True
  > Calculating Floyd-Warshall for graph without ground-station relays
  > Writing forwarding state to: gen_data/starlink_550_isls_failure_l1_ground_stations_top_100_with_hsinchu_algorithm_hierarchical_virtual_gid_27deg_k8/dynamic_state_100ms_for_20s/fstate_16000000000.txt
  > [SIGNALING] 累計統計: 4 事件, 0 字節
FORWARDING STATE AT T = 16100000000ns (= 16.1 seconds)

BASIC INFORMATION
  > Epoch.................. 2000-01-01 00:00:00.000
  > Time since epoch....... 16100000000 ns
  > Absolute time.......... 2000-01-01 00:00:16.100
  > Satellites............. 1584
  > Ground stations........ 101
  > Max. range GSL......... 1089686.4181956202m
  > Max. range ISL......... 5016591.233098428m

ISL INFORMATION
  > Total ISLs............. 3167
  > Min. ISLs/satellite.... 3
  > Max. ISLs/satellite.... 4

GSL INTERFACE INFORMATION
  > Min. GSL IFs/satellite........ 1
  > Max. GSL IFs/satellite........ 1
  > Min. GSL IFs/ground station... 1
  > Max. GSL IFs/ground_station... 1

GSL IN-RANGE INFORMATION
  > Min. satellites in range... 4
  > Max. satellites in range... 20
[MODE] SP_OVER_PID_QUOTIENT=True
  > Calculating Floyd-Warshall for graph without ground-station relays
  > Writing forwarding state to: gen_data/starlink_550_isls_failure_l1_ground_stations_top_100_with_hsinchu_algorithm_hierarchical_virtual_gid_27deg_k8/dynamic_state_100ms_for_20s/fstate_16100000000.txt
  > [SIGNALING] 累計統計: 6 事件, 0 字節
FORWARDING STATE AT T = 16200000000ns (= 16.2 seconds)

BASIC INFORMATION
  > Epoch.................. 2000-01-01 00:00:00.000
  > Time since epoch....... 16200000000 ns
  > Absolute time.......... 2000-01-01 00:00:16.200
  > Satellites............. 1584
  > Ground stations........ 101
  > Max. range GSL......... 1089686.4181956202m
  > Max. range ISL......... 5016591.233098428m

ISL INFORMATION
  > Total ISLs............. 3167
  > Min. ISLs/satellite.... 3
  > Max. ISLs/satellite.... 4

GSL INTERFACE INFORMATION
  > Min. GSL IFs/satellite........ 1
  > Max. GSL IFs/satellite........ 1
  > Min. GSL IFs/ground station... 1
  > Max. GSL IFs/ground_station... 1

GSL IN-RANGE INFORMATION
  > Min. satellites in range... 4
  > Max. satellites in range... 20
[MODE] SP_OVER_PID_QUOTIENT=True
  > Calculating Floyd-Warshall for graph without ground-station relays
  > Writing forwarding state to: gen_data/starlink_550_isls_failure_l1_ground_stations_top_100_with_hsinchu_algorithm_hierarchical_virtual_gid_27deg_k8/dynamic_state_100ms_for_20s/fstate_16200000000.txt
  > [SIGNALING] 累計統計: 8 事件, 0 字節
FORWARDING STATE AT T = 16300000000ns (= 16.3 seconds)

BASIC INFORMATION
  > Epoch.................. 2000-01-01 00:00:00.000
  > Time since epoch....... 16300000000 ns
  > Absolute time.......... 2000-01-01 00:00:16.300
  > Satellites............. 1584
  > Ground stations........ 101
  > Max. range GSL......... 1089686.4181956202m
  > Max. range ISL......... 5016591.233098428m

ISL INFORMATION
  > Total ISLs............. 3167
  > Min. ISLs/satellite.... 3
  > Max. ISLs/satellite.... 4

GSL INTERFACE INFORMATION
  > Min. GSL IFs/satellite........ 1
  > Max. GSL IFs/satellite........ 1
  > Min. GSL IFs/ground station... 1
  > Max. GSL IFs/ground_station... 1

GSL IN-RANGE INFORMATION
  > Min. satellites in range... 4
  > Max. satellites in range... 20
[MODE] SP_OVER_PID_QUOTIENT=True
  > Calculating Floyd-Warshall for graph without ground-station relays
  > Writing forwarding state to: gen_data/starlink_550_isls_failure_l1_ground_stations_top_100_with_hsinchu_algorithm_hierarchical_virtual_gid_27deg_k8/dynamic_state_100ms_for_20s/fstate_16300000000.txt
  > [SIGNALING] 累計統計: 10 事件, 0 字節
FORWARDING STATE AT T = 16400000000ns (= 16.4 seconds)

BASIC INFORMATION
  > Epoch.................. 2000-01-01 00:00:00.000
  > Time since epoch....... 16400000000 ns
  > Absolute time.......... 2000-01-01 00:00:16.400
  > Satellites............. 1584
  > Ground stations........ 101
  > Max. range GSL......... 1089686.4181956202m
  > Max. range ISL......... 5016591.233098428m

ISL INFORMATION
  > Total ISLs............. 3167
  > Min. ISLs/satellite.... 3
  > Max. ISLs/satellite.... 4

GSL INTERFACE INFORMATION
  > Min. GSL IFs/satellite........ 1
  > Max. GSL IFs/satellite........ 1
  > Min. GSL IFs/ground station... 1
  > Max. GSL IFs/ground_station... 1

GSL IN-RANGE INFORMATION
  > Min. satellites in range... 4
  > Max. satellites in range... 20
[MODE] SP_OVER_PID_QUOTIENT=True
  > Calculating Floyd-Warshall for graph without ground-station relays
  > Writing forwarding state to: gen_data/starlink_550_isls_failure_l1_ground_stations_top_100_with_hsinchu_algorithm_hierarchical_virtual_gid_27deg_k8/dynamic_state_100ms_for_20s/fstate_16400000000.txt
  > [SIGNALING] 累計統計: 12 事件, 0 字節
FORWARDING STATE AT T = 16500000000ns (= 16.5 seconds)

BASIC INFORMATION
  > Epoch.................. 2000-01-01 00:00:00.000
  > Time since epoch....... 16500000000 ns
  > Absolute time.......... 2000-01-01 00:00:16.500
  > Satellites............. 1584
  > Ground stations........ 101
  > Max. range GSL......... 1089686.4181956202m
  > Max. range ISL......... 5016591.233098428m

ISL INFORMATION
  > Total ISLs............. 3167
  > Min. ISLs/satellite.... 3
  > Max. ISLs/satellite.... 4

GSL INTERFACE INFORMATION
  > Min. GSL IFs/satellite........ 1
  > Max. GSL IFs/satellite........ 1
  > Min. GSL IFs/ground station... 1
  > Max. GSL IFs/ground_station... 1

GSL IN-RANGE INFORMATION
  > Min. satellites in range... 4
  > Max. satellites in range... 20
[MODE] SP_OVER_PID_QUOTIENT=True
  > Calculating Floyd-Warshall for graph without ground-station relays
  > Writing forwarding state to: gen_data/starlink_550_isls_failure_l1_ground_stations_top_100_with_hsinchu_algorithm_hierarchical_virtual_gid_27deg_k8/dynamic_state_100ms_for_20s/fstate_16500000000.txt
  > [SIGNALING] 累計統計: 14 事件, 0 字節
FORWARDING STATE AT T = 16600000000ns (= 16.6 seconds)

BASIC INFORMATION
  > Epoch.................. 2000-01-01 00:00:00.000
  > Time since epoch....... 16600000000 ns
  > Absolute time.......... 2000-01-01 00:00:16.600
  > Satellites............. 1584
  > Ground stations........ 101
  > Max. range GSL......... 1089686.4181956202m
  > Max. range ISL......... 5016591.233098428m

ISL INFORMATION
  > Total ISLs............. 3167
  > Min. ISLs/satellite.... 3
  > Max. ISLs/satellite.... 4

GSL INTERFACE INFORMATION
  > Min. GSL IFs/satellite........ 1
  > Max. GSL IFs/satellite........ 1
  > Min. GSL IFs/ground station... 1
  > Max. GSL IFs/ground_station... 1

GSL IN-RANGE INFORMATION
  > Min. satellites in range... 4
  > Max. satellites in range... 20
[MODE] SP_OVER_PID_QUOTIENT=True
  > Calculating Floyd-Warshall for graph without ground-station relays
  > Writing forwarding state to: gen_data/starlink_550_isls_failure_l1_ground_stations_top_100_with_hsinchu_algorithm_hierarchical_virtual_gid_27deg_k8/dynamic_state_100ms_for_20s/fstate_16600000000.txt
  > [SIGNALING] 累計統計: 16 事件, 0 字節
FORWARDING STATE AT T = 16700000000ns (= 16.7 seconds)

BASIC INFORMATION
  > Epoch.................. 2000-01-01 00:00:00.000
  > Time since epoch....... 16700000000 ns
  > Absolute time.......... 2000-01-01 00:00:16.700
  > Satellites............. 1584
  > Ground stations........ 101
  > Max. range GSL......... 1089686.4181956202m
FORWARDING STATE AT T = 12000000000ns (= 12.0 seconds)

BASIC INFORMATION
  > Epoch.................. 2000-01-01 00:00:00.000
  > Time since epoch....... 12000000000 ns
  > Absolute time.......... 2000-01-01 00:00:12.000
  > Satellites............. 1584
  > Ground stations........ 101
  > Max. range GSL......... 1089686.4181956202m
  > Max. range ISL......... 5016591.233098428m

ISL INFORMATION
  > Total ISLs............. 3167
  > Min. ISLs/satellite.... 3
  > Max. ISLs/satellite.... 4

GSL INTERFACE INFORMATION
  > Min. GSL IFs/satellite........ 1
  > Max. GSL IFs/satellite........ 1
  > Min. GSL IFs/ground station... 1
  > Max. GSL IFs/ground_station... 1

GSL IN-RANGE INFORMATION
  > Min. satellites in range... 4
  > Max. satellites in range... 20
[MODE] SP_OVER_PID_QUOTIENT=True
  > Calculating Floyd-Warshall for graph without ground-station relays
  > Writing forwarding state to: gen_data/starlink_550_isls_failure_l1_ground_stations_top_100_with_hsinchu_algorithm_hierarchical_virtual_gid_27deg_k8/dynamic_state_100ms_for_20s/fstate_12000000000.txt
  > [SIGNALING] 累計統計: 4 事件, 0 字節
FORWARDING STATE AT T = 12100000000ns (= 12.1 seconds)

BASIC INFORMATION
  > Epoch.................. 2000-01-01 00:00:00.000
  > Time since epoch....... 12100000000 ns
  > Absolute time.......... 2000-01-01 00:00:12.100
  > Satellites............. 1584
  > Ground stations........ 101
  > Max. range GSL......... 1089686.4181956202m
  > Max. range ISL......... 5016591.233098428m

ISL INFORMATION
  > Total ISLs............. 3167
  > Min. ISLs/satellite.... 3
  > Max. ISLs/satellite.... 4

GSL INTERFACE INFORMATION
  > Min. GSL IFs/satellite........ 1
  > Max. GSL IFs/satellite........ 1
  > Min. GSL IFs/ground station... 1
  > Max. GSL IFs/ground_station... 1

GSL IN-RANGE INFORMATION
  > Min. satellites in range... 4
  > Max. satellites in range... 20
[MODE] SP_OVER_PID_QUOTIENT=True
  > Calculating Floyd-Warshall for graph without ground-station relays
  > Writing forwarding state to: gen_data/starlink_550_isls_failure_l1_ground_stations_top_100_with_hsinchu_algorithm_hierarchical_virtual_gid_27deg_k8/dynamic_state_100ms_for_20s/fstate_12100000000.txt
  > [SIGNALING] 累計統計: 6 事件, 0 字節
FORWARDING STATE AT T = 12200000000ns (= 12.2 seconds)

BASIC INFORMATION
  > Epoch.................. 2000-01-01 00:00:00.000
  > Time since epoch....... 12200000000 ns
  > Absolute time.......... 2000-01-01 00:00:12.200
  > Satellites............. 1584
  > Ground stations........ 101
  > Max. range GSL......... 1089686.4181956202m
  > Max. range ISL......... 5016591.233098428m

ISL INFORMATION
  > Total ISLs............. 3167
  > Min. ISLs/satellite.... 3
  > Max. ISLs/satellite.... 4

GSL INTERFACE INFORMATION
  > Min. GSL IFs/satellite........ 1
  > Max. GSL IFs/satellite........ 1
  > Min. GSL IFs/ground station... 1
  > Max. GSL IFs/ground_station... 1

GSL IN-RANGE INFORMATION
  > Min. satellites in range... 4
  > Max. satellites in range... 20
[MODE] SP_OVER_PID_QUOTIENT=True
  > Calculating Floyd-Warshall for graph without ground-station relays
  > Writing forwarding state to: gen_data/starlink_550_isls_failure_l1_ground_stations_top_100_with_hsinchu_algorithm_hierarchical_virtual_gid_27deg_k8/dynamic_state_100ms_for_20s/fstate_12200000000.txt
  > [SIGNALING] 累計統計: 8 事件, 0 字節
FORWARDING STATE AT T = 12300000000ns (= 12.3 seconds)

BASIC INFORMATION
  > Epoch.................. 2000-01-01 00:00:00.000
  > Time since epoch....... 12300000000 ns
  > Absolute time.......... 2000-01-01 00:00:12.300
  > Satellites............. 1584
  > Ground stations........ 101
  > Max. range GSL......... 1089686.4181956202m
  > Max. range ISL......... 5016591.233098428m

ISL INFORMATION
  > Total ISLs............. 3167
  > Min. ISLs/satellite.... 3
  > Max. ISLs/satellite.... 4

GSL INTERFACE INFORMATION
  > Min. GSL IFs/satellite........ 1
  > Max. GSL IFs/satellite........ 1
  > Min. GSL IFs/ground station... 1
  > Max. GSL IFs/ground_station... 1

GSL IN-RANGE INFORMATION
  > Min. satellites in range... 4
  > Max. satellites in range... 20
[MODE] SP_OVER_PID_QUOTIENT=True
  > Calculating Floyd-Warshall for graph without ground-station relays
  > Writing forwarding state to: gen_data/starlink_550_isls_failure_l1_ground_stations_top_100_with_hsinchu_algorithm_hierarchical_virtual_gid_27deg_k8/dynamic_state_100ms_for_20s/fstate_12300000000.txt
  > [SIGNALING] 累計統計: 10 事件, 0 字節
FORWARDING STATE AT T = 12400000000ns (= 12.4 seconds)

BASIC INFORMATION
  > Epoch.................. 2000-01-01 00:00:00.000
  > Time since epoch....... 12400000000 ns
  > Absolute time.......... 2000-01-01 00:00:12.400
  > Satellites............. 1584
  > Ground stations........ 101
  > Max. range GSL......... 1089686.4181956202m
  > Max. range ISL......... 5016591.233098428m

ISL INFORMATION
  > Total ISLs............. 3167
  > Min. ISLs/satellite.... 3
  > Max. ISLs/satellite.... 4

GSL INTERFACE INFORMATION
  > Min. GSL IFs/satellite........ 1
  > Max. GSL IFs/satellite........ 1
  > Min. GSL IFs/ground station... 1
  > Max. GSL IFs/ground_station... 1

GSL IN-RANGE INFORMATION
  > Min. satellites in range... 4
  > Max. satellites in range... 20
[MODE] SP_OVER_PID_QUOTIENT=True
  > Calculating Floyd-Warshall for graph without ground-station relays
  > Writing forwarding state to: gen_data/starlink_550_isls_failure_l1_ground_stations_top_100_with_hsinchu_algorithm_hierarchical_virtual_gid_27deg_k8/dynamic_state_100ms_for_20s/fstate_12400000000.txt
  > [SIGNALING] 累計統計: 12 事件, 0 字節
FORWARDING STATE AT T = 12500000000ns (= 12.5 seconds)

BASIC INFORMATION
  > Epoch.................. 2000-01-01 00:00:00.000
  > Time since epoch....... 12500000000 ns
  > Absolute time.......... 2000-01-01 00:00:12.500
  > Satellites............. 1584
  > Ground stations........ 101
  > Max. range GSL......... 1089686.4181956202m
  > Max. range ISL......... 5016591.233098428m

ISL INFORMATION
  > Total ISLs............. 3167
  > Min. ISLs/satellite.... 3
  > Max. ISLs/satellite.... 4

GSL INTERFACE INFORMATION
  > Min. GSL IFs/satellite........ 1
  > Max. GSL IFs/satellite........ 1
  > Min. GSL IFs/ground station... 1
  > Max. GSL IFs/ground_station... 1

GSL IN-RANGE INFORMATION
  > Min. satellites in range... 4
  > Max. satellites in range... 20
[MODE] SP_OVER_PID_QUOTIENT=True
  > Calculating Floyd-Warshall for graph without ground-station relays
  > Writing forwarding state to: gen_data/starlink_550_isls_failure_l1_ground_stations_top_100_with_hsinchu_algorithm_hierarchical_virtual_gid_27deg_k8/dynamic_state_100ms_for_20s/fstate_12500000000.txt
  > [SIGNALING] 累計統計: 14 事件, 0 字節
FORWARDING STATE AT T = 12600000000ns (= 12.6 seconds)

BASIC INFORMATION
  > Epoch.................. 2000-01-01 00:00:00.000
  > Time since epoch....... 12600000000 ns
  > Absolute time.......... 2000-01-01 00:00:12.600
  > Satellites............. 1584
  > Ground stations........ 101
  > Max. range GSL......... 1089686.4181956202m
  > Max. range ISL......... 5016591.233098428m

ISL INFORMATION
  > Total ISLs............. 3167
  > Min. ISLs/satellite.... 3
  > Max. ISLs/satellite.... 4

GSL INTERFACE INFORMATION
  > Min. GSL IFs/satellite........ 1
  > Max. GSL IFs/satellite........ 1
  > Min. GSL IFs/ground station... 1
  > Max. GSL IFs/ground_station... 1

GSL IN-RANGE INFORMATION
  > Min. satellites in range... 4
  > Max. satellites in range... 20
[MODE] SP_OVER_PID_QUOTIENT=True
  > Calculating Floyd-Warshall for graph without ground-station relays
  > Writing forwarding state to: gen_data/starlink_550_isls_failure_l1_ground_stations_top_100_with_hsinchu_algorithm_hierarchical_virtual_gid_27deg_k8/dynamic_state_100ms_for_20s/fstate_12600000000.txt
  > [SIGNALING] 累計統計: 16 事件, 0 字節
FORWARDING STATE AT T = 12700000000ns (= 12.7 seconds)

BASIC INFORMATION
  > Epoch.................. 2000-01-01 00:00:00.000
  > Time since epoch....... 12700000000 ns
  > Absolute time.......... 2000-01-01 00:00:12.700
  > Satellites............. 1584
  > Ground stations........ 101
  > Max. range GSL......... 1089686.4181956202m
FORWARDING STATE AT T = 8000000000ns (= 8.0 seconds)

BASIC INFORMATION
  > Epoch.................. 2000-01-01 00:00:00.000
  > Time since epoch....... 8000000000 ns
  > Absolute time.......... 2000-01-01 00:00:08.000
  > Satellites............. 1584
  > Ground stations........ 101
  > Max. range GSL......... 1089686.4181956202m
  > Max. range ISL......... 5016591.233098428m

ISL INFORMATION
  > Total ISLs............. 3167
  > Min. ISLs/satellite.... 3
  > Max. ISLs/satellite.... 4

GSL INTERFACE INFORMATION
  > Min. GSL IFs/satellite........ 1
  > Max. GSL IFs/satellite........ 1
  > Min. GSL IFs/ground station... 1
  > Max. GSL IFs/ground_station... 1

GSL IN-RANGE INFORMATION
  > Min. satellites in range... 4
  > Max. satellites in range... 19
[MODE] SP_OVER_PID_QUOTIENT=True
  > Calculating Floyd-Warshall for graph without ground-station relays
  > Writing forwarding state to: gen_data/starlink_550_isls_failure_l1_ground_stations_top_100_with_hsinchu_algorithm_hierarchical_virtual_gid_27deg_k8/dynamic_state_100ms_for_20s/fstate_8000000000.txt
  > [SIGNALING] 累計統計: 4 事件, 0 字節
FORWARDING STATE AT T = 8100000000ns (= 8.1 seconds)

BASIC INFORMATION
  > Epoch.................. 2000-01-01 00:00:00.000
  > Time since epoch....... 8100000000 ns
  > Absolute time.......... 2000-01-01 00:00:08.100
  > Satellites............. 1584
  > Ground stations........ 101
  > Max. range GSL......... 1089686.4181956202m
  > Max. range ISL......... 5016591.233098428m

ISL INFORMATION
  > Total ISLs............. 3167
  > Min. ISLs/satellite.... 3
  > Max. ISLs/satellite.... 4

GSL INTERFACE INFORMATION
  > Min. GSL IFs/satellite........ 1
  > Max. GSL IFs/satellite........ 1
  > Min. GSL IFs/ground station... 1
  > Max. GSL IFs/ground_station... 1

GSL IN-RANGE INFORMATION
  > Min. satellites in range... 4
  > Max. satellites in range... 19
[MODE] SP_OVER_PID_QUOTIENT=True
  > Calculating Floyd-Warshall for graph without ground-station relays
  > Writing forwarding state to: gen_data/starlink_550_isls_failure_l1_ground_stations_top_100_with_hsinchu_algorithm_hierarchical_virtual_gid_27deg_k8/dynamic_state_100ms_for_20s/fstate_8100000000.txt
  > [SIGNALING] 累計統計: 6 事件, 0 字節
FORWARDING STATE AT T = 8200000000ns (= 8.2 seconds)

BASIC INFORMATION
  > Epoch.................. 2000-01-01 00:00:00.000
  > Time since epoch....... 8200000000 ns
  > Absolute time.......... 2000-01-01 00:00:08.200
  > Satellites............. 1584
  > Ground stations........ 101
  > Max. range GSL......... 1089686.4181956202m
  > Max. range ISL......... 5016591.233098428m

ISL INFORMATION
  > Total ISLs............. 3167
  > Min. ISLs/satellite.... 3
  > Max. ISLs/satellite.... 4

GSL INTERFACE INFORMATION
  > Min. GSL IFs/satellite........ 1
  > Max. GSL IFs/satellite........ 1
  > Min. GSL IFs/ground station... 1
  > Max. GSL IFs/ground_station... 1

GSL IN-RANGE INFORMATION
  > Min. satellites in range... 4
  > Max. satellites in range... 19
[MODE] SP_OVER_PID_QUOTIENT=True
  > Calculating Floyd-Warshall for graph without ground-station relays
  > Writing forwarding state to: gen_data/starlink_550_isls_failure_l1_ground_stations_top_100_with_hsinchu_algorithm_hierarchical_virtual_gid_27deg_k8/dynamic_state_100ms_for_20s/fstate_8200000000.txt
  > [SIGNALING] 累計統計: 8 事件, 0 字節
FORWARDING STATE AT T = 8300000000ns (= 8.3 seconds)

BASIC INFORMATION
  > Epoch.................. 2000-01-01 00:00:00.000
  > Time since epoch....... 8300000000 ns
  > Absolute time.......... 2000-01-01 00:00:08.300
  > Satellites............. 1584
  > Ground stations........ 101
  > Max. range GSL......... 1089686.4181956202m
  > Max. range ISL......... 5016591.233098428m

ISL INFORMATION
  > Total ISLs............. 3167
  > Min. ISLs/satellite.... 3
  > Max. ISLs/satellite.... 4

GSL INTERFACE INFORMATION
  > Min. GSL IFs/satellite........ 1
  > Max. GSL IFs/satellite........ 1
  > Min. GSL IFs/ground station... 1
  > Max. GSL IFs/ground_station... 1

GSL IN-RANGE INFORMATION
  > Min. satellites in range... 4
  > Max. satellites in range... 19
[MODE] SP_OVER_PID_QUOTIENT=True
  > Calculating Floyd-Warshall for graph without ground-station relays
  > Writing forwarding state to: gen_data/starlink_550_isls_failure_l1_ground_stations_top_100_with_hsinchu_algorithm_hierarchical_virtual_gid_27deg_k8/dynamic_state_100ms_for_20s/fstate_8300000000.txt
  > [SIGNALING] 累計統計: 10 事件, 0 字節
FORWARDING STATE AT T = 8400000000ns (= 8.4 seconds)

BASIC INFORMATION
  > Epoch.................. 2000-01-01 00:00:00.000
  > Time since epoch....... 8400000000 ns
  > Absolute time.......... 2000-01-01 00:00:08.400
  > Satellites............. 1584
  > Ground stations........ 101
  > Max. range GSL......... 1089686.4181956202m
  > Max. range ISL......... 5016591.233098428m

ISL INFORMATION
  > Total ISLs............. 3167
  > Min. ISLs/satellite.... 3
  > Max. ISLs/satellite.... 4

GSL INTERFACE INFORMATION
  > Min. GSL IFs/satellite........ 1
  > Max. GSL IFs/satellite........ 1
  > Min. GSL IFs/ground station... 1
  > Max. GSL IFs/ground_station... 1

GSL IN-RANGE INFORMATION
  > Min. satellites in range... 4
  > Max. satellites in range... 19
[MODE] SP_OVER_PID_QUOTIENT=True
  > Calculating Floyd-Warshall for graph without ground-station relays
  > Writing forwarding state to: gen_data/starlink_550_isls_failure_l1_ground_stations_top_100_with_hsinchu_algorithm_hierarchical_virtual_gid_27deg_k8/dynamic_state_100ms_for_20s/fstate_8400000000.txt
  > [SIGNALING] 累計統計: 12 事件, 0 字節
FORWARDING STATE AT T = 8500000000ns (= 8.5 seconds)

BASIC INFORMATION
  > Epoch.................. 2000-01-01 00:00:00.000
  > Time since epoch....... 8500000000 ns
  > Absolute time.......... 2000-01-01 00:00:08.500
  > Satellites............. 1584
  > Ground stations........ 101
  > Max. range GSL......... 1089686.4181956202m
  > Max. range ISL......... 5016591.233098428m

ISL INFORMATION
  > Total ISLs............. 3167
  > Min. ISLs/satellite.... 3
  > Max. ISLs/satellite.... 4

GSL INTERFACE INFORMATION
  > Min. GSL IFs/satellite........ 1
  > Max. GSL IFs/satellite........ 1
  > Min. GSL IFs/ground station... 1
  > Max. GSL IFs/ground_station... 1

GSL IN-RANGE INFORMATION
  > Min. satellites in range... 4
  > Max. satellites in range... 20
[MODE] SP_OVER_PID_QUOTIENT=True
  > Calculating Floyd-Warshall for graph without ground-station relays
  > Writing forwarding state to: gen_data/starlink_550_isls_failure_l1_ground_stations_top_100_with_hsinchu_algorithm_hierarchical_virtual_gid_27deg_k8/dynamic_state_100ms_for_20s/fstate_8500000000.txt
  > [SIGNALING] 累計統計: 14 事件, 0 字節
FORWARDING STATE AT T = 8600000000ns (= 8.6 seconds)

BASIC INFORMATION
  > Epoch.................. 2000-01-01 00:00:00.000
  > Time since epoch....... 8600000000 ns
  > Absolute time.......... 2000-01-01 00:00:08.600
  > Satellites............. 1584
  > Ground stations........ 101
  > Max. range GSL......... 1089686.4181956202m
  > Max. range ISL......... 5016591.233098428m

ISL INFORMATION
  > Total ISLs............. 3167
  > Min. ISLs/satellite.... 3
  > Max. ISLs/satellite.... 4

GSL INTERFACE INFORMATION
  > Min. GSL IFs/satellite........ 1
  > Max. GSL IFs/satellite........ 1
  > Min. GSL IFs/ground station... 1
  > Max. GSL IFs/ground_station... 1

GSL IN-RANGE INFORMATION
  > Min. satellites in range... 4
  > Max. satellites in range... 20
[MODE] SP_OVER_PID_QUOTIENT=True
  > Calculating Floyd-Warshall for graph without ground-station relays
  > Writing forwarding state to: gen_data/starlink_550_isls_failure_l1_ground_stations_top_100_with_hsinchu_algorithm_hierarchical_virtual_gid_27deg_k8/dynamic_state_100ms_for_20s/fstate_8600000000.txt
  > [SIGNALING] 累計統計: 16 事件, 0 字節
FORWARDING STATE AT T = 8700000000ns (= 8.7 seconds)

BASIC INFORMATION
  > Epoch.................. 2000-01-01 00:00:00.000
  > Time since epoch....... 8700000000 ns
  > Absolute time.......... 2000-01-01 00:00:08.700
  > Satellites............. 1584
  > Ground stations........ 101
  > Max. range GSL......... 1089686.4181956202m
  > Max. range ISL......... 5016591.233098428m

ISL INFORMATION
FORWARDING STATE AT T = 2000000000ns (= 2.0 seconds)

BASIC INFORMATION
  > Epoch.................. 2000-01-01 00:00:00.000
  > Time since epoch....... 2000000000 ns
  > Absolute time.......... 2000-01-01 00:00:02.000
  > Satellites............. 1584
  > Ground stations........ 101
  > Max. range GSL......... 1089686.4181956202m
  > Max. range ISL......... 5016591.233098428m

ISL INFORMATION
  > Total ISLs............. 3167
  > Min. ISLs/satellite.... 3
  > Max. ISLs/satellite.... 4

GSL INTERFACE INFORMATION
  > Min. GSL IFs/satellite........ 1
  > Max. GSL IFs/satellite........ 1
  > Min. GSL IFs/ground station... 1
  > Max. GSL IFs/ground_station... 1

GSL IN-RANGE INFORMATION
  > Min. satellites in range... 4
  > Max. satellites in range... 20
[MODE] SP_OVER_PID_QUOTIENT=True
  > Calculating Floyd-Warshall for graph without ground-station relays
  > Writing forwarding state to: gen_data/starlink_550_isls_failure_l1_ground_stations_top_100_with_hsinchu_algorithm_hierarchical_virtual_gid_27deg_k8/dynamic_state_100ms_for_20s/fstate_2000000000.txt
  > [SIGNALING] 累計統計: 4 事件, 0 字節
FORWARDING STATE AT T = 2100000000ns (= 2.1 seconds)

BASIC INFORMATION
  > Epoch.................. 2000-01-01 00:00:00.000
  > Time since epoch....... 2100000000 ns
  > Absolute time.......... 2000-01-01 00:00:02.100
  > Satellites............. 1584
  > Ground stations........ 101
  > Max. range GSL......... 1089686.4181956202m
  > Max. range ISL......... 5016591.233098428m

ISL INFORMATION
  > Total ISLs............. 3167
  > Min. ISLs/satellite.... 3
  > Max. ISLs/satellite.... 4

GSL INTERFACE INFORMATION
  > Min. GSL IFs/satellite........ 1
  > Max. GSL IFs/satellite........ 1
  > Min. GSL IFs/ground station... 1
  > Max. GSL IFs/ground_station... 1

GSL IN-RANGE INFORMATION
  > Min. satellites in range... 4
  > Max. satellites in range... 20
[MODE] SP_OVER_PID_QUOTIENT=True
  > Calculating Floyd-Warshall for graph without ground-station relays
  > Writing forwarding state to: gen_data/starlink_550_isls_failure_l1_ground_stations_top_100_with_hsinchu_algorithm_hierarchical_virtual_gid_27deg_k8/dynamic_state_100ms_for_20s/fstate_2100000000.txt
  > [SIGNALING] 累計統計: 6 事件, 0 字節
FORWARDING STATE AT T = 2200000000ns (= 2.2 seconds)

BASIC INFORMATION
  > Epoch.................. 2000-01-01 00:00:00.000
  > Time since epoch....... 2200000000 ns
  > Absolute time.......... 2000-01-01 00:00:02.200
  > Satellites............. 1584
  > Ground stations........ 101
  > Max. range GSL......... 1089686.4181956202m
  > Max. range ISL......... 5016591.233098428m

ISL INFORMATION
  > Total ISLs............. 3167
  > Min. ISLs/satellite.... 3
  > Max. ISLs/satellite.... 4

GSL INTERFACE INFORMATION
  > Min. GSL IFs/satellite........ 1
  > Max. GSL IFs/satellite........ 1
  > Min. GSL IFs/ground station... 1
  > Max. GSL IFs/ground_station... 1

GSL IN-RANGE INFORMATION
  > Min. satellites in range... 4
  > Max. satellites in range... 20
[MODE] SP_OVER_PID_QUOTIENT=True
  > Calculating Floyd-Warshall for graph without ground-station relays
  > Writing forwarding state to: gen_data/starlink_550_isls_failure_l1_ground_stations_top_100_with_hsinchu_algorithm_hierarchical_virtual_gid_27deg_k8/dynamic_state_100ms_for_20s/fstate_2200000000.txt
  > [SIGNALING] 累計統計: 8 事件, 0 字節
FORWARDING STATE AT T = 2300000000ns (= 2.3 seconds)

BASIC INFORMATION
  > Epoch.................. 2000-01-01 00:00:00.000
  > Time since epoch....... 2300000000 ns
  > Absolute time.......... 2000-01-01 00:00:02.300
  > Satellites............. 1584
  > Ground stations........ 101
  > Max. range GSL......... 1089686.4181956202m
  > Max. range ISL......... 5016591.233098428m

ISL INFORMATION
  > Total ISLs............. 3167
  > Min. ISLs/satellite.... 3
  > Max. ISLs/satellite.... 4

GSL INTERFACE INFORMATION
  > Min. GSL IFs/satellite........ 1
  > Max. GSL IFs/satellite........ 1
  > Min. GSL IFs/ground station... 1
  > Max. GSL IFs/ground_station... 1

GSL IN-RANGE INFORMATION
  > Min. satellites in range... 4
  > Max. satellites in range... 20
[MODE] SP_OVER_PID_QUOTIENT=True
  > Calculating Floyd-Warshall for graph without ground-station relays
  > Writing forwarding state to: gen_data/starlink_550_isls_failure_l1_ground_stations_top_100_with_hsinchu_algorithm_hierarchical_virtual_gid_27deg_k8/dynamic_state_100ms_for_20s/fstate_2300000000.txt
  > [SIGNALING] 累計統計: 10 事件, 0 字節
FORWARDING STATE AT T = 2400000000ns (= 2.4 seconds)

BASIC INFORMATION
  > Epoch.................. 2000-01-01 00:00:00.000
  > Time since epoch....... 2400000000 ns
  > Absolute time.......... 2000-01-01 00:00:02.400
  > Satellites............. 1584
  > Ground stations........ 101
  > Max. range GSL......... 1089686.4181956202m
  > Max. range ISL......... 5016591.233098428m

ISL INFORMATION
  > Total ISLs............. 3167
  > Min. ISLs/satellite.... 3
  > Max. ISLs/satellite.... 4

GSL INTERFACE INFORMATION
  > Min. GSL IFs/satellite........ 1
  > Max. GSL IFs/satellite........ 1
  > Min. GSL IFs/ground station... 1
  > Max. GSL IFs/ground_station... 1

GSL IN-RANGE INFORMATION
  > Min. satellites in range... 4
  > Max. satellites in range... 20
[MODE] SP_OVER_PID_QUOTIENT=True
  > Calculating Floyd-Warshall for graph without ground-station relays
  > Writing forwarding state to: gen_data/starlink_550_isls_failure_l1_ground_stations_top_100_with_hsinchu_algorithm_hierarchical_virtual_gid_27deg_k8/dynamic_state_100ms_for_20s/fstate_2400000000.txt
  > [SIGNALING] 累計統計: 12 事件, 0 字節
FORWARDING STATE AT T = 2500000000ns (= 2.5 seconds)

BASIC INFORMATION
  > Epoch.................. 2000-01-01 00:00:00.000
  > Time since epoch....... 2500000000 ns
  > Absolute time.......... 2000-01-01 00:00:02.500
  > Satellites............. 1584
  > Ground stations........ 101
  > Max. range GSL......... 1089686.4181956202m
  > Max. range ISL......... 5016591.233098428m

ISL INFORMATION
  > Total ISLs............. 3167
  > Min. ISLs/satellite.... 3
  > Max. ISLs/satellite.... 4

GSL INTERFACE INFORMATION
  > Min. GSL IFs/satellite........ 1
  > Max. GSL IFs/satellite........ 1
  > Min. GSL IFs/ground station... 1
  > Max. GSL IFs/ground_station... 1

GSL IN-RANGE INFORMATION
  > Min. satellites in range... 4
  > Max. satellites in range... 20
[MODE] SP_OVER_PID_QUOTIENT=True
  > Calculating Floyd-Warshall for graph without ground-station relays
  > Writing forwarding state to: gen_data/starlink_550_isls_failure_l1_ground_stations_top_100_with_hsinchu_algorithm_hierarchical_virtual_gid_27deg_k8/dynamic_state_100ms_for_20s/fstate_2500000000.txt
  > [SIGNALING] 累計統計: 14 事件, 0 字節
FORWARDING STATE AT T = 2600000000ns (= 2.6 seconds)

BASIC INFORMATION
  > Epoch.................. 2000-01-01 00:00:00.000
  > Time since epoch....... 2600000000 ns
  > Absolute time.......... 2000-01-01 00:00:02.600
  > Satellites............. 1584
  > Ground stations........ 101
  > Max. range GSL......... 1089686.4181956202m
  > Max. range ISL......... 5016591.233098428m

ISL INFORMATION
  > Total ISLs............. 3167
  > Min. ISLs/satellite.... 3
  > Max. ISLs/satellite.... 4

GSL INTERFACE INFORMATION
  > Min. GSL IFs/satellite........ 1
  > Max. GSL IFs/satellite........ 1
  > Min. GSL IFs/ground station... 1
  > Max. GSL IFs/ground_station... 1

GSL IN-RANGE INFORMATION
  > Min. satellites in range... 4
  > Max. satellites in range... 20
[MODE] SP_OVER_PID_QUOTIENT=True
  > Calculating Floyd-Warshall for graph without ground-station relays
  > Writing forwarding state to: gen_data/starlink_550_isls_failure_l1_ground_stations_top_100_with_hsinchu_algorithm_hierarchical_virtual_gid_27deg_k8/dynamic_state_100ms_for_20s/fstate_2600000000.txt
  > [SIGNALING] 累計統計: 16 事件, 0 字節
FORWARDING STATE AT T = 2700000000ns (= 2.7 seconds)

BASIC INFORMATION
  > Epoch.................. 2000-01-01 00:00:00.000
  > Time since epoch....... 2700000000 ns
  > Absolute time.......... 2000-01-01 00:00:02.700
  > Satellites............. 1584
  > Ground stations........ 101
  > Max. range GSL......... 1089686.4181956202m
  > Max. range ISL......... 5016591.233098428m

ISL INFORMATION
  > Max. range ISL......... 5016591.233098428m

ISL INFORMATION
  > Total ISLs............. 3167
  > Min. ISLs/satellite.... 3
  > Max. ISLs/satellite.... 4

GSL INTERFACE INFORMATION
  > Min. GSL IFs/satellite........ 1
  > Max. GSL IFs/satellite........ 1
  > Min. GSL IFs/ground station... 1
  > Max. GSL IFs/ground_station... 1

GSL IN-RANGE INFORMATION
  > Min. satellites in range... 4
  > Max. satellites in range... 20
[MODE] SP_OVER_PID_QUOTIENT=True
  > Calculating Floyd-Warshall for graph without ground-station relays
  > Writing forwarding state to: gen_data/starlink_550_isls_failure_l1_ground_stations_top_100_with_hsinchu_algorithm_hierarchical_virtual_gid_27deg_k8/dynamic_state_100ms_for_20s/fstate_10700000000.txt
  > [SIGNALING] 累計統計: 18 事件, 0 字節
FORWARDING STATE AT T = 10800000000ns (= 10.8 seconds)

BASIC INFORMATION
  > Epoch.................. 2000-01-01 00:00:00.000
  > Time since epoch....... 10800000000 ns
  > Absolute time.......... 2000-01-01 00:00:10.800
  > Satellites............. 1584
  > Ground stations........ 101
  > Max. range GSL......... 1089686.4181956202m
  > Max. range ISL......... 5016591.233098428m

ISL INFORMATION
  > Total ISLs............. 3167
  > Min. ISLs/satellite.... 3
  > Max. ISLs/satellite.... 4

GSL INTERFACE INFORMATION
  > Min. GSL IFs/satellite........ 1
  > Max. GSL IFs/satellite........ 1
  > Min. GSL IFs/ground station... 1
  > Max. GSL IFs/ground_station... 1

GSL IN-RANGE INFORMATION
  > Min. satellites in range... 4
  > Max. satellites in range... 20
[MODE] SP_OVER_PID_QUOTIENT=True
  > Calculating Floyd-Warshall for graph without ground-station relays
  > Writing forwarding state to: gen_data/starlink_550_isls_failure_l1_ground_stations_top_100_with_hsinchu_algorithm_hierarchical_virtual_gid_27deg_k8/dynamic_state_100ms_for_20s/fstate_10800000000.txt
  > [SIGNALING] 累計統計: 20 事件, 0 字節
FORWARDING STATE AT T = 10900000000ns (= 10.9 seconds)

BASIC INFORMATION
  > Epoch.................. 2000-01-01 00:00:00.000
  > Time since epoch....... 10900000000 ns
  > Absolute time.......... 2000-01-01 00:00:10.900
  > Satellites............. 1584
  > Ground stations........ 101
  > Max. range GSL......... 1089686.4181956202m
  > Max. range ISL......... 5016591.233098428m

ISL INFORMATION
  > Total ISLs............. 3167
  > Min. ISLs/satellite.... 3
  > Max. ISLs/satellite.... 4

GSL INTERFACE INFORMATION
  > Min. GSL IFs/satellite........ 1
  > Max. GSL IFs/satellite........ 1
  > Min. GSL IFs/ground station... 1
  > Max. GSL IFs/ground_station... 1

GSL IN-RANGE INFORMATION
  > Min. satellites in range... 4
  > Max. satellites in range... 20
[MODE] SP_OVER_PID_QUOTIENT=True
  > Calculating Floyd-Warshall for graph without ground-station relays
  > Writing forwarding state to: gen_data/starlink_550_isls_failure_l1_ground_stations_top_100_with_hsinchu_algorithm_hierarchical_virtual_gid_27deg_k8/dynamic_state_100ms_for_20s/fstate_10900000000.txt
  > [SIGNALING] 累計統計: 22 事件, 0 字節
FORWARDING STATE AT T = 11000000000ns (= 11.0 seconds)

BASIC INFORMATION
  > Epoch.................. 2000-01-01 00:00:00.000
  > Time since epoch....... 11000000000 ns
  > Absolute time.......... 2000-01-01 00:00:11.000
  > Satellites............. 1584
  > Ground stations........ 101
  > Max. range GSL......... 1089686.4181956202m
  > Max. range ISL......... 5016591.233098428m

ISL INFORMATION
  > Total ISLs............. 3167
  > Min. ISLs/satellite.... 3
  > Max. ISLs/satellite.... 4

GSL INTERFACE INFORMATION
  > Min. GSL IFs/satellite........ 1
  > Max. GSL IFs/satellite........ 1
  > Min. GSL IFs/ground station... 1
  > Max. GSL IFs/ground_station... 1

GSL IN-RANGE INFORMATION
  > Min. satellites in range... 4
  > Max. satellites in range... 20
[MODE] SP_OVER_PID_QUOTIENT=True
  > Calculating Floyd-Warshall for graph without ground-station relays
  > Writing forwarding state to: gen_data/starlink_550_isls_failure_l1_ground_stations_top_100_with_hsinchu_algorithm_hierarchical_virtual_gid_27deg_k8/dynamic_state_100ms_for_20s/fstate_11000000000.txt
  > [SIGNALING] 累計統計: 25 事件, 0 字節
FORWARDING STATE AT T = 11100000000ns (= 11.1 seconds)

BASIC INFORMATION
  > Epoch.................. 2000-01-01 00:00:00.000
  > Time since epoch....... 11100000000 ns
  > Absolute time.......... 2000-01-01 00:00:11.100
  > Satellites............. 1584
  > Ground stations........ 101
  > Max. range GSL......... 1089686.4181956202m
  > Max. range ISL......... 5016591.233098428m

ISL INFORMATION
  > Total ISLs............. 3167
  > Min. ISLs/satellite.... 3
  > Max. ISLs/satellite.... 4

GSL INTERFACE INFORMATION
  > Min. GSL IFs/satellite........ 1
  > Max. GSL IFs/satellite........ 1
  > Min. GSL IFs/ground station... 1
  > Max. GSL IFs/ground_station... 1

GSL IN-RANGE INFORMATION
  > Min. satellites in range... 4
  > Max. satellites in range... 20
[MODE] SP_OVER_PID_QUOTIENT=True
  > Calculating Floyd-Warshall for graph without ground-station relays
  > Writing forwarding state to: gen_data/starlink_550_isls_failure_l1_ground_stations_top_100_with_hsinchu_algorithm_hierarchical_virtual_gid_27deg_k8/dynamic_state_100ms_for_20s/fstate_11100000000.txt
  > [SIGNALING] 累計統計: 27 事件, 0 字節
FORWARDING STATE AT T = 11200000000ns (= 11.2 seconds)

BASIC INFORMATION
  > Epoch.................. 2000-01-01 00:00:00.000
  > Time since epoch....... 11200000000 ns
  > Absolute time.......... 2000-01-01 00:00:11.200
  > Satellites............. 1584
  > Ground stations........ 101
  > Max. range GSL......... 1089686.4181956202m
  > Max. range ISL......... 5016591.233098428m

ISL INFORMATION
  > Total ISLs............. 3167
  > Min. ISLs/satellite.... 3
  > Max. ISLs/satellite.... 4

GSL INTERFACE INFORMATION
  > Min. GSL IFs/satellite........ 1
  > Max. GSL IFs/satellite........ 1
  > Min. GSL IFs/ground station... 1
  > Max. GSL IFs/ground_station... 1

GSL IN-RANGE INFORMATION
  > Min. satellites in range... 4
  > Max. satellites in range... 20
[MODE] SP_OVER_PID_QUOTIENT=True
  > Calculating Floyd-Warshall for graph without ground-station relays
  > Writing forwarding state to: gen_data/starlink_550_isls_failure_l1_ground_stations_top_100_with_hsinchu_algorithm_hierarchical_virtual_gid_27deg_k8/dynamic_state_100ms_for_20s/fstate_11200000000.txt
  > [SIGNALING] 累計統計: 29 事件, 0 字節
FORWARDING STATE AT T = 11300000000ns (= 11.3 seconds)

BASIC INFORMATION
  > Epoch.................. 2000-01-01 00:00:00.000
  > Time since epoch....... 11300000000 ns
  > Absolute time.......... 2000-01-01 00:00:11.300
  > Satellites............. 1584
  > Ground stations........ 101
  > Max. range GSL......... 1089686.4181956202m
  > Max. range ISL......... 5016591.233098428m

ISL INFORMATION
  > Total ISLs............. 3167
  > Min. ISLs/satellite.... 3
  > Max. ISLs/satellite.... 4

GSL INTERFACE INFORMATION
  > Min. GSL IFs/satellite........ 1
  > Max. GSL IFs/satellite........ 1
  > Min. GSL IFs/ground station... 1
  > Max. GSL IFs/ground_station... 1

GSL IN-RANGE INFORMATION
  > Min. satellites in range... 4
  > Max. satellites in range... 20
[MODE] SP_OVER_PID_QUOTIENT=True
  > Calculating Floyd-Warshall for graph without ground-station relays
  > Writing forwarding state to: gen_data/starlink_550_isls_failure_l1_ground_stations_top_100_with_hsinchu_algorithm_hierarchical_virtual_gid_27deg_k8/dynamic_state_100ms_for_20s/fstate_11300000000.txt
  > [SIGNALING] 累計統計: 31 事件, 0 字節
FORWARDING STATE AT T = 11400000000ns (= 11.4 seconds)

BASIC INFORMATION
  > Epoch.................. 2000-01-01 00:00:00.000
  > Time since epoch....... 11400000000 ns
  > Absolute time.......... 2000-01-01 00:00:11.400
  > Satellites............. 1584
  > Ground stations........ 101
  > Max. range GSL......... 1089686.4181956202m
  > Max. range ISL......... 5016591.233098428m

ISL INFORMATION
  > Total ISLs............. 3167
  > Min. ISLs/satellite.... 3
  > Max. ISLs/satellite.... 4

GSL INTERFACE INFORMATION
  > Min. GSL IFs/satellite........ 1
  > Max. GSL IFs/satellite........ 1
  > Min. GSL IFs/ground station... 1
  > Max. GSL IFs/ground_station... 1

GSL IN-RANGE INFORMATION
  > Total ISLs............. 3167
  > Min. ISLs/satellite.... 3
  > Max. ISLs/satellite.... 4

GSL INTERFACE INFORMATION
  > Min. GSL IFs/satellite........ 1
  > Max. GSL IFs/satellite........ 1
  > Min. GSL IFs/ground station... 1
  > Max. GSL IFs/ground_station... 1

GSL IN-RANGE INFORMATION
  > Min. satellites in range... 4
  > Max. satellites in range... 20
[MODE] SP_OVER_PID_QUOTIENT=True
  > Calculating Floyd-Warshall for graph without ground-station relays
  > Writing forwarding state to: gen_data/starlink_550_isls_failure_l1_ground_stations_top_100_with_hsinchu_algorithm_hierarchical_virtual_gid_27deg_k8/dynamic_state_100ms_for_20s/fstate_6700000000.txt
  > [SIGNALING] 累計統計: 18 事件, 0 字節
FORWARDING STATE AT T = 6800000000ns (= 6.8 seconds)

BASIC INFORMATION
  > Epoch.................. 2000-01-01 00:00:00.000
  > Time since epoch....... 6800000000 ns
  > Absolute time.......... 2000-01-01 00:00:06.800
  > Satellites............. 1584
  > Ground stations........ 101
  > Max. range GSL......... 1089686.4181956202m
  > Max. range ISL......... 5016591.233098428m

ISL INFORMATION
  > Total ISLs............. 3167
  > Min. ISLs/satellite.... 3
  > Max. ISLs/satellite.... 4

GSL INTERFACE INFORMATION
  > Min. GSL IFs/satellite........ 1
  > Max. GSL IFs/satellite........ 1
  > Min. GSL IFs/ground station... 1
  > Max. GSL IFs/ground_station... 1

GSL IN-RANGE INFORMATION
  > Min. satellites in range... 4
  > Max. satellites in range... 20
[MODE] SP_OVER_PID_QUOTIENT=True
  > Calculating Floyd-Warshall for graph without ground-station relays
  > Writing forwarding state to: gen_data/starlink_550_isls_failure_l1_ground_stations_top_100_with_hsinchu_algorithm_hierarchical_virtual_gid_27deg_k8/dynamic_state_100ms_for_20s/fstate_6800000000.txt
  > [SIGNALING] 累計統計: 20 事件, 0 字節
FORWARDING STATE AT T = 6900000000ns (= 6.9 seconds)

BASIC INFORMATION
  > Epoch.................. 2000-01-01 00:00:00.000
  > Time since epoch....... 6900000000 ns
  > Absolute time.......... 2000-01-01 00:00:06.900
  > Satellites............. 1584
  > Ground stations........ 101
  > Max. range GSL......... 1089686.4181956202m
  > Max. range ISL......... 5016591.233098428m

ISL INFORMATION
  > Total ISLs............. 3167
  > Min. ISLs/satellite.... 3
  > Max. ISLs/satellite.... 4

GSL INTERFACE INFORMATION
  > Min. GSL IFs/satellite........ 1
  > Max. GSL IFs/satellite........ 1
  > Min. GSL IFs/ground station... 1
  > Max. GSL IFs/ground_station... 1

GSL IN-RANGE INFORMATION
  > Min. satellites in range... 4
  > Max. satellites in range... 20
[MODE] SP_OVER_PID_QUOTIENT=True
  > Calculating Floyd-Warshall for graph without ground-station relays
  > Writing forwarding state to: gen_data/starlink_550_isls_failure_l1_ground_stations_top_100_with_hsinchu_algorithm_hierarchical_virtual_gid_27deg_k8/dynamic_state_100ms_for_20s/fstate_6900000000.txt
  > [SIGNALING] 累計統計: 22 事件, 0 字節
FORWARDING STATE AT T = 7000000000ns (= 7.0 seconds)

BASIC INFORMATION
  > Epoch.................. 2000-01-01 00:00:00.000
  > Time since epoch....... 7000000000 ns
  > Absolute time.......... 2000-01-01 00:00:07.000
  > Satellites............. 1584
  > Ground stations........ 101
  > Max. range GSL......... 1089686.4181956202m
  > Max. range ISL......... 5016591.233098428m

ISL INFORMATION
  > Total ISLs............. 3167
  > Min. ISLs/satellite.... 3
  > Max. ISLs/satellite.... 4

GSL INTERFACE INFORMATION
  > Min. GSL IFs/satellite........ 1
  > Max. GSL IFs/satellite........ 1
  > Min. GSL IFs/ground station... 1
  > Max. GSL IFs/ground_station... 1

GSL IN-RANGE INFORMATION
  > Min. satellites in range... 4
  > Max. satellites in range... 20
[MODE] SP_OVER_PID_QUOTIENT=True
  > Calculating Floyd-Warshall for graph without ground-station relays
  > Writing forwarding state to: gen_data/starlink_550_isls_failure_l1_ground_stations_top_100_with_hsinchu_algorithm_hierarchical_virtual_gid_27deg_k8/dynamic_state_100ms_for_20s/fstate_7000000000.txt
  > [SIGNALING] 累計統計: 24 事件, 0 字節
FORWARDING STATE AT T = 7100000000ns (= 7.1 seconds)

BASIC INFORMATION
  > Epoch.................. 2000-01-01 00:00:00.000
  > Time since epoch....... 7100000000 ns
  > Absolute time.......... 2000-01-01 00:00:07.100
  > Satellites............. 1584
  > Ground stations........ 101
  > Max. range GSL......... 1089686.4181956202m
  > Max. range ISL......... 5016591.233098428m

ISL INFORMATION
  > Total ISLs............. 3167
  > Min. ISLs/satellite.... 3
  > Max. ISLs/satellite.... 4

GSL INTERFACE INFORMATION
  > Min. GSL IFs/satellite........ 1
  > Max. GSL IFs/satellite........ 1
  > Min. GSL IFs/ground station... 1
  > Max. GSL IFs/ground_station... 1

GSL IN-RANGE INFORMATION
  > Min. satellites in range... 4
  > Max. satellites in range... 20
[MODE] SP_OVER_PID_QUOTIENT=True
  > Calculating Floyd-Warshall for graph without ground-station relays
  > Writing forwarding state to: gen_data/starlink_550_isls_failure_l1_ground_stations_top_100_with_hsinchu_algorithm_hierarchical_virtual_gid_27deg_k8/dynamic_state_100ms_for_20s/fstate_7100000000.txt
  > [SIGNALING] 累計統計: 26 事件, 0 字節
FORWARDING STATE AT T = 7200000000ns (= 7.2 seconds)

BASIC INFORMATION
  > Epoch.................. 2000-01-01 00:00:00.000
  > Time since epoch....... 7200000000 ns
  > Absolute time.......... 2000-01-01 00:00:07.200
  > Satellites............. 1584
  > Ground stations........ 101
  > Max. range GSL......... 1089686.4181956202m
  > Max. range ISL......... 5016591.233098428m

ISL INFORMATION
  > Total ISLs............. 3167
  > Min. ISLs/satellite.... 3
  > Max. ISLs/satellite.... 4

GSL INTERFACE INFORMATION
  > Min. GSL IFs/satellite........ 1
  > Max. GSL IFs/satellite........ 1
  > Min. GSL IFs/ground station... 1
  > Max. GSL IFs/ground_station... 1

GSL IN-RANGE INFORMATION
  > Min. satellites in range... 4
  > Max. satellites in range... 20
[MODE] SP_OVER_PID_QUOTIENT=True
  > Calculating Floyd-Warshall for graph without ground-station relays
  > Writing forwarding state to: gen_data/starlink_550_isls_failure_l1_ground_stations_top_100_with_hsinchu_algorithm_hierarchical_virtual_gid_27deg_k8/dynamic_state_100ms_for_20s/fstate_7200000000.txt
  > [SIGNALING] 累計統計: 28 事件, 0 字節
FORWARDING STATE AT T = 7300000000ns (= 7.3 seconds)

BASIC INFORMATION
  > Epoch.................. 2000-01-01 00:00:00.000
  > Time since epoch....... 7300000000 ns
  > Absolute time.......... 2000-01-01 00:00:07.300
  > Satellites............. 1584
  > Ground stations........ 101
  > Max. range GSL......... 1089686.4181956202m
  > Max. range ISL......... 5016591.233098428m

ISL INFORMATION
  > Total ISLs............. 3167
  > Min. ISLs/satellite.... 3
  > Max. ISLs/satellite.... 4

GSL INTERFACE INFORMATION
  > Min. GSL IFs/satellite........ 1
  > Max. GSL IFs/satellite........ 1
  > Min. GSL IFs/ground station... 1
  > Max. GSL IFs/ground_station... 1

GSL IN-RANGE INFORMATION
  > Min. satellites in range... 4
  > Max. satellites in range... 20
[MODE] SP_OVER_PID_QUOTIENT=True
  > Calculating Floyd-Warshall for graph without ground-station relays
  > Writing forwarding state to: gen_data/starlink_550_isls_failure_l1_ground_stations_top_100_with_hsinchu_algorithm_hierarchical_virtual_gid_27deg_k8/dynamic_state_100ms_for_20s/fstate_7300000000.txt
  > [SIGNALING] 累計統計: 30 事件, 0 字節
FORWARDING STATE AT T = 7400000000ns (= 7.4 seconds)

BASIC INFORMATION
  > Epoch.................. 2000-01-01 00:00:00.000
  > Time since epoch....... 7400000000 ns
  > Absolute time.......... 2000-01-01 00:00:07.400
  > Satellites............. 1584
  > Ground stations........ 101
  > Max. range GSL......... 1089686.4181956202m
  > Max. range ISL......... 5016591.233098428m

ISL INFORMATION
  > Total ISLs............. 3167
  > Min. ISLs/satellite.... 3
  > Max. ISLs/satellite.... 4

GSL INTERFACE INFORMATION
  > Min. GSL IFs/satellite........ 1
  > Max. GSL IFs/satellite........ 1
  > Min. GSL IFs/ground station... 1
  > Max. GSL IFs/ground_station... 1

GSL IN-RANGE INFORMATION
  > Min. satellites in range... 4
  > Max. satellites in range... 20
  > Total ISLs............. 3167
  > Min. ISLs/satellite.... 3
  > Max. ISLs/satellite.... 4

GSL INTERFACE INFORMATION
  > Min. GSL IFs/satellite........ 1
  > Max. GSL IFs/satellite........ 1
  > Min. GSL IFs/ground station... 1
  > Max. GSL IFs/ground_station... 1

GSL IN-RANGE INFORMATION
  > Min. satellites in range... 4
  > Max. satellites in range... 20
[MODE] SP_OVER_PID_QUOTIENT=True
  > Calculating Floyd-Warshall for graph without ground-station relays
  > Writing forwarding state to: gen_data/starlink_550_isls_failure_l1_ground_stations_top_100_with_hsinchu_algorithm_hierarchical_virtual_gid_27deg_k8/dynamic_state_100ms_for_20s/fstate_4700000000.txt
  > [SIGNALING] 累計統計: 18 事件, 0 字節
FORWARDING STATE AT T = 4800000000ns (= 4.8 seconds)

BASIC INFORMATION
  > Epoch.................. 2000-01-01 00:00:00.000
  > Time since epoch....... 4800000000 ns
  > Absolute time.......... 2000-01-01 00:00:04.800
  > Satellites............. 1584
  > Ground stations........ 101
  > Max. range GSL......... 1089686.4181956202m
  > Max. range ISL......... 5016591.233098428m

ISL INFORMATION
  > Total ISLs............. 3167
  > Min. ISLs/satellite.... 3
  > Max. ISLs/satellite.... 4

GSL INTERFACE INFORMATION
  > Min. GSL IFs/satellite........ 1
  > Max. GSL IFs/satellite........ 1
  > Min. GSL IFs/ground station... 1
  > Max. GSL IFs/ground_station... 1

GSL IN-RANGE INFORMATION
  > Min. satellites in range... 4
  > Max. satellites in range... 20
[MODE] SP_OVER_PID_QUOTIENT=True
  > Calculating Floyd-Warshall for graph without ground-station relays
  > Writing forwarding state to: gen_data/starlink_550_isls_failure_l1_ground_stations_top_100_with_hsinchu_algorithm_hierarchical_virtual_gid_27deg_k8/dynamic_state_100ms_for_20s/fstate_4800000000.txt
  > [SIGNALING] 累計統計: 20 事件, 0 字節
FORWARDING STATE AT T = 4900000000ns (= 4.9 seconds)

BASIC INFORMATION
  > Epoch.................. 2000-01-01 00:00:00.000
  > Time since epoch....... 4900000000 ns
  > Absolute time.......... 2000-01-01 00:00:04.900
  > Satellites............. 1584
  > Ground stations........ 101
  > Max. range GSL......... 1089686.4181956202m
  > Max. range ISL......... 5016591.233098428m

ISL INFORMATION
  > Total ISLs............. 3167
  > Min. ISLs/satellite.... 3
  > Max. ISLs/satellite.... 4

GSL INTERFACE INFORMATION
  > Min. GSL IFs/satellite........ 1
  > Max. GSL IFs/satellite........ 1
  > Min. GSL IFs/ground station... 1
  > Max. GSL IFs/ground_station... 1

GSL IN-RANGE INFORMATION
  > Min. satellites in range... 4
  > Max. satellites in range... 20
[MODE] SP_OVER_PID_QUOTIENT=True
  > Calculating Floyd-Warshall for graph without ground-station relays
  > Writing forwarding state to: gen_data/starlink_550_isls_failure_l1_ground_stations_top_100_with_hsinchu_algorithm_hierarchical_virtual_gid_27deg_k8/dynamic_state_100ms_for_20s/fstate_4900000000.txt
  > [SIGNALING] 累計統計: 22 事件, 0 字節
FORWARDING STATE AT T = 5000000000ns (= 5.0 seconds)

BASIC INFORMATION
  > Epoch.................. 2000-01-01 00:00:00.000
  > Time since epoch....... 5000000000 ns
  > Absolute time.......... 2000-01-01 00:00:05.000
  > Satellites............. 1584
  > Ground stations........ 101
  > Max. range GSL......... 1089686.4181956202m
  > Max. range ISL......... 5016591.233098428m

ISL INFORMATION
  > Total ISLs............. 3167
  > Min. ISLs/satellite.... 3
  > Max. ISLs/satellite.... 4

GSL INTERFACE INFORMATION
  > Min. GSL IFs/satellite........ 1
  > Max. GSL IFs/satellite........ 1
  > Min. GSL IFs/ground station... 1
  > Max. GSL IFs/ground_station... 1

GSL IN-RANGE INFORMATION
  > Min. satellites in range... 4
  > Max. satellites in range... 20
[MODE] SP_OVER_PID_QUOTIENT=True
  > Calculating Floyd-Warshall for graph without ground-station relays
  > Writing forwarding state to: gen_data/starlink_550_isls_failure_l1_ground_stations_top_100_with_hsinchu_algorithm_hierarchical_virtual_gid_27deg_k8/dynamic_state_100ms_for_20s/fstate_5000000000.txt
  > [SIGNALING] 累計統計: 25 事件, 0 字節
FORWARDING STATE AT T = 5100000000ns (= 5.1 seconds)

BASIC INFORMATION
  > Epoch.................. 2000-01-01 00:00:00.000
  > Time since epoch....... 5100000000 ns
  > Absolute time.......... 2000-01-01 00:00:05.100
  > Satellites............. 1584
  > Ground stations........ 101
  > Max. range GSL......... 1089686.4181956202m
  > Max. range ISL......... 5016591.233098428m

ISL INFORMATION
  > Total ISLs............. 3167
  > Min. ISLs/satellite.... 3
  > Max. ISLs/satellite.... 4

GSL INTERFACE INFORMATION
  > Min. GSL IFs/satellite........ 1
  > Max. GSL IFs/satellite........ 1
  > Min. GSL IFs/ground station... 1
  > Max. GSL IFs/ground_station... 1

GSL IN-RANGE INFORMATION
  > Min. satellites in range... 4
  > Max. satellites in range... 20
[MODE] SP_OVER_PID_QUOTIENT=True
  > Calculating Floyd-Warshall for graph without ground-station relays
  > Writing forwarding state to: gen_data/starlink_550_isls_failure_l1_ground_stations_top_100_with_hsinchu_algorithm_hierarchical_virtual_gid_27deg_k8/dynamic_state_100ms_for_20s/fstate_5100000000.txt
  > [SIGNALING] 累計統計: 27 事件, 0 字節
FORWARDING STATE AT T = 5200000000ns (= 5.2 seconds)

BASIC INFORMATION
  > Epoch.................. 2000-01-01 00:00:00.000
  > Time since epoch....... 5200000000 ns
  > Absolute time.......... 2000-01-01 00:00:05.200
  > Satellites............. 1584
  > Ground stations........ 101
  > Max. range GSL......... 1089686.4181956202m
  > Max. range ISL......... 5016591.233098428m

ISL INFORMATION
  > Total ISLs............. 3167
  > Min. ISLs/satellite.... 3
  > Max. ISLs/satellite.... 4

GSL INTERFACE INFORMATION
  > Min. GSL IFs/satellite........ 1
  > Max. GSL IFs/satellite........ 1
  > Min. GSL IFs/ground station... 1
  > Max. GSL IFs/ground_station... 1

GSL IN-RANGE INFORMATION
  > Min. satellites in range... 4
  > Max. satellites in range... 20
[MODE] SP_OVER_PID_QUOTIENT=True
  > Calculating Floyd-Warshall for graph without ground-station relays
  > Writing forwarding state to: gen_data/starlink_550_isls_failure_l1_ground_stations_top_100_with_hsinchu_algorithm_hierarchical_virtual_gid_27deg_k8/dynamic_state_100ms_for_20s/fstate_5200000000.txt
  > [SIGNALING] 累計統計: 29 事件, 0 字節
FORWARDING STATE AT T = 5300000000ns (= 5.3 seconds)

BASIC INFORMATION
  > Epoch.................. 2000-01-01 00:00:00.000
  > Time since epoch....... 5300000000 ns
  > Absolute time.......... 2000-01-01 00:00:05.300
  > Satellites............. 1584
  > Ground stations........ 101
  > Max. range GSL......... 1089686.4181956202m
  > Max. range ISL......... 5016591.233098428m

ISL INFORMATION
  > Total ISLs............. 3167
  > Min. ISLs/satellite.... 3
  > Max. ISLs/satellite.... 4

GSL INTERFACE INFORMATION
  > Min. GSL IFs/satellite........ 1
  > Max. GSL IFs/satellite........ 1
  > Min. GSL IFs/ground station... 1
  > Max. GSL IFs/ground_station... 1

GSL IN-RANGE INFORMATION
  > Min. satellites in range... 4
  > Max. satellites in range... 20
[MODE] SP_OVER_PID_QUOTIENT=True
  > Calculating Floyd-Warshall for graph without ground-station relays
  > Writing forwarding state to: gen_data/starlink_550_isls_failure_l1_ground_stations_top_100_with_hsinchu_algorithm_hierarchical_virtual_gid_27deg_k8/dynamic_state_100ms_for_20s/fstate_5300000000.txt
  > [SIGNALING] 累計統計: 31 事件, 0 字節
FORWARDING STATE AT T = 5400000000ns (= 5.4 seconds)

BASIC INFORMATION
  > Epoch.................. 2000-01-01 00:00:00.000
  > Time since epoch....... 5400000000 ns
  > Absolute time.......... 2000-01-01 00:00:05.400
  > Satellites............. 1584
  > Ground stations........ 101
  > Max. range GSL......... 1089686.4181956202m
  > Max. range ISL......... 5016591.233098428m

ISL INFORMATION
  > Total ISLs............. 3167
  > Min. ISLs/satellite.... 3
  > Max. ISLs/satellite.... 4

GSL INTERFACE INFORMATION
  > Min. GSL IFs/satellite........ 1
  > Max. GSL IFs/satellite........ 1
  > Min. GSL IFs/ground station... 1
  > Max. GSL IFs/ground_station... 1

GSL IN-RANGE INFORMATION
  > Min. satellites in range... 4
  > Max. satellites in range... 20
  > Max. range ISL......... 5016591.233098428m

ISL INFORMATION
  > Total ISLs............. 3167
  > Min. ISLs/satellite.... 3
  > Max. ISLs/satellite.... 4

GSL INTERFACE INFORMATION
  > Min. GSL IFs/satellite........ 1
  > Max. GSL IFs/satellite........ 1
  > Min. GSL IFs/ground station... 1
  > Max. GSL IFs/ground_station... 1

GSL IN-RANGE INFORMATION
  > Min. satellites in range... 4
  > Max. satellites in range... 20
[MODE] SP_OVER_PID_QUOTIENT=True
  > Calculating Floyd-Warshall for graph without ground-station relays
  > Writing forwarding state to: gen_data/starlink_550_isls_failure_l1_ground_stations_top_100_with_hsinchu_algorithm_hierarchical_virtual_gid_27deg_k8/dynamic_state_100ms_for_20s/fstate_18700000000.txt
  > [SIGNALING] 累計統計: 18 事件, 0 字節
FORWARDING STATE AT T = 18800000000ns (= 18.8 seconds)

BASIC INFORMATION
  > Epoch.................. 2000-01-01 00:00:00.000
  > Time since epoch....... 18800000000 ns
  > Absolute time.......... 2000-01-01 00:00:18.800
  > Satellites............. 1584
  > Ground stations........ 101
  > Max. range GSL......... 1089686.4181956202m
  > Max. range ISL......... 5016591.233098428m

ISL INFORMATION
  > Total ISLs............. 3167
  > Min. ISLs/satellite.... 3
  > Max. ISLs/satellite.... 4

GSL INTERFACE INFORMATION
  > Min. GSL IFs/satellite........ 1
  > Max. GSL IFs/satellite........ 1
  > Min. GSL IFs/ground station... 1
  > Max. GSL IFs/ground_station... 1

GSL IN-RANGE INFORMATION
  > Min. satellites in range... 4
  > Max. satellites in range... 20
[MODE] SP_OVER_PID_QUOTIENT=True
  > Calculating Floyd-Warshall for graph without ground-station relays
  > Writing forwarding state to: gen_data/starlink_550_isls_failure_l1_ground_stations_top_100_with_hsinchu_algorithm_hierarchical_virtual_gid_27deg_k8/dynamic_state_100ms_for_20s/fstate_18800000000.txt
  > [SIGNALING] 累計統計: 19 事件, 0 字節
FORWARDING STATE AT T = 18900000000ns (= 18.9 seconds)

BASIC INFORMATION
  > Epoch.................. 2000-01-01 00:00:00.000
  > Time since epoch....... 18900000000 ns
  > Absolute time.......... 2000-01-01 00:00:18.900
  > Satellites............. 1584
  > Ground stations........ 101
  > Max. range GSL......... 1089686.4181956202m
  > Max. range ISL......... 5016591.233098428m

ISL INFORMATION
  > Total ISLs............. 3167
  > Min. ISLs/satellite.... 3
  > Max. ISLs/satellite.... 4

GSL INTERFACE INFORMATION
  > Min. GSL IFs/satellite........ 1
  > Max. GSL IFs/satellite........ 1
  > Min. GSL IFs/ground station... 1
  > Max. GSL IFs/ground_station... 1

GSL IN-RANGE INFORMATION
  > Min. satellites in range... 4
  > Max. satellites in range... 20
[MODE] SP_OVER_PID_QUOTIENT=True
  > Calculating Floyd-Warshall for graph without ground-station relays
  > Writing forwarding state to: gen_data/starlink_550_isls_failure_l1_ground_stations_top_100_with_hsinchu_algorithm_hierarchical_virtual_gid_27deg_k8/dynamic_state_100ms_for_20s/fstate_18900000000.txt
  > [SIGNALING] 累計統計: 21 事件, 0 字節
FORWARDING STATE AT T = 19000000000ns (= 19.0 seconds)

BASIC INFORMATION
  > Epoch.................. 2000-01-01 00:00:00.000
  > Time since epoch....... 19000000000 ns
  > Absolute time.......... 2000-01-01 00:00:19.000
  > Satellites............. 1584
  > Ground stations........ 101
  > Max. range GSL......... 1089686.4181956202m
  > Max. range ISL......... 5016591.233098428m

ISL INFORMATION
  > Total ISLs............. 3167
  > Min. ISLs/satellite.... 3
  > Max. ISLs/satellite.... 4

GSL INTERFACE INFORMATION
  > Min. GSL IFs/satellite........ 1
  > Max. GSL IFs/satellite........ 1
  > Min. GSL IFs/ground station... 1
  > Max. GSL IFs/ground_station... 1

GSL IN-RANGE INFORMATION
  > Min. satellites in range... 4
  > Max. satellites in range... 20
[MODE] SP_OVER_PID_QUOTIENT=True
  > Calculating Floyd-Warshall for graph without ground-station relays
  > Writing forwarding state to: gen_data/starlink_550_isls_failure_l1_ground_stations_top_100_with_hsinchu_algorithm_hierarchical_virtual_gid_27deg_k8/dynamic_state_100ms_for_20s/fstate_19000000000.txt
  > [SIGNALING] 累計統計: 24 事件, 0 字節
FORWARDING STATE AT T = 19100000000ns (= 19.1 seconds)

BASIC INFORMATION
  > Epoch.................. 2000-01-01 00:00:00.000
  > Time since epoch....... 19100000000 ns
  > Absolute time.......... 2000-01-01 00:00:19.100
  > Satellites............. 1584
  > Ground stations........ 101
  > Max. range GSL......... 1089686.4181956202m
  > Max. range ISL......... 5016591.233098428m

ISL INFORMATION
  > Total ISLs............. 3167
  > Min. ISLs/satellite.... 3
  > Max. ISLs/satellite.... 4

GSL INTERFACE INFORMATION
  > Min. GSL IFs/satellite........ 1
  > Max. GSL IFs/satellite........ 1
  > Min. GSL IFs/ground station... 1
  > Max. GSL IFs/ground_station... 1

GSL IN-RANGE INFORMATION
  > Min. satellites in range... 4
  > Max. satellites in range... 20
[MODE] SP_OVER_PID_QUOTIENT=True
  > Calculating Floyd-Warshall for graph without ground-station relays
  > Writing forwarding state to: gen_data/starlink_550_isls_failure_l1_ground_stations_top_100_with_hsinchu_algorithm_hierarchical_virtual_gid_27deg_k8/dynamic_state_100ms_for_20s/fstate_19100000000.txt
  > [SIGNALING] 累計統計: 26 事件, 0 字節
FORWARDING STATE AT T = 19200000000ns (= 19.2 seconds)

BASIC INFORMATION
  > Epoch.................. 2000-01-01 00:00:00.000
  > Time since epoch....... 19200000000 ns
  > Absolute time.......... 2000-01-01 00:00:19.200
  > Satellites............. 1584
  > Ground stations........ 101
  > Max. range GSL......... 1089686.4181956202m
  > Max. range ISL......... 5016591.233098428m

ISL INFORMATION
  > Total ISLs............. 3167
  > Min. ISLs/satellite.... 3
  > Max. ISLs/satellite.... 4

GSL INTERFACE INFORMATION
  > Min. GSL IFs/satellite........ 1
  > Max. GSL IFs/satellite........ 1
  > Min. GSL IFs/ground station... 1
  > Max. GSL IFs/ground_station... 1

GSL IN-RANGE INFORMATION
  > Min. satellites in range... 4
  > Max. satellites in range... 20
[MODE] SP_OVER_PID_QUOTIENT=True
  > Calculating Floyd-Warshall for graph without ground-station relays
  > Writing forwarding state to: gen_data/starlink_550_isls_failure_l1_ground_stations_top_100_with_hsinchu_algorithm_hierarchical_virtual_gid_27deg_k8/dynamic_state_100ms_for_20s/fstate_19200000000.txt
  > [SIGNALING] 累計統計: 28 事件, 0 字節
FORWARDING STATE AT T = 19300000000ns (= 19.3 seconds)

BASIC INFORMATION
  > Epoch.................. 2000-01-01 00:00:00.000
  > Time since epoch....... 19300000000 ns
  > Absolute time.......... 2000-01-01 00:00:19.300
  > Satellites............. 1584
  > Ground stations........ 101
  > Max. range GSL......... 1089686.4181956202m
  > Max. range ISL......... 5016591.233098428m

ISL INFORMATION
  > Total ISLs............. 3167
  > Min. ISLs/satellite.... 3
  > Max. ISLs/satellite.... 4

GSL INTERFACE INFORMATION
  > Min. GSL IFs/satellite........ 1
  > Max. GSL IFs/satellite........ 1
  > Min. GSL IFs/ground station... 1
  > Max. GSL IFs/ground_station... 1

GSL IN-RANGE INFORMATION
  > Min. satellites in range... 4
  > Max. satellites in range... 20
[MODE] SP_OVER_PID_QUOTIENT=True
  > Calculating Floyd-Warshall for graph without ground-station relays
  > Writing forwarding state to: gen_data/starlink_550_isls_failure_l1_ground_stations_top_100_with_hsinchu_algorithm_hierarchical_virtual_gid_27deg_k8/dynamic_state_100ms_for_20s/fstate_19300000000.txt
  > [SIGNALING] 累計統計: 30 事件, 0 字節
FORWARDING STATE AT T = 19400000000ns (= 19.4 seconds)

BASIC INFORMATION
  > Epoch.................. 2000-01-01 00:00:00.000
  > Time since epoch....... 19400000000 ns
  > Absolute time.......... 2000-01-01 00:00:19.400
  > Satellites............. 1584
  > Ground stations........ 101
  > Max. range GSL......... 1089686.4181956202m
  > Max. range ISL......... 5016591.233098428m

ISL INFORMATION
  > Total ISLs............. 3167
  > Min. ISLs/satellite.... 3
  > Max. ISLs/satellite.... 4

GSL INTERFACE INFORMATION
  > Min. GSL IFs/satellite........ 1
  > Max. GSL IFs/satellite........ 1
  > Min. GSL IFs/ground station... 1
  > Max. GSL IFs/ground_station... 1

GSL IN-RANGE INFORMATION
  > Max. range ISL......... 5016591.233098428m

ISL INFORMATION
  > Total ISLs............. 3167
  > Min. ISLs/satellite.... 3
  > Max. ISLs/satellite.... 4

GSL INTERFACE INFORMATION
  > Min. GSL IFs/satellite........ 1
  > Max. GSL IFs/satellite........ 1
  > Min. GSL IFs/ground station... 1
  > Max. GSL IFs/ground_station... 1

GSL IN-RANGE INFORMATION
  > Min. satellites in range... 4
  > Max. satellites in range... 20
[MODE] SP_OVER_PID_QUOTIENT=True
  > Calculating Floyd-Warshall for graph without ground-station relays
  > Writing forwarding state to: gen_data/starlink_550_isls_failure_l1_ground_stations_top_100_with_hsinchu_algorithm_hierarchical_virtual_gid_27deg_k8/dynamic_state_100ms_for_20s/fstate_16700000000.txt
  > [SIGNALING] 累計統計: 18 事件, 0 字節
FORWARDING STATE AT T = 16800000000ns (= 16.8 seconds)

BASIC INFORMATION
  > Epoch.................. 2000-01-01 00:00:00.000
  > Time since epoch....... 16800000000 ns
  > Absolute time.......... 2000-01-01 00:00:16.800
  > Satellites............. 1584
  > Ground stations........ 101
  > Max. range GSL......... 1089686.4181956202m
  > Max. range ISL......... 5016591.233098428m

ISL INFORMATION
  > Total ISLs............. 3167
  > Min. ISLs/satellite.... 3
  > Max. ISLs/satellite.... 4

GSL INTERFACE INFORMATION
  > Min. GSL IFs/satellite........ 1
  > Max. GSL IFs/satellite........ 1
  > Min. GSL IFs/ground station... 1
  > Max. GSL IFs/ground_station... 1

GSL IN-RANGE INFORMATION
  > Min. satellites in range... 4
  > Max. satellites in range... 20
[MODE] SP_OVER_PID_QUOTIENT=True
  > Calculating Floyd-Warshall for graph without ground-station relays
  > Writing forwarding state to: gen_data/starlink_550_isls_failure_l1_ground_stations_top_100_with_hsinchu_algorithm_hierarchical_virtual_gid_27deg_k8/dynamic_state_100ms_for_20s/fstate_16800000000.txt
  > [SIGNALING] 累計統計: 20 事件, 0 字節
FORWARDING STATE AT T = 16900000000ns (= 16.9 seconds)

BASIC INFORMATION
  > Epoch.................. 2000-01-01 00:00:00.000
  > Time since epoch....... 16900000000 ns
  > Absolute time.......... 2000-01-01 00:00:16.900
  > Satellites............. 1584
  > Ground stations........ 101
  > Max. range GSL......... 1089686.4181956202m
  > Max. range ISL......... 5016591.233098428m

ISL INFORMATION
  > Total ISLs............. 3167
  > Min. ISLs/satellite.... 3
  > Max. ISLs/satellite.... 4

GSL INTERFACE INFORMATION
  > Min. GSL IFs/satellite........ 1
  > Max. GSL IFs/satellite........ 1
  > Min. GSL IFs/ground station... 1
  > Max. GSL IFs/ground_station... 1

GSL IN-RANGE INFORMATION
  > Min. satellites in range... 4
  > Max. satellites in range... 20
[MODE] SP_OVER_PID_QUOTIENT=True
  > Calculating Floyd-Warshall for graph without ground-station relays
  > Writing forwarding state to: gen_data/starlink_550_isls_failure_l1_ground_stations_top_100_with_hsinchu_algorithm_hierarchical_virtual_gid_27deg_k8/dynamic_state_100ms_for_20s/fstate_16900000000.txt
  > [SIGNALING] 累計統計: 22 事件, 0 字節
FORWARDING STATE AT T = 17000000000ns (= 17.0 seconds)

BASIC INFORMATION
  > Epoch.................. 2000-01-01 00:00:00.000
  > Time since epoch....... 17000000000 ns
  > Absolute time.......... 2000-01-01 00:00:17.000
  > Satellites............. 1584
  > Ground stations........ 101
  > Max. range GSL......... 1089686.4181956202m
  > Max. range ISL......... 5016591.233098428m

ISL INFORMATION
  > Total ISLs............. 3167
  > Min. ISLs/satellite.... 3
  > Max. ISLs/satellite.... 4

GSL INTERFACE INFORMATION
  > Min. GSL IFs/satellite........ 1
  > Max. GSL IFs/satellite........ 1
  > Min. GSL IFs/ground station... 1
  > Max. GSL IFs/ground_station... 1

GSL IN-RANGE INFORMATION
  > Min. satellites in range... 4
  > Max. satellites in range... 20
[MODE] SP_OVER_PID_QUOTIENT=True
  > Calculating Floyd-Warshall for graph without ground-station relays
  > Writing forwarding state to: gen_data/starlink_550_isls_failure_l1_ground_stations_top_100_with_hsinchu_algorithm_hierarchical_virtual_gid_27deg_k8/dynamic_state_100ms_for_20s/fstate_17000000000.txt
  > [SIGNALING] 累計統計: 25 事件, 0 字節
FORWARDING STATE AT T = 17100000000ns (= 17.1 seconds)

BASIC INFORMATION
  > Epoch.................. 2000-01-01 00:00:00.000
  > Time since epoch....... 17100000000 ns
  > Absolute time.......... 2000-01-01 00:00:17.100
  > Satellites............. 1584
  > Ground stations........ 101
  > Max. range GSL......... 1089686.4181956202m
  > Max. range ISL......... 5016591.233098428m

ISL INFORMATION
  > Total ISLs............. 3167
  > Min. ISLs/satellite.... 3
  > Max. ISLs/satellite.... 4

GSL INTERFACE INFORMATION
  > Min. GSL IFs/satellite........ 1
  > Max. GSL IFs/satellite........ 1
  > Min. GSL IFs/ground station... 1
  > Max. GSL IFs/ground_station... 1

GSL IN-RANGE INFORMATION
  > Min. satellites in range... 4
  > Max. satellites in range... 20
[MODE] SP_OVER_PID_QUOTIENT=True
  > Calculating Floyd-Warshall for graph without ground-station relays
  > Writing forwarding state to: gen_data/starlink_550_isls_failure_l1_ground_stations_top_100_with_hsinchu_algorithm_hierarchical_virtual_gid_27deg_k8/dynamic_state_100ms_for_20s/fstate_17100000000.txt
  > [SIGNALING] 累計統計: 27 事件, 0 字節
FORWARDING STATE AT T = 17200000000ns (= 17.2 seconds)

BASIC INFORMATION
  > Epoch.................. 2000-01-01 00:00:00.000
  > Time since epoch....... 17200000000 ns
  > Absolute time.......... 2000-01-01 00:00:17.200
  > Satellites............. 1584
  > Ground stations........ 101
  > Max. range GSL......... 1089686.4181956202m
  > Max. range ISL......... 5016591.233098428m

ISL INFORMATION
  > Total ISLs............. 3167
  > Min. ISLs/satellite.... 3
  > Max. ISLs/satellite.... 4

GSL INTERFACE INFORMATION
  > Min. GSL IFs/satellite........ 1
  > Max. GSL IFs/satellite........ 1
  > Min. GSL IFs/ground station... 1
  > Max. GSL IFs/ground_station... 1

GSL IN-RANGE INFORMATION
  > Min. satellites in range... 4
  > Max. satellites in range... 20
[MODE] SP_OVER_PID_QUOTIENT=True
  > Calculating Floyd-Warshall for graph without ground-station relays
  > Writing forwarding state to: gen_data/starlink_550_isls_failure_l1_ground_stations_top_100_with_hsinchu_algorithm_hierarchical_virtual_gid_27deg_k8/dynamic_state_100ms_for_20s/fstate_17200000000.txt
  > [SIGNALING] 累計統計: 29 事件, 0 字節
FORWARDING STATE AT T = 17300000000ns (= 17.3 seconds)

BASIC INFORMATION
  > Epoch.................. 2000-01-01 00:00:00.000
  > Time since epoch....... 17300000000 ns
  > Absolute time.......... 2000-01-01 00:00:17.300
  > Satellites............. 1584
  > Ground stations........ 101
  > Max. range GSL......... 1089686.4181956202m
  > Max. range ISL......... 5016591.233098428m

ISL INFORMATION
  > Total ISLs............. 3167
  > Min. ISLs/satellite.... 3
  > Max. ISLs/satellite.... 4

GSL INTERFACE INFORMATION
  > Min. GSL IFs/satellite........ 1
  > Max. GSL IFs/satellite........ 1
  > Min. GSL IFs/ground station... 1
  > Max. GSL IFs/ground_station... 1

GSL IN-RANGE INFORMATION
  > Min. satellites in range... 4
  > Max. satellites in range... 20
[MODE] SP_OVER_PID_QUOTIENT=True
  > Calculating Floyd-Warshall for graph without ground-station relays
  > Writing forwarding state to: gen_data/starlink_550_isls_failure_l1_ground_stations_top_100_with_hsinchu_algorithm_hierarchical_virtual_gid_27deg_k8/dynamic_state_100ms_for_20s/fstate_17300000000.txt
  > [SIGNALING] 累計統計: 31 事件, 0 字節
FORWARDING STATE AT T = 17400000000ns (= 17.4 seconds)

BASIC INFORMATION
  > Epoch.................. 2000-01-01 00:00:00.000
  > Time since epoch....... 17400000000 ns
  > Absolute time.......... 2000-01-01 00:00:17.400
  > Satellites............. 1584
  > Ground stations........ 101
  > Max. range GSL......... 1089686.4181956202m
  > Max. range ISL......... 5016591.233098428m

ISL INFORMATION
  > Total ISLs............. 3167
  > Min. ISLs/satellite.... 3
  > Max. ISLs/satellite.... 4

GSL INTERFACE INFORMATION
  > Min. GSL IFs/satellite........ 1
  > Max. GSL IFs/satellite........ 1
  > Min. GSL IFs/ground station... 1
  > Max. GSL IFs/ground_station... 1

GSL IN-RANGE INFORMATION
  > Max. range ISL......... 5016591.233098428m

ISL INFORMATION
  > Total ISLs............. 3167
  > Min. ISLs/satellite.... 3
  > Max. ISLs/satellite.... 4

GSL INTERFACE INFORMATION
  > Min. GSL IFs/satellite........ 1
  > Max. GSL IFs/satellite........ 1
  > Min. GSL IFs/ground station... 1
  > Max. GSL IFs/ground_station... 1

GSL IN-RANGE INFORMATION
  > Min. satellites in range... 4
  > Max. satellites in range... 20
[MODE] SP_OVER_PID_QUOTIENT=True
  > Calculating Floyd-Warshall for graph without ground-station relays
  > Writing forwarding state to: gen_data/starlink_550_isls_failure_l1_ground_stations_top_100_with_hsinchu_algorithm_hierarchical_virtual_gid_27deg_k8/dynamic_state_100ms_for_20s/fstate_14700000000.txt
  > [SIGNALING] 累計統計: 18 事件, 0 字節
FORWARDING STATE AT T = 14800000000ns (= 14.8 seconds)

BASIC INFORMATION
  > Epoch.................. 2000-01-01 00:00:00.000
  > Time since epoch....... 14800000000 ns
  > Absolute time.......... 2000-01-01 00:00:14.800
  > Satellites............. 1584
  > Ground stations........ 101
  > Max. range GSL......... 1089686.4181956202m
  > Max. range ISL......... 5016591.233098428m

ISL INFORMATION
  > Total ISLs............. 3167
  > Min. ISLs/satellite.... 3
  > Max. ISLs/satellite.... 4

GSL INTERFACE INFORMATION
  > Min. GSL IFs/satellite........ 1
  > Max. GSL IFs/satellite........ 1
  > Min. GSL IFs/ground station... 1
  > Max. GSL IFs/ground_station... 1

GSL IN-RANGE INFORMATION
  > Min. satellites in range... 4
  > Max. satellites in range... 20
[MODE] SP_OVER_PID_QUOTIENT=True
  > Calculating Floyd-Warshall for graph without ground-station relays
  > Writing forwarding state to: gen_data/starlink_550_isls_failure_l1_ground_stations_top_100_with_hsinchu_algorithm_hierarchical_virtual_gid_27deg_k8/dynamic_state_100ms_for_20s/fstate_14800000000.txt
  > [SIGNALING] 累計統計: 20 事件, 0 字節
FORWARDING STATE AT T = 14900000000ns (= 14.9 seconds)

BASIC INFORMATION
  > Epoch.................. 2000-01-01 00:00:00.000
  > Time since epoch....... 14900000000 ns
  > Absolute time.......... 2000-01-01 00:00:14.900
  > Satellites............. 1584
  > Ground stations........ 101
  > Max. range GSL......... 1089686.4181956202m
  > Max. range ISL......... 5016591.233098428m

ISL INFORMATION
  > Total ISLs............. 3167
  > Min. ISLs/satellite.... 3
  > Max. ISLs/satellite.... 4

GSL INTERFACE INFORMATION
  > Min. GSL IFs/satellite........ 1
  > Max. GSL IFs/satellite........ 1
  > Min. GSL IFs/ground station... 1
  > Max. GSL IFs/ground_station... 1

GSL IN-RANGE INFORMATION
  > Min. satellites in range... 4
  > Max. satellites in range... 20
[MODE] SP_OVER_PID_QUOTIENT=True
  > Calculating Floyd-Warshall for graph without ground-station relays
  > Writing forwarding state to: gen_data/starlink_550_isls_failure_l1_ground_stations_top_100_with_hsinchu_algorithm_hierarchical_virtual_gid_27deg_k8/dynamic_state_100ms_for_20s/fstate_14900000000.txt
  > [SIGNALING] 累計統計: 22 事件, 0 字節
FORWARDING STATE AT T = 15000000000ns (= 15.0 seconds)

BASIC INFORMATION
  > Epoch.................. 2000-01-01 00:00:00.000
  > Time since epoch....... 15000000000 ns
  > Absolute time.......... 2000-01-01 00:00:15.000
  > Satellites............. 1584
  > Ground stations........ 101
  > Max. range GSL......... 1089686.4181956202m
  > Max. range ISL......... 5016591.233098428m

ISL INFORMATION
  > Total ISLs............. 3167
  > Min. ISLs/satellite.... 3
  > Max. ISLs/satellite.... 4

GSL INTERFACE INFORMATION
  > Min. GSL IFs/satellite........ 1
  > Max. GSL IFs/satellite........ 1
  > Min. GSL IFs/ground station... 1
  > Max. GSL IFs/ground_station... 1

GSL IN-RANGE INFORMATION
  > Min. satellites in range... 4
  > Max. satellites in range... 20
[MODE] SP_OVER_PID_QUOTIENT=True
  > Calculating Floyd-Warshall for graph without ground-station relays
  > Writing forwarding state to: gen_data/starlink_550_isls_failure_l1_ground_stations_top_100_with_hsinchu_algorithm_hierarchical_virtual_gid_27deg_k8/dynamic_state_100ms_for_20s/fstate_15000000000.txt
  > [SIGNALING] 累計統計: 25 事件, 0 字節
FORWARDING STATE AT T = 15100000000ns (= 15.1 seconds)

BASIC INFORMATION
  > Epoch.................. 2000-01-01 00:00:00.000
  > Time since epoch....... 15100000000 ns
  > Absolute time.......... 2000-01-01 00:00:15.100
  > Satellites............. 1584
  > Ground stations........ 101
  > Max. range GSL......... 1089686.4181956202m
  > Max. range ISL......... 5016591.233098428m

ISL INFORMATION
  > Total ISLs............. 3167
  > Min. ISLs/satellite.... 3
  > Max. ISLs/satellite.... 4

GSL INTERFACE INFORMATION
  > Min. GSL IFs/satellite........ 1
  > Max. GSL IFs/satellite........ 1
  > Min. GSL IFs/ground station... 1
  > Max. GSL IFs/ground_station... 1

GSL IN-RANGE INFORMATION
  > Min. satellites in range... 4
  > Max. satellites in range... 20
[MODE] SP_OVER_PID_QUOTIENT=True
  > Calculating Floyd-Warshall for graph without ground-station relays
  > Writing forwarding state to: gen_data/starlink_550_isls_failure_l1_ground_stations_top_100_with_hsinchu_algorithm_hierarchical_virtual_gid_27deg_k8/dynamic_state_100ms_for_20s/fstate_15100000000.txt
  > [SIGNALING] 累計統計: 27 事件, 0 字節
FORWARDING STATE AT T = 15200000000ns (= 15.2 seconds)

BASIC INFORMATION
  > Epoch.................. 2000-01-01 00:00:00.000
  > Time since epoch....... 15200000000 ns
  > Absolute time.......... 2000-01-01 00:00:15.200
  > Satellites............. 1584
  > Ground stations........ 101
  > Max. range GSL......... 1089686.4181956202m
  > Max. range ISL......... 5016591.233098428m

ISL INFORMATION
  > Total ISLs............. 3167
  > Min. ISLs/satellite.... 3
  > Max. ISLs/satellite.... 4

GSL INTERFACE INFORMATION
  > Min. GSL IFs/satellite........ 1
  > Max. GSL IFs/satellite........ 1
  > Min. GSL IFs/ground station... 1
  > Max. GSL IFs/ground_station... 1

GSL IN-RANGE INFORMATION
  > Min. satellites in range... 4
  > Max. satellites in range... 20
[MODE] SP_OVER_PID_QUOTIENT=True
  > Calculating Floyd-Warshall for graph without ground-station relays
  > Writing forwarding state to: gen_data/starlink_550_isls_failure_l1_ground_stations_top_100_with_hsinchu_algorithm_hierarchical_virtual_gid_27deg_k8/dynamic_state_100ms_for_20s/fstate_15200000000.txt
  > [SIGNALING] 累計統計: 29 事件, 0 字節
FORWARDING STATE AT T = 15300000000ns (= 15.3 seconds)

BASIC INFORMATION
  > Epoch.................. 2000-01-01 00:00:00.000
  > Time since epoch....... 15300000000 ns
  > Absolute time.......... 2000-01-01 00:00:15.300
  > Satellites............. 1584
  > Ground stations........ 101
  > Max. range GSL......... 1089686.4181956202m
  > Max. range ISL......... 5016591.233098428m

ISL INFORMATION
  > Total ISLs............. 3167
  > Min. ISLs/satellite.... 3
  > Max. ISLs/satellite.... 4

GSL INTERFACE INFORMATION
  > Min. GSL IFs/satellite........ 1
  > Max. GSL IFs/satellite........ 1
  > Min. GSL IFs/ground station... 1
  > Max. GSL IFs/ground_station... 1

GSL IN-RANGE INFORMATION
  > Min. satellites in range... 4
  > Max. satellites in range... 20
[MODE] SP_OVER_PID_QUOTIENT=True
  > Calculating Floyd-Warshall for graph without ground-station relays
  > Writing forwarding state to: gen_data/starlink_550_isls_failure_l1_ground_stations_top_100_with_hsinchu_algorithm_hierarchical_virtual_gid_27deg_k8/dynamic_state_100ms_for_20s/fstate_15300000000.txt
  > [SIGNALING] 累計統計: 31 事件, 0 字節
FORWARDING STATE AT T = 15400000000ns (= 15.4 seconds)

BASIC INFORMATION
  > Epoch.................. 2000-01-01 00:00:00.000
  > Time since epoch....... 15400000000 ns
  > Absolute time.......... 2000-01-01 00:00:15.400
  > Satellites............. 1584
  > Ground stations........ 101
  > Max. range GSL......... 1089686.4181956202m
  > Max. range ISL......... 5016591.233098428m

ISL INFORMATION
  > Total ISLs............. 3167
  > Min. ISLs/satellite.... 3
  > Max. ISLs/satellite.... 4

GSL INTERFACE INFORMATION
  > Min. GSL IFs/satellite........ 1
  > Max. GSL IFs/satellite........ 1
  > Min. GSL IFs/ground station... 1
  > Max. GSL IFs/ground_station... 1

GSL IN-RANGE INFORMATION
  > Total ISLs............. 3167
  > Min. ISLs/satellite.... 3
  > Max. ISLs/satellite.... 4

GSL INTERFACE INFORMATION
  > Min. GSL IFs/satellite........ 1
  > Max. GSL IFs/satellite........ 1
  > Min. GSL IFs/ground station... 1
  > Max. GSL IFs/ground_station... 1

GSL IN-RANGE INFORMATION
  > Min. satellites in range... 4
  > Max. satellites in range... 20
[MODE] SP_OVER_PID_QUOTIENT=True
  > Calculating Floyd-Warshall for graph without ground-station relays
  > Writing forwarding state to: gen_data/starlink_550_isls_failure_l1_ground_stations_top_100_with_hsinchu_algorithm_hierarchical_virtual_gid_27deg_k8/dynamic_state_100ms_for_20s/fstate_2700000000.txt
  > [SIGNALING] 累計統計: 18 事件, 0 字節
FORWARDING STATE AT T = 2800000000ns (= 2.8 seconds)

BASIC INFORMATION
  > Epoch.................. 2000-01-01 00:00:00.000
  > Time since epoch....... 2800000000 ns
  > Absolute time.......... 2000-01-01 00:00:02.800
  > Satellites............. 1584
  > Ground stations........ 101
  > Max. range GSL......... 1089686.4181956202m
  > Max. range ISL......... 5016591.233098428m

ISL INFORMATION
  > Total ISLs............. 3167
  > Min. ISLs/satellite.... 3
  > Max. ISLs/satellite.... 4

GSL INTERFACE INFORMATION
  > Min. GSL IFs/satellite........ 1
  > Max. GSL IFs/satellite........ 1
  > Min. GSL IFs/ground station... 1
  > Max. GSL IFs/ground_station... 1

GSL IN-RANGE INFORMATION
  > Min. satellites in range... 4
  > Max. satellites in range... 20
[MODE] SP_OVER_PID_QUOTIENT=True
  > Calculating Floyd-Warshall for graph without ground-station relays
  > Writing forwarding state to: gen_data/starlink_550_isls_failure_l1_ground_stations_top_100_with_hsinchu_algorithm_hierarchical_virtual_gid_27deg_k8/dynamic_state_100ms_for_20s/fstate_2800000000.txt
  > [SIGNALING] 累計統計: 20 事件, 0 字節
FORWARDING STATE AT T = 2900000000ns (= 2.9 seconds)

BASIC INFORMATION
  > Epoch.................. 2000-01-01 00:00:00.000
  > Time since epoch....... 2900000000 ns
  > Absolute time.......... 2000-01-01 00:00:02.900
  > Satellites............. 1584
  > Ground stations........ 101
  > Max. range GSL......... 1089686.4181956202m
  > Max. range ISL......... 5016591.233098428m

ISL INFORMATION
  > Total ISLs............. 3167
  > Min. ISLs/satellite.... 3
  > Max. ISLs/satellite.... 4

GSL INTERFACE INFORMATION
  > Min. GSL IFs/satellite........ 1
  > Max. GSL IFs/satellite........ 1
  > Min. GSL IFs/ground station... 1
  > Max. GSL IFs/ground_station... 1

GSL IN-RANGE INFORMATION
  > Min. satellites in range... 4
  > Max. satellites in range... 20
[MODE] SP_OVER_PID_QUOTIENT=True
  > Calculating Floyd-Warshall for graph without ground-station relays
  > Writing forwarding state to: gen_data/starlink_550_isls_failure_l1_ground_stations_top_100_with_hsinchu_algorithm_hierarchical_virtual_gid_27deg_k8/dynamic_state_100ms_for_20s/fstate_2900000000.txt
  > [SIGNALING] 累計統計: 22 事件, 0 字節
FORWARDING STATE AT T = 3000000000ns (= 3.0 seconds)

BASIC INFORMATION
  > Epoch.................. 2000-01-01 00:00:00.000
  > Time since epoch....... 3000000000 ns
  > Absolute time.......... 2000-01-01 00:00:03.000
  > Satellites............. 1584
  > Ground stations........ 101
  > Max. range GSL......... 1089686.4181956202m
  > Max. range ISL......... 5016591.233098428m

ISL INFORMATION
  > Total ISLs............. 3167
  > Min. ISLs/satellite.... 3
  > Max. ISLs/satellite.... 4

GSL INTERFACE INFORMATION
  > Min. GSL IFs/satellite........ 1
  > Max. GSL IFs/satellite........ 1
  > Min. GSL IFs/ground station... 1
  > Max. GSL IFs/ground_station... 1

GSL IN-RANGE INFORMATION
  > Min. satellites in range... 4
  > Max. satellites in range... 20
[MODE] SP_OVER_PID_QUOTIENT=True
  > Calculating Floyd-Warshall for graph without ground-station relays
  > Writing forwarding state to: gen_data/starlink_550_isls_failure_l1_ground_stations_top_100_with_hsinchu_algorithm_hierarchical_virtual_gid_27deg_k8/dynamic_state_100ms_for_20s/fstate_3000000000.txt
  > [SIGNALING] 累計統計: 25 事件, 0 字節
FORWARDING STATE AT T = 3100000000ns (= 3.1 seconds)

BASIC INFORMATION
  > Epoch.................. 2000-01-01 00:00:00.000
  > Time since epoch....... 3100000000 ns
  > Absolute time.......... 2000-01-01 00:00:03.100
  > Satellites............. 1584
  > Ground stations........ 101
  > Max. range GSL......... 1089686.4181956202m
  > Max. range ISL......... 5016591.233098428m

ISL INFORMATION
  > Total ISLs............. 3167
  > Min. ISLs/satellite.... 3
  > Max. ISLs/satellite.... 4

GSL INTERFACE INFORMATION
  > Min. GSL IFs/satellite........ 1
  > Max. GSL IFs/satellite........ 1
  > Min. GSL IFs/ground station... 1
  > Max. GSL IFs/ground_station... 1

GSL IN-RANGE INFORMATION
  > Min. satellites in range... 4
  > Max. satellites in range... 20
[MODE] SP_OVER_PID_QUOTIENT=True
  > Calculating Floyd-Warshall for graph without ground-station relays
  > Writing forwarding state to: gen_data/starlink_550_isls_failure_l1_ground_stations_top_100_with_hsinchu_algorithm_hierarchical_virtual_gid_27deg_k8/dynamic_state_100ms_for_20s/fstate_3100000000.txt
  > [SIGNALING] 累計統計: 27 事件, 0 字節
FORWARDING STATE AT T = 3200000000ns (= 3.2 seconds)

BASIC INFORMATION
  > Epoch.................. 2000-01-01 00:00:00.000
  > Time since epoch....... 3200000000 ns
  > Absolute time.......... 2000-01-01 00:00:03.200
  > Satellites............. 1584
  > Ground stations........ 101
  > Max. range GSL......... 1089686.4181956202m
  > Max. range ISL......... 5016591.233098428m

ISL INFORMATION
  > Total ISLs............. 3167
  > Min. ISLs/satellite.... 3
  > Max. ISLs/satellite.... 4

GSL INTERFACE INFORMATION
  > Min. GSL IFs/satellite........ 1
  > Max. GSL IFs/satellite........ 1
  > Min. GSL IFs/ground station... 1
  > Max. GSL IFs/ground_station... 1

GSL IN-RANGE INFORMATION
  > Min. satellites in range... 4
  > Max. satellites in range... 20
[MODE] SP_OVER_PID_QUOTIENT=True
  > Calculating Floyd-Warshall for graph without ground-station relays
  > Writing forwarding state to: gen_data/starlink_550_isls_failure_l1_ground_stations_top_100_with_hsinchu_algorithm_hierarchical_virtual_gid_27deg_k8/dynamic_state_100ms_for_20s/fstate_3200000000.txt
  > [SIGNALING] 累計統計: 29 事件, 0 字節
FORWARDING STATE AT T = 3300000000ns (= 3.3 seconds)

BASIC INFORMATION
  > Epoch.................. 2000-01-01 00:00:00.000
  > Time since epoch....... 3300000000 ns
  > Absolute time.......... 2000-01-01 00:00:03.300
  > Satellites............. 1584
  > Ground stations........ 101
  > Max. range GSL......... 1089686.4181956202m
  > Max. range ISL......... 5016591.233098428m

ISL INFORMATION
  > Total ISLs............. 3167
  > Min. ISLs/satellite.... 3
  > Max. ISLs/satellite.... 4

GSL INTERFACE INFORMATION
  > Min. GSL IFs/satellite........ 1
  > Max. GSL IFs/satellite........ 1
  > Min. GSL IFs/ground station... 1
  > Max. GSL IFs/ground_station... 1

GSL IN-RANGE INFORMATION
  > Min. satellites in range... 4
  > Max. satellites in range... 20
[MODE] SP_OVER_PID_QUOTIENT=True
  > Calculating Floyd-Warshall for graph without ground-station relays
  > Writing forwarding state to: gen_data/starlink_550_isls_failure_l1_ground_stations_top_100_with_hsinchu_algorithm_hierarchical_virtual_gid_27deg_k8/dynamic_state_100ms_for_20s/fstate_3300000000.txt
  > [SIGNALING] 累計統計: 31 事件, 0 字節
FORWARDING STATE AT T = 3400000000ns (= 3.4 seconds)

BASIC INFORMATION
  > Epoch.................. 2000-01-01 00:00:00.000
  > Time since epoch....... 3400000000 ns
  > Absolute time.......... 2000-01-01 00:00:03.400
  > Satellites............. 1584
  > Ground stations........ 101
  > Max. range GSL......... 1089686.4181956202m
  > Max. range ISL......... 5016591.233098428m

ISL INFORMATION
  > Total ISLs............. 3167
  > Min. ISLs/satellite.... 3
  > Max. ISLs/satellite.... 4

GSL INTERFACE INFORMATION
  > Min. GSL IFs/satellite........ 1
  > Max. GSL IFs/satellite........ 1
  > Min. GSL IFs/ground station... 1
  > Max. GSL IFs/ground_station... 1

GSL IN-RANGE INFORMATION
  > Min. satellites in range... 4
  > Max. satellites in range... 20
  > Max. range ISL......... 5016591.233098428m

ISL INFORMATION
  > Total ISLs............. 3167
  > Min. ISLs/satellite.... 3
  > Max. ISLs/satellite.... 4

GSL INTERFACE INFORMATION
  > Min. GSL IFs/satellite........ 1
  > Max. GSL IFs/satellite........ 1
  > Min. GSL IFs/ground station... 1
  > Max. GSL IFs/ground_station... 1

GSL IN-RANGE INFORMATION
  > Min. satellites in range... 4
  > Max. satellites in range... 20
[MODE] SP_OVER_PID_QUOTIENT=True
  > Calculating Floyd-Warshall for graph without ground-station relays
  > Writing forwarding state to: gen_data/starlink_550_isls_failure_l1_ground_stations_top_100_with_hsinchu_algorithm_hierarchical_virtual_gid_27deg_k8/dynamic_state_100ms_for_20s/fstate_12700000000.txt
  > [SIGNALING] 累計統計: 18 事件, 0 字節
FORWARDING STATE AT T = 12800000000ns (= 12.8 seconds)

BASIC INFORMATION
  > Epoch.................. 2000-01-01 00:00:00.000
  > Time since epoch....... 12800000000 ns
  > Absolute time.......... 2000-01-01 00:00:12.800
  > Satellites............. 1584
  > Ground stations........ 101
  > Max. range GSL......... 1089686.4181956202m
  > Max. range ISL......... 5016591.233098428m

ISL INFORMATION
  > Total ISLs............. 3167
  > Min. ISLs/satellite.... 3
  > Max. ISLs/satellite.... 4

GSL INTERFACE INFORMATION
  > Min. GSL IFs/satellite........ 1
  > Max. GSL IFs/satellite........ 1
  > Min. GSL IFs/ground station... 1
  > Max. GSL IFs/ground_station... 1

GSL IN-RANGE INFORMATION
  > Min. satellites in range... 4
  > Max. satellites in range... 20
[MODE] SP_OVER_PID_QUOTIENT=True
  > Calculating Floyd-Warshall for graph without ground-station relays
  > Writing forwarding state to: gen_data/starlink_550_isls_failure_l1_ground_stations_top_100_with_hsinchu_algorithm_hierarchical_virtual_gid_27deg_k8/dynamic_state_100ms_for_20s/fstate_12800000000.txt
  > [SIGNALING] 累計統計: 20 事件, 0 字節
FORWARDING STATE AT T = 12900000000ns (= 12.9 seconds)

BASIC INFORMATION
  > Epoch.................. 2000-01-01 00:00:00.000
  > Time since epoch....... 12900000000 ns
  > Absolute time.......... 2000-01-01 00:00:12.900
  > Satellites............. 1584
  > Ground stations........ 101
  > Max. range GSL......... 1089686.4181956202m
  > Max. range ISL......... 5016591.233098428m

ISL INFORMATION
  > Total ISLs............. 3167
  > Min. ISLs/satellite.... 3
  > Max. ISLs/satellite.... 4

GSL INTERFACE INFORMATION
  > Min. GSL IFs/satellite........ 1
  > Max. GSL IFs/satellite........ 1
  > Min. GSL IFs/ground station... 1
  > Max. GSL IFs/ground_station... 1

GSL IN-RANGE INFORMATION
  > Min. satellites in range... 4
  > Max. satellites in range... 20
[MODE] SP_OVER_PID_QUOTIENT=True
  > Calculating Floyd-Warshall for graph without ground-station relays
  > Writing forwarding state to: gen_data/starlink_550_isls_failure_l1_ground_stations_top_100_with_hsinchu_algorithm_hierarchical_virtual_gid_27deg_k8/dynamic_state_100ms_for_20s/fstate_12900000000.txt
  > [SIGNALING] 累計統計: 22 事件, 0 字節
FORWARDING STATE AT T = 13000000000ns (= 13.0 seconds)

BASIC INFORMATION
  > Epoch.................. 2000-01-01 00:00:00.000
  > Time since epoch....... 13000000000 ns
  > Absolute time.......... 2000-01-01 00:00:13.000
  > Satellites............. 1584
  > Ground stations........ 101
  > Max. range GSL......... 1089686.4181956202m
  > Max. range ISL......... 5016591.233098428m

ISL INFORMATION
  > Total ISLs............. 3167
  > Min. ISLs/satellite.... 3
  > Max. ISLs/satellite.... 4

GSL INTERFACE INFORMATION
  > Min. GSL IFs/satellite........ 1
  > Max. GSL IFs/satellite........ 1
  > Min. GSL IFs/ground station... 1
  > Max. GSL IFs/ground_station... 1

GSL IN-RANGE INFORMATION
  > Min. satellites in range... 4
  > Max. satellites in range... 20
[MODE] SP_OVER_PID_QUOTIENT=True
  > Calculating Floyd-Warshall for graph without ground-station relays
  > Writing forwarding state to: gen_data/starlink_550_isls_failure_l1_ground_stations_top_100_with_hsinchu_algorithm_hierarchical_virtual_gid_27deg_k8/dynamic_state_100ms_for_20s/fstate_13000000000.txt
  > [SIGNALING] 累計統計: 25 事件, 0 字節
FORWARDING STATE AT T = 13100000000ns (= 13.1 seconds)

BASIC INFORMATION
  > Epoch.................. 2000-01-01 00:00:00.000
  > Time since epoch....... 13100000000 ns
  > Absolute time.......... 2000-01-01 00:00:13.100
  > Satellites............. 1584
  > Ground stations........ 101
  > Max. range GSL......... 1089686.4181956202m
  > Max. range ISL......... 5016591.233098428m

ISL INFORMATION
  > Total ISLs............. 3167
  > Min. ISLs/satellite.... 3
  > Max. ISLs/satellite.... 4

GSL INTERFACE INFORMATION
  > Min. GSL IFs/satellite........ 1
  > Max. GSL IFs/satellite........ 1
  > Min. GSL IFs/ground station... 1
  > Max. GSL IFs/ground_station... 1

GSL IN-RANGE INFORMATION
  > Min. satellites in range... 4
  > Max. satellites in range... 20
[MODE] SP_OVER_PID_QUOTIENT=True
  > Calculating Floyd-Warshall for graph without ground-station relays
  > Writing forwarding state to: gen_data/starlink_550_isls_failure_l1_ground_stations_top_100_with_hsinchu_algorithm_hierarchical_virtual_gid_27deg_k8/dynamic_state_100ms_for_20s/fstate_13100000000.txt
  > [SIGNALING] 累計統計: 27 事件, 0 字節
FORWARDING STATE AT T = 13200000000ns (= 13.2 seconds)

BASIC INFORMATION
  > Epoch.................. 2000-01-01 00:00:00.000
  > Time since epoch....... 13200000000 ns
  > Absolute time.......... 2000-01-01 00:00:13.200
  > Satellites............. 1584
  > Ground stations........ 101
  > Max. range GSL......... 1089686.4181956202m
  > Max. range ISL......... 5016591.233098428m

ISL INFORMATION
  > Total ISLs............. 3167
  > Min. ISLs/satellite.... 3
  > Max. ISLs/satellite.... 4

GSL INTERFACE INFORMATION
  > Min. GSL IFs/satellite........ 1
  > Max. GSL IFs/satellite........ 1
  > Min. GSL IFs/ground station... 1
  > Max. GSL IFs/ground_station... 1

GSL IN-RANGE INFORMATION
  > Min. satellites in range... 4
  > Max. satellites in range... 20
[MODE] SP_OVER_PID_QUOTIENT=True
  > Calculating Floyd-Warshall for graph without ground-station relays
  > Writing forwarding state to: gen_data/starlink_550_isls_failure_l1_ground_stations_top_100_with_hsinchu_algorithm_hierarchical_virtual_gid_27deg_k8/dynamic_state_100ms_for_20s/fstate_13200000000.txt
  > [SIGNALING] 累計統計: 29 事件, 0 字節
FORWARDING STATE AT T = 13300000000ns (= 13.3 seconds)

BASIC INFORMATION
  > Epoch.................. 2000-01-01 00:00:00.000
  > Time since epoch....... 13300000000 ns
  > Absolute time.......... 2000-01-01 00:00:13.300
  > Satellites............. 1584
  > Ground stations........ 101
  > Max. range GSL......... 1089686.4181956202m
  > Max. range ISL......... 5016591.233098428m

ISL INFORMATION
  > Total ISLs............. 3167
  > Min. ISLs/satellite.... 3
  > Max. ISLs/satellite.... 4

GSL INTERFACE INFORMATION
  > Min. GSL IFs/satellite........ 1
  > Max. GSL IFs/satellite........ 1
  > Min. GSL IFs/ground station... 1
  > Max. GSL IFs/ground_station... 1

GSL IN-RANGE INFORMATION
  > Min. satellites in range... 4
  > Max. satellites in range... 20
[MODE] SP_OVER_PID_QUOTIENT=True
  > Calculating Floyd-Warshall for graph without ground-station relays
  > Writing forwarding state to: gen_data/starlink_550_isls_failure_l1_ground_stations_top_100_with_hsinchu_algorithm_hierarchical_virtual_gid_27deg_k8/dynamic_state_100ms_for_20s/fstate_13300000000.txt
  > [SIGNALING] 累計統計: 31 事件, 0 字節
FORWARDING STATE AT T = 13400000000ns (= 13.4 seconds)

BASIC INFORMATION
  > Epoch.................. 2000-01-01 00:00:00.000
  > Time since epoch....... 13400000000 ns
  > Absolute time.......... 2000-01-01 00:00:13.400
  > Satellites............. 1584
  > Ground stations........ 101
  > Max. range GSL......... 1089686.4181956202m
  > Max. range ISL......... 5016591.233098428m

ISL INFORMATION
  > Total ISLs............. 3167
  > Min. ISLs/satellite.... 3
  > Max. ISLs/satellite.... 4

GSL INTERFACE INFORMATION
  > Min. GSL IFs/satellite........ 1
  > Max. GSL IFs/satellite........ 1
  > Min. GSL IFs/ground station... 1
  > Max. GSL IFs/ground_station... 1

GSL IN-RANGE INFORMATION
  > Min. ISLs/satellite.... 3
  > Max. ISLs/satellite.... 4

GSL INTERFACE INFORMATION
  > Min. GSL IFs/satellite........ 1
  > Max. GSL IFs/satellite........ 1
  > Min. GSL IFs/ground station... 1
  > Max. GSL IFs/ground_station... 1

GSL IN-RANGE INFORMATION
  > Min. satellites in range... 4
  > Max. satellites in range... 20
[MODE] SP_OVER_PID_QUOTIENT=True
  > Calculating Floyd-Warshall for graph without ground-station relays
  > Writing forwarding state to: gen_data/starlink_550_isls_failure_l1_ground_stations_top_100_with_hsinchu_algorithm_hierarchical_virtual_gid_27deg_k8/dynamic_state_100ms_for_20s/fstate_700000000.txt
  > [SIGNALING] 累計統計: 18 事件, 0 字節
FORWARDING STATE AT T = 800000000ns (= 0.8 seconds)

BASIC INFORMATION
  > Epoch.................. 2000-01-01 00:00:00.000
  > Time since epoch....... 800000000 ns
  > Absolute time.......... 2000-01-01 00:00:00.800
  > Satellites............. 1584
  > Ground stations........ 101
  > Max. range GSL......... 1089686.4181956202m
  > Max. range ISL......... 5016591.233098428m

ISL INFORMATION
  > Total ISLs............. 3167
  > Min. ISLs/satellite.... 3
  > Max. ISLs/satellite.... 4

GSL INTERFACE INFORMATION
  > Min. GSL IFs/satellite........ 1
  > Max. GSL IFs/satellite........ 1
  > Min. GSL IFs/ground station... 1
  > Max. GSL IFs/ground_station... 1

GSL IN-RANGE INFORMATION
  > Min. satellites in range... 4
  > Max. satellites in range... 20
[MODE] SP_OVER_PID_QUOTIENT=True
  > Calculating Floyd-Warshall for graph without ground-station relays
  > Writing forwarding state to: gen_data/starlink_550_isls_failure_l1_ground_stations_top_100_with_hsinchu_algorithm_hierarchical_virtual_gid_27deg_k8/dynamic_state_100ms_for_20s/fstate_800000000.txt
  > [SIGNALING] 累計統計: 20 事件, 0 字節
FORWARDING STATE AT T = 900000000ns (= 0.9 seconds)

BASIC INFORMATION
  > Epoch.................. 2000-01-01 00:00:00.000
  > Time since epoch....... 900000000 ns
  > Absolute time.......... 2000-01-01 00:00:00.900
  > Satellites............. 1584
  > Ground stations........ 101
  > Max. range GSL......... 1089686.4181956202m
  > Max. range ISL......... 5016591.233098428m

ISL INFORMATION
  > Total ISLs............. 3167
  > Min. ISLs/satellite.... 3
  > Max. ISLs/satellite.... 4

GSL INTERFACE INFORMATION
  > Min. GSL IFs/satellite........ 1
  > Max. GSL IFs/satellite........ 1
  > Min. GSL IFs/ground station... 1
  > Max. GSL IFs/ground_station... 1

GSL IN-RANGE INFORMATION
  > Min. satellites in range... 4
  > Max. satellites in range... 20
[MODE] SP_OVER_PID_QUOTIENT=True
  > Calculating Floyd-Warshall for graph without ground-station relays
  > Writing forwarding state to: gen_data/starlink_550_isls_failure_l1_ground_stations_top_100_with_hsinchu_algorithm_hierarchical_virtual_gid_27deg_k8/dynamic_state_100ms_for_20s/fstate_900000000.txt
  > [SIGNALING] 累計統計: 22 事件, 0 字節
FORWARDING STATE AT T = 1000000000ns (= 1.0 seconds)

BASIC INFORMATION
  > Epoch.................. 2000-01-01 00:00:00.000
  > Time since epoch....... 1000000000 ns
  > Absolute time.......... 2000-01-01 00:00:01.000
  > Satellites............. 1584
  > Ground stations........ 101
  > Max. range GSL......... 1089686.4181956202m
  > Max. range ISL......... 5016591.233098428m

ISL INFORMATION
  > Total ISLs............. 3167
  > Min. ISLs/satellite.... 3
  > Max. ISLs/satellite.... 4

GSL INTERFACE INFORMATION
  > Min. GSL IFs/satellite........ 1
  > Max. GSL IFs/satellite........ 1
  > Min. GSL IFs/ground station... 1
  > Max. GSL IFs/ground_station... 1

GSL IN-RANGE INFORMATION
  > Min. satellites in range... 4
  > Max. satellites in range... 20
[MODE] SP_OVER_PID_QUOTIENT=True
  > Calculating Floyd-Warshall for graph without ground-station relays
  > Writing forwarding state to: gen_data/starlink_550_isls_failure_l1_ground_stations_top_100_with_hsinchu_algorithm_hierarchical_virtual_gid_27deg_k8/dynamic_state_100ms_for_20s/fstate_1000000000.txt
  > [SIGNALING] 累計統計: 25 事件, 0 字節
FORWARDING STATE AT T = 1100000000ns (= 1.1 seconds)

BASIC INFORMATION
  > Epoch.................. 2000-01-01 00:00:00.000
  > Time since epoch....... 1100000000 ns
  > Absolute time.......... 2000-01-01 00:00:01.100
  > Satellites............. 1584
  > Ground stations........ 101
  > Max. range GSL......... 1089686.4181956202m
  > Max. range ISL......... 5016591.233098428m

ISL INFORMATION
  > Total ISLs............. 3167
  > Min. ISLs/satellite.... 3
  > Max. ISLs/satellite.... 4

GSL INTERFACE INFORMATION
  > Min. GSL IFs/satellite........ 1
  > Max. GSL IFs/satellite........ 1
  > Min. GSL IFs/ground station... 1
  > Max. GSL IFs/ground_station... 1

GSL IN-RANGE INFORMATION
  > Min. satellites in range... 4
  > Max. satellites in range... 20
[MODE] SP_OVER_PID_QUOTIENT=True
  > Calculating Floyd-Warshall for graph without ground-station relays
  > Writing forwarding state to: gen_data/starlink_550_isls_failure_l1_ground_stations_top_100_with_hsinchu_algorithm_hierarchical_virtual_gid_27deg_k8/dynamic_state_100ms_for_20s/fstate_1100000000.txt
  > [SIGNALING] 累計統計: 27 事件, 0 字節
FORWARDING STATE AT T = 1200000000ns (= 1.2 seconds)

BASIC INFORMATION
  > Epoch.................. 2000-01-01 00:00:00.000
  > Time since epoch....... 1200000000 ns
  > Absolute time.......... 2000-01-01 00:00:01.200
  > Satellites............. 1584
  > Ground stations........ 101
  > Max. range GSL......... 1089686.4181956202m
  > Max. range ISL......... 5016591.233098428m

ISL INFORMATION
  > Total ISLs............. 3167
  > Min. ISLs/satellite.... 3
  > Max. ISLs/satellite.... 4

GSL INTERFACE INFORMATION
  > Min. GSL IFs/satellite........ 1
  > Max. GSL IFs/satellite........ 1
  > Min. GSL IFs/ground station... 1
  > Max. GSL IFs/ground_station... 1

GSL IN-RANGE INFORMATION
  > Min. satellites in range... 4
  > Max. satellites in range... 20
[MODE] SP_OVER_PID_QUOTIENT=True
  > Calculating Floyd-Warshall for graph without ground-station relays
  > Writing forwarding state to: gen_data/starlink_550_isls_failure_l1_ground_stations_top_100_with_hsinchu_algorithm_hierarchical_virtual_gid_27deg_k8/dynamic_state_100ms_for_20s/fstate_1200000000.txt
  > [SIGNALING] 累計統計: 29 事件, 0 字節
FORWARDING STATE AT T = 1300000000ns (= 1.3 seconds)

BASIC INFORMATION
  > Epoch.................. 2000-01-01 00:00:00.000
  > Time since epoch....... 1300000000 ns
  > Absolute time.......... 2000-01-01 00:00:01.300
  > Satellites............. 1584
  > Ground stations........ 101
  > Max. range GSL......... 1089686.4181956202m
  > Max. range ISL......... 5016591.233098428m

ISL INFORMATION
  > Total ISLs............. 3167
  > Min. ISLs/satellite.... 3
  > Max. ISLs/satellite.... 4

GSL INTERFACE INFORMATION
  > Min. GSL IFs/satellite........ 1
  > Max. GSL IFs/satellite........ 1
  > Min. GSL IFs/ground station... 1
  > Max. GSL IFs/ground_station... 1

GSL IN-RANGE INFORMATION
  > Min. satellites in range... 4
  > Max. satellites in range... 20
[MODE] SP_OVER_PID_QUOTIENT=True
  > Calculating Floyd-Warshall for graph without ground-station relays
  > Writing forwarding state to: gen_data/starlink_550_isls_failure_l1_ground_stations_top_100_with_hsinchu_algorithm_hierarchical_virtual_gid_27deg_k8/dynamic_state_100ms_for_20s/fstate_1300000000.txt
  > [SIGNALING] 累計統計: 31 事件, 0 字節
FORWARDING STATE AT T = 1400000000ns (= 1.4 seconds)

BASIC INFORMATION
  > Epoch.................. 2000-01-01 00:00:00.000
  > Time since epoch....... 1400000000 ns
  > Absolute time.......... 2000-01-01 00:00:01.400
  > Satellites............. 1584
  > Ground stations........ 101
  > Max. range GSL......... 1089686.4181956202m
  > Max. range ISL......... 5016591.233098428m

ISL INFORMATION
  > Total ISLs............. 3167
  > Min. ISLs/satellite.... 3
  > Max. ISLs/satellite.... 4

GSL INTERFACE INFORMATION
  > Min. GSL IFs/satellite........ 1
  > Max. GSL IFs/satellite........ 1
  > Min. GSL IFs/ground station... 1
  > Max. GSL IFs/ground_station... 1

GSL IN-RANGE INFORMATION
  > Min. satellites in range... 4
  > Max. satellites in range... 20
[MODE] SP_OVER_PID_QUOTIENT=True
  > Total ISLs............. 3167
  > Min. ISLs/satellite.... 3
  > Max. ISLs/satellite.... 4

GSL INTERFACE INFORMATION
  > Min. GSL IFs/satellite........ 1
  > Max. GSL IFs/satellite........ 1
  > Min. GSL IFs/ground station... 1
  > Max. GSL IFs/ground_station... 1

GSL IN-RANGE INFORMATION
  > Min. satellites in range... 4
  > Max. satellites in range... 20
[MODE] SP_OVER_PID_QUOTIENT=True
  > Calculating Floyd-Warshall for graph without ground-station relays
  > Writing forwarding state to: gen_data/starlink_550_isls_failure_l1_ground_stations_top_100_with_hsinchu_algorithm_hierarchical_virtual_gid_27deg_k8/dynamic_state_100ms_for_20s/fstate_8700000000.txt
  > [SIGNALING] 累計統計: 18 事件, 0 字節
FORWARDING STATE AT T = 8800000000ns (= 8.8 seconds)

BASIC INFORMATION
  > Epoch.................. 2000-01-01 00:00:00.000
  > Time since epoch....... 8800000000 ns
  > Absolute time.......... 2000-01-01 00:00:08.800
  > Satellites............. 1584
  > Ground stations........ 101
  > Max. range GSL......... 1089686.4181956202m
  > Max. range ISL......... 5016591.233098428m

ISL INFORMATION
  > Total ISLs............. 3167
  > Min. ISLs/satellite.... 3
  > Max. ISLs/satellite.... 4

GSL INTERFACE INFORMATION
  > Min. GSL IFs/satellite........ 1
  > Max. GSL IFs/satellite........ 1
  > Min. GSL IFs/ground station... 1
  > Max. GSL IFs/ground_station... 1

GSL IN-RANGE INFORMATION
  > Min. satellites in range... 4
  > Max. satellites in range... 20
[MODE] SP_OVER_PID_QUOTIENT=True
  > Calculating Floyd-Warshall for graph without ground-station relays
  > Writing forwarding state to: gen_data/starlink_550_isls_failure_l1_ground_stations_top_100_with_hsinchu_algorithm_hierarchical_virtual_gid_27deg_k8/dynamic_state_100ms_for_20s/fstate_8800000000.txt
  > [SIGNALING] 累計統計: 20 事件, 0 字節
FORWARDING STATE AT T = 8900000000ns (= 8.9 seconds)

BASIC INFORMATION
  > Epoch.................. 2000-01-01 00:00:00.000
  > Time since epoch....... 8900000000 ns
  > Absolute time.......... 2000-01-01 00:00:08.900
  > Satellites............. 1584
  > Ground stations........ 101
  > Max. range GSL......... 1089686.4181956202m
  > Max. range ISL......... 5016591.233098428m

ISL INFORMATION
  > Total ISLs............. 3167
  > Min. ISLs/satellite.... 3
  > Max. ISLs/satellite.... 4

GSL INTERFACE INFORMATION
  > Min. GSL IFs/satellite........ 1
  > Max. GSL IFs/satellite........ 1
  > Min. GSL IFs/ground station... 1
  > Max. GSL IFs/ground_station... 1

GSL IN-RANGE INFORMATION
  > Min. satellites in range... 4
  > Max. satellites in range... 20
[MODE] SP_OVER_PID_QUOTIENT=True
  > Calculating Floyd-Warshall for graph without ground-station relays
  > Writing forwarding state to: gen_data/starlink_550_isls_failure_l1_ground_stations_top_100_with_hsinchu_algorithm_hierarchical_virtual_gid_27deg_k8/dynamic_state_100ms_for_20s/fstate_8900000000.txt
  > [SIGNALING] 累計統計: 22 事件, 0 字節
FORWARDING STATE AT T = 9000000000ns (= 9.0 seconds)

BASIC INFORMATION
  > Epoch.................. 2000-01-01 00:00:00.000
  > Time since epoch....... 9000000000 ns
  > Absolute time.......... 2000-01-01 00:00:09.000
  > Satellites............. 1584
  > Ground stations........ 101
  > Max. range GSL......... 1089686.4181956202m
  > Max. range ISL......... 5016591.233098428m

ISL INFORMATION
  > Total ISLs............. 3167
  > Min. ISLs/satellite.... 3
  > Max. ISLs/satellite.... 4

GSL INTERFACE INFORMATION
  > Min. GSL IFs/satellite........ 1
  > Max. GSL IFs/satellite........ 1
  > Min. GSL IFs/ground station... 1
  > Max. GSL IFs/ground_station... 1

GSL IN-RANGE INFORMATION
  > Min. satellites in range... 4
  > Max. satellites in range... 20
[MODE] SP_OVER_PID_QUOTIENT=True
  > Calculating Floyd-Warshall for graph without ground-station relays
  > Writing forwarding state to: gen_data/starlink_550_isls_failure_l1_ground_stations_top_100_with_hsinchu_algorithm_hierarchical_virtual_gid_27deg_k8/dynamic_state_100ms_for_20s/fstate_9000000000.txt
  > [SIGNALING] 累計統計: 24 事件, 0 字節
FORWARDING STATE AT T = 9100000000ns (= 9.1 seconds)

BASIC INFORMATION
  > Epoch.................. 2000-01-01 00:00:00.000
  > Time since epoch....... 9100000000 ns
  > Absolute time.......... 2000-01-01 00:00:09.100
  > Satellites............. 1584
  > Ground stations........ 101
  > Max. range GSL......... 1089686.4181956202m
  > Max. range ISL......... 5016591.233098428m

ISL INFORMATION
  > Total ISLs............. 3167
  > Min. ISLs/satellite.... 3
  > Max. ISLs/satellite.... 4

GSL INTERFACE INFORMATION
  > Min. GSL IFs/satellite........ 1
  > Max. GSL IFs/satellite........ 1
  > Min. GSL IFs/ground station... 1
  > Max. GSL IFs/ground_station... 1

GSL IN-RANGE INFORMATION
  > Min. satellites in range... 4
  > Max. satellites in range... 20
[MODE] SP_OVER_PID_QUOTIENT=True
  > Calculating Floyd-Warshall for graph without ground-station relays
  > Writing forwarding state to: gen_data/starlink_550_isls_failure_l1_ground_stations_top_100_with_hsinchu_algorithm_hierarchical_virtual_gid_27deg_k8/dynamic_state_100ms_for_20s/fstate_9100000000.txt
  > [SIGNALING] 累計統計: 26 事件, 0 字節
FORWARDING STATE AT T = 9200000000ns (= 9.2 seconds)

BASIC INFORMATION
  > Epoch.................. 2000-01-01 00:00:00.000
  > Time since epoch....... 9200000000 ns
  > Absolute time.......... 2000-01-01 00:00:09.200
  > Satellites............. 1584
  > Ground stations........ 101
  > Max. range GSL......... 1089686.4181956202m
  > Max. range ISL......... 5016591.233098428m

ISL INFORMATION
  > Total ISLs............. 3167
  > Min. ISLs/satellite.... 3
  > Max. ISLs/satellite.... 4

GSL INTERFACE INFORMATION
  > Min. GSL IFs/satellite........ 1
  > Max. GSL IFs/satellite........ 1
  > Min. GSL IFs/ground station... 1
  > Max. GSL IFs/ground_station... 1

GSL IN-RANGE INFORMATION
  > Min. satellites in range... 4
  > Max. satellites in range... 20
[MODE] SP_OVER_PID_QUOTIENT=True
  > Calculating Floyd-Warshall for graph without ground-station relays
  > Writing forwarding state to: gen_data/starlink_550_isls_failure_l1_ground_stations_top_100_with_hsinchu_algorithm_hierarchical_virtual_gid_27deg_k8/dynamic_state_100ms_for_20s/fstate_9200000000.txt
  > [SIGNALING] 累計統計: 28 事件, 0 字節
FORWARDING STATE AT T = 9300000000ns (= 9.3 seconds)

BASIC INFORMATION
  > Epoch.................. 2000-01-01 00:00:00.000
  > Time since epoch....... 9300000000 ns
  > Absolute time.......... 2000-01-01 00:00:09.300
  > Satellites............. 1584
  > Ground stations........ 101
  > Max. range GSL......... 1089686.4181956202m
  > Max. range ISL......... 5016591.233098428m

ISL INFORMATION
  > Total ISLs............. 3167
  > Min. ISLs/satellite.... 3
  > Max. ISLs/satellite.... 4

GSL INTERFACE INFORMATION
  > Min. GSL IFs/satellite........ 1
  > Max. GSL IFs/satellite........ 1
  > Min. GSL IFs/ground station... 1
  > Max. GSL IFs/ground_station... 1

GSL IN-RANGE INFORMATION
  > Min. satellites in range... 4
  > Max. satellites in range... 20
[MODE] SP_OVER_PID_QUOTIENT=True
  > Calculating Floyd-Warshall for graph without ground-station relays
  > Writing forwarding state to: gen_data/starlink_550_isls_failure_l1_ground_stations_top_100_with_hsinchu_algorithm_hierarchical_virtual_gid_27deg_k8/dynamic_state_100ms_for_20s/fstate_9300000000.txt
  > [SIGNALING] 累計統計: 30 事件, 0 字節
FORWARDING STATE AT T = 9400000000ns (= 9.4 seconds)

BASIC INFORMATION
  > Epoch.................. 2000-01-01 00:00:00.000
  > Time since epoch....... 9400000000 ns
  > Absolute time.......... 2000-01-01 00:00:09.400
  > Satellites............. 1584
  > Ground stations........ 101
  > Max. range GSL......... 1089686.4181956202m
  > Max. range ISL......... 5016591.233098428m

ISL INFORMATION
  > Total ISLs............. 3167
  > Min. ISLs/satellite.... 3
  > Max. ISLs/satellite.... 4

GSL INTERFACE INFORMATION
  > Min. GSL IFs/satellite........ 1
  > Max. GSL IFs/satellite........ 1
  > Min. GSL IFs/ground station... 1
  > Max. GSL IFs/ground_station... 1

GSL IN-RANGE INFORMATION
  > Min. satellites in range... 4
  > Max. satellites in range... 20
  > Min. satellites in range... 4
  > Max. satellites in range... 20
[MODE] SP_OVER_PID_QUOTIENT=True
  > Calculating Floyd-Warshall for graph without ground-station relays
  > Writing forwarding state to: gen_data/starlink_550_isls_failure_l1_ground_stations_top_100_with_hsinchu_algorithm_hierarchical_virtual_gid_27deg_k8/dynamic_state_100ms_for_20s/fstate_19400000000.txt
  > [SIGNALING] 累計統計: 32 事件, 0 字節
FORWARDING STATE AT T = 19500000000ns (= 19.5 seconds)

BASIC INFORMATION
  > Epoch.................. 2000-01-01 00:00:00.000
  > Time since epoch....... 19500000000 ns
  > Absolute time.......... 2000-01-01 00:00:19.500
  > Satellites............. 1584
  > Ground stations........ 101
  > Max. range GSL......... 1089686.4181956202m
  > Max. range ISL......... 5016591.233098428m

ISL INFORMATION
  > Total ISLs............. 3167
  > Min. ISLs/satellite.... 3
  > Max. ISLs/satellite.... 4

GSL INTERFACE INFORMATION
  > Min. GSL IFs/satellite........ 1
  > Max. GSL IFs/satellite........ 1
  > Min. GSL IFs/ground station... 1
  > Max. GSL IFs/ground_station... 1

GSL IN-RANGE INFORMATION
  > Min. satellites in range... 4
  > Max. satellites in range... 20
[MODE] SP_OVER_PID_QUOTIENT=True
  > Calculating Floyd-Warshall for graph without ground-station relays
  > Writing forwarding state to: gen_data/starlink_550_isls_failure_l1_ground_stations_top_100_with_hsinchu_algorithm_hierarchical_virtual_gid_27deg_k8/dynamic_state_100ms_for_20s/fstate_19500000000.txt
  > [SIGNALING] 累計統計: 34 事件, 0 字節
FORWARDING STATE AT T = 19600000000ns (= 19.6 seconds)

BASIC INFORMATION
  > Epoch.................. 2000-01-01 00:00:00.000
  > Time since epoch....... 19600000000 ns
  > Absolute time.......... 2000-01-01 00:00:19.600
  > Satellites............. 1584
  > Ground stations........ 101
  > Max. range GSL......... 1089686.4181956202m
  > Max. range ISL......... 5016591.233098428m

ISL INFORMATION
  > Total ISLs............. 3167
  > Min. ISLs/satellite.... 3
  > Max. ISLs/satellite.... 4

GSL INTERFACE INFORMATION
  > Min. GSL IFs/satellite........ 1
  > Max. GSL IFs/satellite........ 1
  > Min. GSL IFs/ground station... 1
  > Max. GSL IFs/ground_station... 1

GSL IN-RANGE INFORMATION
  > Min. satellites in range... 4
  > Max. satellites in range... 20
[MODE] SP_OVER_PID_QUOTIENT=True
  > Calculating Floyd-Warshall for graph without ground-station relays
  > Writing forwarding state to: gen_data/starlink_550_isls_failure_l1_ground_stations_top_100_with_hsinchu_algorithm_hierarchical_virtual_gid_27deg_k8/dynamic_state_100ms_for_20s/fstate_19600000000.txt
  > [SIGNALING] 累計統計: 36 事件, 0 字節
FORWARDING STATE AT T = 19700000000ns (= 19.7 seconds)

BASIC INFORMATION
  > Epoch.................. 2000-01-01 00:00:00.000
  > Time since epoch....... 19700000000 ns
  > Absolute time.......... 2000-01-01 00:00:19.700
  > Satellites............. 1584
  > Ground stations........ 101
  > Max. range GSL......... 1089686.4181956202m
  > Max. range ISL......... 5016591.233098428m

ISL INFORMATION
  > Total ISLs............. 3167
  > Min. ISLs/satellite.... 3
  > Max. ISLs/satellite.... 4

GSL INTERFACE INFORMATION
  > Min. GSL IFs/satellite........ 1
  > Max. GSL IFs/satellite........ 1
  > Min. GSL IFs/ground station... 1
  > Max. GSL IFs/ground_station... 1

GSL IN-RANGE INFORMATION
  > Min. satellites in range... 4
  > Max. satellites in range... 20
[MODE] SP_OVER_PID_QUOTIENT=True
  > Calculating Floyd-Warshall for graph without ground-station relays
  > Writing forwarding state to: gen_data/starlink_550_isls_failure_l1_ground_stations_top_100_with_hsinchu_algorithm_hierarchical_virtual_gid_27deg_k8/dynamic_state_100ms_for_20s/fstate_19700000000.txt
  > [SIGNALING] 累計統計: 38 事件, 0 字節
FORWARDING STATE AT T = 19800000000ns (= 19.8 seconds)

BASIC INFORMATION
  > Epoch.................. 2000-01-01 00:00:00.000
  > Time since epoch....... 19800000000 ns
  > Absolute time.......... 2000-01-01 00:00:19.800
  > Satellites............. 1584
  > Ground stations........ 101
  > Max. range GSL......... 1089686.4181956202m
  > Max. range ISL......... 5016591.233098428m

ISL INFORMATION
  > Total ISLs............. 3167
  > Min. ISLs/satellite.... 3
  > Max. ISLs/satellite.... 4

GSL INTERFACE INFORMATION
  > Min. GSL IFs/satellite........ 1
  > Max. GSL IFs/satellite........ 1
  > Min. GSL IFs/ground station... 1
  > Max. GSL IFs/ground_station... 1

GSL IN-RANGE INFORMATION
  > Min. satellites in range... 4
  > Max. satellites in range... 20
[MODE] SP_OVER_PID_QUOTIENT=True
  > Calculating Floyd-Warshall for graph without ground-station relays
  > Writing forwarding state to: gen_data/starlink_550_isls_failure_l1_ground_stations_top_100_with_hsinchu_algorithm_hierarchical_virtual_gid_27deg_k8/dynamic_state_100ms_for_20s/fstate_19800000000.txt
  > [SIGNALING] 累計統計: 40 事件, 0 字節
FORWARDING STATE AT T = 19900000000ns (= 19.9 seconds)

BASIC INFORMATION
  > Epoch.................. 2000-01-01 00:00:00.000
  > Time since epoch....... 19900000000 ns
  > Absolute time.......... 2000-01-01 00:00:19.900
  > Satellites............. 1584
  > Ground stations........ 101
  > Max. range GSL......... 1089686.4181956202m
  > Max. range ISL......... 5016591.233098428m

ISL INFORMATION
  > Total ISLs............. 3167
  > Min. ISLs/satellite.... 3
  > Max. ISLs/satellite.... 4

GSL INTERFACE INFORMATION
  > Min. GSL IFs/satellite........ 1
  > Max. GSL IFs/satellite........ 1
  > Min. GSL IFs/ground station... 1
  > Max. GSL IFs/ground_station... 1

GSL IN-RANGE INFORMATION
  > Min. satellites in range... 4
  > Max. satellites in range... 20
[MODE] SP_OVER_PID_QUOTIENT=True
  > Calculating Floyd-Warshall for graph without ground-station relays
  > Writing forwarding state to: gen_data/starlink_550_isls_failure_l1_ground_stations_top_100_with_hsinchu_algorithm_hierarchical_virtual_gid_27deg_k8/dynamic_state_100ms_for_20s/fstate_19900000000.txt
  > [SIGNALING] 累計統計: 42 事件, 0 字節
  > Min. satellites in range... 4
  > Max. satellites in range... 20
[MODE] SP_OVER_PID_QUOTIENT=True
  > Calculating Floyd-Warshall for graph without ground-station relays
  > Writing forwarding state to: gen_data/starlink_550_isls_failure_l1_ground_stations_top_100_with_hsinchu_algorithm_hierarchical_virtual_gid_27deg_k8/dynamic_state_100ms_for_20s/fstate_11400000000.txt
  > [SIGNALING] 累計統計: 33 事件, 0 字節
FORWARDING STATE AT T = 11500000000ns (= 11.5 seconds)

BASIC INFORMATION
  > Epoch.................. 2000-01-01 00:00:00.000
  > Time since epoch....... 11500000000 ns
  > Absolute time.......... 2000-01-01 00:00:11.500
  > Satellites............. 1584
  > Ground stations........ 101
  > Max. range GSL......... 1089686.4181956202m
  > Max. range ISL......... 5016591.233098428m

ISL INFORMATION
  > Total ISLs............. 3167
  > Min. ISLs/satellite.... 3
  > Max. ISLs/satellite.... 4

GSL INTERFACE INFORMATION
  > Min. GSL IFs/satellite........ 1
  > Max. GSL IFs/satellite........ 1
  > Min. GSL IFs/ground station... 1
  > Max. GSL IFs/ground_station... 1

GSL IN-RANGE INFORMATION
  > Min. satellites in range... 4
  > Max. satellites in range... 20
[MODE] SP_OVER_PID_QUOTIENT=True
  > Calculating Floyd-Warshall for graph without ground-station relays
  > Writing forwarding state to: gen_data/starlink_550_isls_failure_l1_ground_stations_top_100_with_hsinchu_algorithm_hierarchical_virtual_gid_27deg_k8/dynamic_state_100ms_for_20s/fstate_11500000000.txt
  > [SIGNALING] 累計統計: 35 事件, 0 字節
FORWARDING STATE AT T = 11600000000ns (= 11.6 seconds)

BASIC INFORMATION
  > Epoch.................. 2000-01-01 00:00:00.000
  > Time since epoch....... 11600000000 ns
  > Absolute time.......... 2000-01-01 00:00:11.600
  > Satellites............. 1584
  > Ground stations........ 101
  > Max. range GSL......... 1089686.4181956202m
  > Max. range ISL......... 5016591.233098428m

ISL INFORMATION
  > Total ISLs............. 3167
  > Min. ISLs/satellite.... 3
  > Max. ISLs/satellite.... 4

GSL INTERFACE INFORMATION
  > Min. GSL IFs/satellite........ 1
  > Max. GSL IFs/satellite........ 1
  > Min. GSL IFs/ground station... 1
  > Max. GSL IFs/ground_station... 1

GSL IN-RANGE INFORMATION
  > Min. satellites in range... 4
  > Max. satellites in range... 20
[MODE] SP_OVER_PID_QUOTIENT=True
  > Calculating Floyd-Warshall for graph without ground-station relays
  > Writing forwarding state to: gen_data/starlink_550_isls_failure_l1_ground_stations_top_100_with_hsinchu_algorithm_hierarchical_virtual_gid_27deg_k8/dynamic_state_100ms_for_20s/fstate_11600000000.txt
  > [SIGNALING] 累計統計: 37 事件, 0 字節
FORWARDING STATE AT T = 11700000000ns (= 11.7 seconds)

BASIC INFORMATION
  > Epoch.................. 2000-01-01 00:00:00.000
  > Time since epoch....... 11700000000 ns
  > Absolute time.......... 2000-01-01 00:00:11.700
  > Satellites............. 1584
  > Ground stations........ 101
  > Max. range GSL......... 1089686.4181956202m
  > Max. range ISL......... 5016591.233098428m

ISL INFORMATION
  > Total ISLs............. 3167
  > Min. ISLs/satellite.... 3
  > Max. ISLs/satellite.... 4

GSL INTERFACE INFORMATION
  > Min. GSL IFs/satellite........ 1
  > Max. GSL IFs/satellite........ 1
  > Min. GSL IFs/ground station... 1
  > Max. GSL IFs/ground_station... 1

GSL IN-RANGE INFORMATION
  > Min. satellites in range... 4
  > Max. satellites in range... 20
[MODE] SP_OVER_PID_QUOTIENT=True
  > Calculating Floyd-Warshall for graph without ground-station relays
  > Writing forwarding state to: gen_data/starlink_550_isls_failure_l1_ground_stations_top_100_with_hsinchu_algorithm_hierarchical_virtual_gid_27deg_k8/dynamic_state_100ms_for_20s/fstate_11700000000.txt
  > [SIGNALING] 累計統計: 39 事件, 0 字節
FORWARDING STATE AT T = 11800000000ns (= 11.8 seconds)

BASIC INFORMATION
  > Epoch.................. 2000-01-01 00:00:00.000
  > Time since epoch....... 11800000000 ns
  > Absolute time.......... 2000-01-01 00:00:11.800
  > Satellites............. 1584
  > Ground stations........ 101
  > Max. range GSL......... 1089686.4181956202m
  > Max. range ISL......... 5016591.233098428m

ISL INFORMATION
  > Total ISLs............. 3167
  > Min. ISLs/satellite.... 3
  > Max. ISLs/satellite.... 4

GSL INTERFACE INFORMATION
  > Min. GSL IFs/satellite........ 1
  > Max. GSL IFs/satellite........ 1
  > Min. GSL IFs/ground station... 1
  > Max. GSL IFs/ground_station... 1

GSL IN-RANGE INFORMATION
  > Min. satellites in range... 4
  > Max. satellites in range... 20
[MODE] SP_OVER_PID_QUOTIENT=True
  > Calculating Floyd-Warshall for graph without ground-station relays
  > Writing forwarding state to: gen_data/starlink_550_isls_failure_l1_ground_stations_top_100_with_hsinchu_algorithm_hierarchical_virtual_gid_27deg_k8/dynamic_state_100ms_for_20s/fstate_11800000000.txt
  > [SIGNALING] 累計統計: 41 事件, 0 字節
FORWARDING STATE AT T = 11900000000ns (= 11.9 seconds)

BASIC INFORMATION
  > Epoch.................. 2000-01-01 00:00:00.000
  > Time since epoch....... 11900000000 ns
  > Absolute time.......... 2000-01-01 00:00:11.900
  > Satellites............. 1584
  > Ground stations........ 101
  > Max. range GSL......... 1089686.4181956202m
  > Max. range ISL......... 5016591.233098428m

ISL INFORMATION
  > Total ISLs............. 3167
  > Min. ISLs/satellite.... 3
  > Max. ISLs/satellite.... 4

GSL INTERFACE INFORMATION
  > Min. GSL IFs/satellite........ 1
  > Max. GSL IFs/satellite........ 1
  > Min. GSL IFs/ground station... 1
  > Max. GSL IFs/ground_station... 1

GSL IN-RANGE INFORMATION
  > Min. satellites in range... 4
  > Max. satellites in range... 20
[MODE] SP_OVER_PID_QUOTIENT=True
  > Calculating Floyd-Warshall for graph without ground-station relays
  > Writing forwarding state to: gen_data/starlink_550_isls_failure_l1_ground_stations_top_100_with_hsinchu_algorithm_hierarchical_virtual_gid_27deg_k8/dynamic_state_100ms_for_20s/fstate_11900000000.txt
  > [SIGNALING] 累計統計: 43 事件, 0 字節
FORWARDING STATE AT T = 12000000000ns (= 12.0 seconds)

BASIC INFORMATION
  > Epoch.................. 2000-01-01 00:00:00.000
  > Time since epoch....... 12000000000 ns
  > Absolute time.......... 2000-01-01 00:00:12.000
  > Satellites............. 1584
  > Ground stations........ 101
  > Max. range GSL......... 1089686.4181956202m
  > Max. range ISL......... 5016591.233098428m

ISL INFORMATION
  > Total ISLs............. 3167
  > Min. ISLs/satellite.... 3
  > Max. ISLs/satellite.... 4

GSL INTERFACE INFORMATION
  > Min. GSL IFs/satellite........ 1
  > Max. GSL IFs/satellite........ 1
  > Min. GSL IFs/ground station... 1
  > Max. GSL IFs/ground_station... 1

GSL IN-RANGE INFORMATION
  > Min. satellites in range... 4
  > Max. satellites in range... 20
[MODE] SP_OVER_PID_QUOTIENT=True
  > Calculating Floyd-Warshall for graph without ground-station relays
  > Writing forwarding state to: gen_data/starlink_550_isls_failure_l1_ground_stations_top_100_with_hsinchu_algorithm_hierarchical_virtual_gid_27deg_k8/dynamic_state_100ms_for_20s/fstate_12000000000.txt
  > [SIGNALING] 累計統計: 46 事件, 0 字節
  > Min. satellites in range... 4
  > Max. satellites in range... 20
[MODE] SP_OVER_PID_QUOTIENT=True
  > Calculating Floyd-Warshall for graph without ground-station relays
  > Writing forwarding state to: gen_data/starlink_550_isls_failure_l1_ground_stations_top_100_with_hsinchu_algorithm_hierarchical_virtual_gid_27deg_k8/dynamic_state_100ms_for_20s/fstate_17400000000.txt
  > [SIGNALING] 累計統計: 33 事件, 0 字節
FORWARDING STATE AT T = 17500000000ns (= 17.5 seconds)

BASIC INFORMATION
  > Epoch.................. 2000-01-01 00:00:00.000
  > Time since epoch....... 17500000000 ns
  > Absolute time.......... 2000-01-01 00:00:17.500
  > Satellites............. 1584
  > Ground stations........ 101
  > Max. range GSL......... 1089686.4181956202m
  > Max. range ISL......... 5016591.233098428m

ISL INFORMATION
  > Total ISLs............. 3167
  > Min. ISLs/satellite.... 3
  > Max. ISLs/satellite.... 4

GSL INTERFACE INFORMATION
  > Min. GSL IFs/satellite........ 1
  > Max. GSL IFs/satellite........ 1
  > Min. GSL IFs/ground station... 1
  > Max. GSL IFs/ground_station... 1

GSL IN-RANGE INFORMATION
  > Min. satellites in range... 4
  > Max. satellites in range... 20
[MODE] SP_OVER_PID_QUOTIENT=True
  > Calculating Floyd-Warshall for graph without ground-station relays
  > Writing forwarding state to: gen_data/starlink_550_isls_failure_l1_ground_stations_top_100_with_hsinchu_algorithm_hierarchical_virtual_gid_27deg_k8/dynamic_state_100ms_for_20s/fstate_17500000000.txt
  > [SIGNALING] 累計統計: 35 事件, 0 字節
FORWARDING STATE AT T = 17600000000ns (= 17.6 seconds)

BASIC INFORMATION
  > Epoch.................. 2000-01-01 00:00:00.000
  > Time since epoch....... 17600000000 ns
  > Absolute time.......... 2000-01-01 00:00:17.600
  > Satellites............. 1584
  > Ground stations........ 101
  > Max. range GSL......... 1089686.4181956202m
  > Max. range ISL......... 5016591.233098428m

ISL INFORMATION
  > Total ISLs............. 3167
  > Min. ISLs/satellite.... 3
  > Max. ISLs/satellite.... 4

GSL INTERFACE INFORMATION
  > Min. GSL IFs/satellite........ 1
  > Max. GSL IFs/satellite........ 1
  > Min. GSL IFs/ground station... 1
  > Max. GSL IFs/ground_station... 1

GSL IN-RANGE INFORMATION
  > Min. satellites in range... 4
  > Max. satellites in range... 20
[MODE] SP_OVER_PID_QUOTIENT=True
  > Calculating Floyd-Warshall for graph without ground-station relays
  > Writing forwarding state to: gen_data/starlink_550_isls_failure_l1_ground_stations_top_100_with_hsinchu_algorithm_hierarchical_virtual_gid_27deg_k8/dynamic_state_100ms_for_20s/fstate_17600000000.txt
  > [SIGNALING] 累計統計: 37 事件, 0 字節
FORWARDING STATE AT T = 17700000000ns (= 17.7 seconds)

BASIC INFORMATION
  > Epoch.................. 2000-01-01 00:00:00.000
  > Time since epoch....... 17700000000 ns
  > Absolute time.......... 2000-01-01 00:00:17.700
  > Satellites............. 1584
  > Ground stations........ 101
  > Max. range GSL......... 1089686.4181956202m
  > Max. range ISL......... 5016591.233098428m

ISL INFORMATION
  > Total ISLs............. 3167
  > Min. ISLs/satellite.... 3
  > Max. ISLs/satellite.... 4

GSL INTERFACE INFORMATION
  > Min. GSL IFs/satellite........ 1
  > Max. GSL IFs/satellite........ 1
  > Min. GSL IFs/ground station... 1
  > Max. GSL IFs/ground_station... 1

GSL IN-RANGE INFORMATION
  > Min. satellites in range... 4
  > Max. satellites in range... 20
[MODE] SP_OVER_PID_QUOTIENT=True
  > Calculating Floyd-Warshall for graph without ground-station relays
  > Writing forwarding state to: gen_data/starlink_550_isls_failure_l1_ground_stations_top_100_with_hsinchu_algorithm_hierarchical_virtual_gid_27deg_k8/dynamic_state_100ms_for_20s/fstate_17700000000.txt
  > [SIGNALING] 累計統計: 39 事件, 0 字節
FORWARDING STATE AT T = 17800000000ns (= 17.8 seconds)

BASIC INFORMATION
  > Epoch.................. 2000-01-01 00:00:00.000
  > Time since epoch....... 17800000000 ns
  > Absolute time.......... 2000-01-01 00:00:17.800
  > Satellites............. 1584
  > Ground stations........ 101
  > Max. range GSL......... 1089686.4181956202m
  > Max. range ISL......... 5016591.233098428m

ISL INFORMATION
  > Total ISLs............. 3167
  > Min. ISLs/satellite.... 3
  > Max. ISLs/satellite.... 4

GSL INTERFACE INFORMATION
  > Min. GSL IFs/satellite........ 1
  > Max. GSL IFs/satellite........ 1
  > Min. GSL IFs/ground station... 1
  > Max. GSL IFs/ground_station... 1

GSL IN-RANGE INFORMATION
  > Min. satellites in range... 4
  > Max. satellites in range... 20
[MODE] SP_OVER_PID_QUOTIENT=True
  > Calculating Floyd-Warshall for graph without ground-station relays
  > Writing forwarding state to: gen_data/starlink_550_isls_failure_l1_ground_stations_top_100_with_hsinchu_algorithm_hierarchical_virtual_gid_27deg_k8/dynamic_state_100ms_for_20s/fstate_17800000000.txt
  > [SIGNALING] 累計統計: 41 事件, 0 字節
FORWARDING STATE AT T = 17900000000ns (= 17.9 seconds)

BASIC INFORMATION
  > Epoch.................. 2000-01-01 00:00:00.000
  > Time since epoch....... 17900000000 ns
  > Absolute time.......... 2000-01-01 00:00:17.900
  > Satellites............. 1584
  > Ground stations........ 101
  > Max. range GSL......... 1089686.4181956202m
  > Max. range ISL......... 5016591.233098428m

ISL INFORMATION
  > Total ISLs............. 3167
  > Min. ISLs/satellite.... 3
  > Max. ISLs/satellite.... 4

GSL INTERFACE INFORMATION
  > Min. GSL IFs/satellite........ 1
  > Max. GSL IFs/satellite........ 1
  > Min. GSL IFs/ground station... 1
  > Max. GSL IFs/ground_station... 1

GSL IN-RANGE INFORMATION
  > Min. satellites in range... 4
  > Max. satellites in range... 20
[MODE] SP_OVER_PID_QUOTIENT=True
  > Calculating Floyd-Warshall for graph without ground-station relays
  > Writing forwarding state to: gen_data/starlink_550_isls_failure_l1_ground_stations_top_100_with_hsinchu_algorithm_hierarchical_virtual_gid_27deg_k8/dynamic_state_100ms_for_20s/fstate_17900000000.txt
  > [SIGNALING] 累計統計: 43 事件, 0 字節
FORWARDING STATE AT T = 18000000000ns (= 18.0 seconds)

BASIC INFORMATION
  > Epoch.................. 2000-01-01 00:00:00.000
  > Time since epoch....... 18000000000 ns
  > Absolute time.......... 2000-01-01 00:00:18.000
  > Satellites............. 1584
  > Ground stations........ 101
  > Max. range GSL......... 1089686.4181956202m
  > Max. range ISL......... 5016591.233098428m

ISL INFORMATION
  > Total ISLs............. 3167
  > Min. ISLs/satellite.... 3
  > Max. ISLs/satellite.... 4

GSL INTERFACE INFORMATION
  > Min. GSL IFs/satellite........ 1
  > Max. GSL IFs/satellite........ 1
  > Min. GSL IFs/ground station... 1
  > Max. GSL IFs/ground_station... 1

GSL IN-RANGE INFORMATION
  > Min. satellites in range... 4
  > Max. satellites in range... 20
[MODE] SP_OVER_PID_QUOTIENT=True
  > Calculating Floyd-Warshall for graph without ground-station relays
  > Writing forwarding state to: gen_data/starlink_550_isls_failure_l1_ground_stations_top_100_with_hsinchu_algorithm_hierarchical_virtual_gid_27deg_k8/dynamic_state_100ms_for_20s/fstate_18000000000.txt
  > [SIGNALING] 累計統計: 46 事件, 0 字節
[MODE] SP_OVER_PID_QUOTIENT=True
  > Calculating Floyd-Warshall for graph without ground-station relays
  > Writing forwarding state to: gen_data/starlink_550_isls_failure_l1_ground_stations_top_100_with_hsinchu_algorithm_hierarchical_virtual_gid_27deg_k8/dynamic_state_100ms_for_20s/fstate_5400000000.txt
  > [SIGNALING] 累計統計: 33 事件, 0 字節
FORWARDING STATE AT T = 5500000000ns (= 5.5 seconds)

BASIC INFORMATION
  > Epoch.................. 2000-01-01 00:00:00.000
  > Time since epoch....... 5500000000 ns
  > Absolute time.......... 2000-01-01 00:00:05.500
  > Satellites............. 1584
  > Ground stations........ 101
  > Max. range GSL......... 1089686.4181956202m
  > Max. range ISL......... 5016591.233098428m

ISL INFORMATION
  > Total ISLs............. 3167
  > Min. ISLs/satellite.... 3
  > Max. ISLs/satellite.... 4

GSL INTERFACE INFORMATION
  > Min. GSL IFs/satellite........ 1
  > Max. GSL IFs/satellite........ 1
  > Min. GSL IFs/ground station... 1
  > Max. GSL IFs/ground_station... 1

GSL IN-RANGE INFORMATION
  > Min. satellites in range... 4
  > Max. satellites in range... 20
[MODE] SP_OVER_PID_QUOTIENT=True
  > Calculating Floyd-Warshall for graph without ground-station relays
  > Writing forwarding state to: gen_data/starlink_550_isls_failure_l1_ground_stations_top_100_with_hsinchu_algorithm_hierarchical_virtual_gid_27deg_k8/dynamic_state_100ms_for_20s/fstate_5500000000.txt
  > [SIGNALING] 累計統計: 35 事件, 0 字節
FORWARDING STATE AT T = 5600000000ns (= 5.6 seconds)

BASIC INFORMATION
  > Epoch.................. 2000-01-01 00:00:00.000
  > Time since epoch....... 5600000000 ns
  > Absolute time.......... 2000-01-01 00:00:05.600
  > Satellites............. 1584
  > Ground stations........ 101
  > Max. range GSL......... 1089686.4181956202m
  > Max. range ISL......... 5016591.233098428m

ISL INFORMATION
  > Total ISLs............. 3167
  > Min. ISLs/satellite.... 3
  > Max. ISLs/satellite.... 4

GSL INTERFACE INFORMATION
  > Min. GSL IFs/satellite........ 1
  > Max. GSL IFs/satellite........ 1
  > Min. GSL IFs/ground station... 1
  > Max. GSL IFs/ground_station... 1

GSL IN-RANGE INFORMATION
  > Min. satellites in range... 4
  > Max. satellites in range... 20
[MODE] SP_OVER_PID_QUOTIENT=True
  > Calculating Floyd-Warshall for graph without ground-station relays
  > Writing forwarding state to: gen_data/starlink_550_isls_failure_l1_ground_stations_top_100_with_hsinchu_algorithm_hierarchical_virtual_gid_27deg_k8/dynamic_state_100ms_for_20s/fstate_5600000000.txt
  > [SIGNALING] 累計統計: 37 事件, 0 字節
FORWARDING STATE AT T = 5700000000ns (= 5.7 seconds)

BASIC INFORMATION
  > Epoch.................. 2000-01-01 00:00:00.000
  > Time since epoch....... 5700000000 ns
  > Absolute time.......... 2000-01-01 00:00:05.700
  > Satellites............. 1584
  > Ground stations........ 101
  > Max. range GSL......... 1089686.4181956202m
  > Max. range ISL......... 5016591.233098428m

ISL INFORMATION
  > Total ISLs............. 3167
  > Min. ISLs/satellite.... 3
  > Max. ISLs/satellite.... 4

GSL INTERFACE INFORMATION
  > Min. GSL IFs/satellite........ 1
  > Max. GSL IFs/satellite........ 1
  > Min. GSL IFs/ground station... 1
  > Max. GSL IFs/ground_station... 1

GSL IN-RANGE INFORMATION
  > Min. satellites in range... 4
  > Max. satellites in range... 20
[MODE] SP_OVER_PID_QUOTIENT=True
  > Calculating Floyd-Warshall for graph without ground-station relays
  > Writing forwarding state to: gen_data/starlink_550_isls_failure_l1_ground_stations_top_100_with_hsinchu_algorithm_hierarchical_virtual_gid_27deg_k8/dynamic_state_100ms_for_20s/fstate_5700000000.txt
  > [SIGNALING] 累計統計: 39 事件, 0 字節
FORWARDING STATE AT T = 5800000000ns (= 5.8 seconds)

BASIC INFORMATION
  > Epoch.................. 2000-01-01 00:00:00.000
  > Time since epoch....... 5800000000 ns
  > Absolute time.......... 2000-01-01 00:00:05.800
  > Satellites............. 1584
  > Ground stations........ 101
  > Max. range GSL......... 1089686.4181956202m
  > Max. range ISL......... 5016591.233098428m

ISL INFORMATION
  > Total ISLs............. 3167
  > Min. ISLs/satellite.... 3
  > Max. ISLs/satellite.... 4

GSL INTERFACE INFORMATION
  > Min. GSL IFs/satellite........ 1
  > Max. GSL IFs/satellite........ 1
  > Min. GSL IFs/ground station... 1
  > Max. GSL IFs/ground_station... 1

GSL IN-RANGE INFORMATION
  > Min. satellites in range... 4
  > Max. satellites in range... 20
[MODE] SP_OVER_PID_QUOTIENT=True
  > Calculating Floyd-Warshall for graph without ground-station relays
  > Writing forwarding state to: gen_data/starlink_550_isls_failure_l1_ground_stations_top_100_with_hsinchu_algorithm_hierarchical_virtual_gid_27deg_k8/dynamic_state_100ms_for_20s/fstate_5800000000.txt
  > [SIGNALING] 累計統計: 41 事件, 0 字節
FORWARDING STATE AT T = 5900000000ns (= 5.9 seconds)

BASIC INFORMATION
  > Epoch.................. 2000-01-01 00:00:00.000
  > Time since epoch....... 5900000000 ns
  > Absolute time.......... 2000-01-01 00:00:05.900
  > Satellites............. 1584
  > Ground stations........ 101
  > Max. range GSL......... 1089686.4181956202m
  > Max. range ISL......... 5016591.233098428m

ISL INFORMATION
  > Total ISLs............. 3167
  > Min. ISLs/satellite.... 3
  > Max. ISLs/satellite.... 4

GSL INTERFACE INFORMATION
  > Min. GSL IFs/satellite........ 1
  > Max. GSL IFs/satellite........ 1
  > Min. GSL IFs/ground station... 1
  > Max. GSL IFs/ground_station... 1

GSL IN-RANGE INFORMATION
  > Min. satellites in range... 4
  > Max. satellites in range... 20
[MODE] SP_OVER_PID_QUOTIENT=True
  > Calculating Floyd-Warshall for graph without ground-station relays
  > Writing forwarding state to: gen_data/starlink_550_isls_failure_l1_ground_stations_top_100_with_hsinchu_algorithm_hierarchical_virtual_gid_27deg_k8/dynamic_state_100ms_for_20s/fstate_5900000000.txt
  > [SIGNALING] 累計統計: 43 事件, 0 字節
FORWARDING STATE AT T = 6000000000ns (= 6.0 seconds)

BASIC INFORMATION
  > Epoch.................. 2000-01-01 00:00:00.000
  > Time since epoch....... 6000000000 ns
  > Absolute time.......... 2000-01-01 00:00:06.000
  > Satellites............. 1584
  > Ground stations........ 101
  > Max. range GSL......... 1089686.4181956202m
  > Max. range ISL......... 5016591.233098428m

ISL INFORMATION
  > Total ISLs............. 3167
  > Min. ISLs/satellite.... 3
  > Max. ISLs/satellite.... 4

GSL INTERFACE INFORMATION
  > Min. GSL IFs/satellite........ 1
  > Max. GSL IFs/satellite........ 1
  > Min. GSL IFs/ground station... 1
  > Max. GSL IFs/ground_station... 1

GSL IN-RANGE INFORMATION
  > Min. satellites in range... 4
  > Max. satellites in range... 20
[MODE] SP_OVER_PID_QUOTIENT=True
  > Calculating Floyd-Warshall for graph without ground-station relays
  > Writing forwarding state to: gen_data/starlink_550_isls_failure_l1_ground_stations_top_100_with_hsinchu_algorithm_hierarchical_virtual_gid_27deg_k8/dynamic_state_100ms_for_20s/fstate_6000000000.txt
  > [SIGNALING] 累計統計: 46 事件, 0 字節
  > Min. satellites in range... 4
  > Max. satellites in range... 20
[MODE] SP_OVER_PID_QUOTIENT=True
  > Calculating Floyd-Warshall for graph without ground-station relays
  > Writing forwarding state to: gen_data/starlink_550_isls_failure_l1_ground_stations_top_100_with_hsinchu_algorithm_hierarchical_virtual_gid_27deg_k8/dynamic_state_100ms_for_20s/fstate_15400000000.txt
  > [SIGNALING] 累計統計: 33 事件, 0 字節
FORWARDING STATE AT T = 15500000000ns (= 15.5 seconds)

BASIC INFORMATION
  > Epoch.................. 2000-01-01 00:00:00.000
  > Time since epoch....... 15500000000 ns
  > Absolute time.......... 2000-01-01 00:00:15.500
  > Satellites............. 1584
  > Ground stations........ 101
  > Max. range GSL......... 1089686.4181956202m
  > Max. range ISL......... 5016591.233098428m

ISL INFORMATION
  > Total ISLs............. 3167
  > Min. ISLs/satellite.... 3
  > Max. ISLs/satellite.... 4

GSL INTERFACE INFORMATION
  > Min. GSL IFs/satellite........ 1
  > Max. GSL IFs/satellite........ 1
  > Min. GSL IFs/ground station... 1
  > Max. GSL IFs/ground_station... 1

GSL IN-RANGE INFORMATION
  > Min. satellites in range... 4
  > Max. satellites in range... 20
[MODE] SP_OVER_PID_QUOTIENT=True
  > Calculating Floyd-Warshall for graph without ground-station relays
  > Writing forwarding state to: gen_data/starlink_550_isls_failure_l1_ground_stations_top_100_with_hsinchu_algorithm_hierarchical_virtual_gid_27deg_k8/dynamic_state_100ms_for_20s/fstate_15500000000.txt
  > [SIGNALING] 累計統計: 35 事件, 0 字節
FORWARDING STATE AT T = 15600000000ns (= 15.6 seconds)

BASIC INFORMATION
  > Epoch.................. 2000-01-01 00:00:00.000
  > Time since epoch....... 15600000000 ns
  > Absolute time.......... 2000-01-01 00:00:15.600
  > Satellites............. 1584
  > Ground stations........ 101
  > Max. range GSL......... 1089686.4181956202m
  > Max. range ISL......... 5016591.233098428m

ISL INFORMATION
  > Total ISLs............. 3167
  > Min. ISLs/satellite.... 3
  > Max. ISLs/satellite.... 4

GSL INTERFACE INFORMATION
  > Min. GSL IFs/satellite........ 1
  > Max. GSL IFs/satellite........ 1
  > Min. GSL IFs/ground station... 1
  > Max. GSL IFs/ground_station... 1

GSL IN-RANGE INFORMATION
  > Min. satellites in range... 4
  > Max. satellites in range... 20
[MODE] SP_OVER_PID_QUOTIENT=True
  > Calculating Floyd-Warshall for graph without ground-station relays
  > Writing forwarding state to: gen_data/starlink_550_isls_failure_l1_ground_stations_top_100_with_hsinchu_algorithm_hierarchical_virtual_gid_27deg_k8/dynamic_state_100ms_for_20s/fstate_15600000000.txt
  > [SIGNALING] 累計統計: 37 事件, 0 字節
FORWARDING STATE AT T = 15700000000ns (= 15.7 seconds)

BASIC INFORMATION
  > Epoch.................. 2000-01-01 00:00:00.000
  > Time since epoch....... 15700000000 ns
  > Absolute time.......... 2000-01-01 00:00:15.700
  > Satellites............. 1584
  > Ground stations........ 101
  > Max. range GSL......... 1089686.4181956202m
  > Max. range ISL......... 5016591.233098428m

ISL INFORMATION
  > Total ISLs............. 3167
  > Min. ISLs/satellite.... 3
  > Max. ISLs/satellite.... 4

GSL INTERFACE INFORMATION
  > Min. GSL IFs/satellite........ 1
  > Max. GSL IFs/satellite........ 1
  > Min. GSL IFs/ground station... 1
  > Max. GSL IFs/ground_station... 1

GSL IN-RANGE INFORMATION
  > Min. satellites in range... 4
  > Max. satellites in range... 20
[MODE] SP_OVER_PID_QUOTIENT=True
  > Calculating Floyd-Warshall for graph without ground-station relays
  > Writing forwarding state to: gen_data/starlink_550_isls_failure_l1_ground_stations_top_100_with_hsinchu_algorithm_hierarchical_virtual_gid_27deg_k8/dynamic_state_100ms_for_20s/fstate_15700000000.txt
  > [SIGNALING] 累計統計: 39 事件, 0 字節
FORWARDING STATE AT T = 15800000000ns (= 15.8 seconds)

BASIC INFORMATION
  > Epoch.................. 2000-01-01 00:00:00.000
  > Time since epoch....... 15800000000 ns
  > Absolute time.......... 2000-01-01 00:00:15.800
  > Satellites............. 1584
  > Ground stations........ 101
  > Max. range GSL......... 1089686.4181956202m
  > Max. range ISL......... 5016591.233098428m

ISL INFORMATION
  > Total ISLs............. 3167
  > Min. ISLs/satellite.... 3
  > Max. ISLs/satellite.... 4

GSL INTERFACE INFORMATION
  > Min. GSL IFs/satellite........ 1
  > Max. GSL IFs/satellite........ 1
  > Min. GSL IFs/ground station... 1
  > Max. GSL IFs/ground_station... 1

GSL IN-RANGE INFORMATION
  > Min. satellites in range... 4
  > Max. satellites in range... 20
[MODE] SP_OVER_PID_QUOTIENT=True
  > Calculating Floyd-Warshall for graph without ground-station relays
  > Writing forwarding state to: gen_data/starlink_550_isls_failure_l1_ground_stations_top_100_with_hsinchu_algorithm_hierarchical_virtual_gid_27deg_k8/dynamic_state_100ms_for_20s/fstate_15800000000.txt
  > [SIGNALING] 累計統計: 41 事件, 0 字節
FORWARDING STATE AT T = 15900000000ns (= 15.9 seconds)

BASIC INFORMATION
  > Epoch.................. 2000-01-01 00:00:00.000
  > Time since epoch....... 15900000000 ns
  > Absolute time.......... 2000-01-01 00:00:15.900
  > Satellites............. 1584
  > Ground stations........ 101
  > Max. range GSL......... 1089686.4181956202m
  > Max. range ISL......... 5016591.233098428m

ISL INFORMATION
  > Total ISLs............. 3167
  > Min. ISLs/satellite.... 3
  > Max. ISLs/satellite.... 4

GSL INTERFACE INFORMATION
  > Min. GSL IFs/satellite........ 1
  > Max. GSL IFs/satellite........ 1
  > Min. GSL IFs/ground station... 1
  > Max. GSL IFs/ground_station... 1

GSL IN-RANGE INFORMATION
  > Min. satellites in range... 4
  > Max. satellites in range... 20
[MODE] SP_OVER_PID_QUOTIENT=True
  > Calculating Floyd-Warshall for graph without ground-station relays
  > Writing forwarding state to: gen_data/starlink_550_isls_failure_l1_ground_stations_top_100_with_hsinchu_algorithm_hierarchical_virtual_gid_27deg_k8/dynamic_state_100ms_for_20s/fstate_15900000000.txt
  > [SIGNALING] 累計統計: 43 事件, 0 字節
FORWARDING STATE AT T = 16000000000ns (= 16.0 seconds)

BASIC INFORMATION
  > Epoch.................. 2000-01-01 00:00:00.000
  > Time since epoch....... 16000000000 ns
  > Absolute time.......... 2000-01-01 00:00:16.000
  > Satellites............. 1584
  > Ground stations........ 101
  > Max. range GSL......... 1089686.4181956202m
  > Max. range ISL......... 5016591.233098428m

ISL INFORMATION
  > Total ISLs............. 3167
  > Min. ISLs/satellite.... 3
  > Max. ISLs/satellite.... 4

GSL INTERFACE INFORMATION
  > Min. GSL IFs/satellite........ 1
  > Max. GSL IFs/satellite........ 1
  > Min. GSL IFs/ground station... 1
  > Max. GSL IFs/ground_station... 1

GSL IN-RANGE INFORMATION
  > Min. satellites in range... 4
  > Max. satellites in range... 20
[MODE] SP_OVER_PID_QUOTIENT=True
  > Calculating Floyd-Warshall for graph without ground-station relays
  > Writing forwarding state to: gen_data/starlink_550_isls_failure_l1_ground_stations_top_100_with_hsinchu_algorithm_hierarchical_virtual_gid_27deg_k8/dynamic_state_100ms_for_20s/fstate_16000000000.txt
  > [SIGNALING] 累計統計: 46 事件, 0 字節
[MODE] SP_OVER_PID_QUOTIENT=True
  > Calculating Floyd-Warshall for graph without ground-station relays
  > Writing forwarding state to: gen_data/starlink_550_isls_failure_l1_ground_stations_top_100_with_hsinchu_algorithm_hierarchical_virtual_gid_27deg_k8/dynamic_state_100ms_for_20s/fstate_7400000000.txt
  > [SIGNALING] 累計統計: 32 事件, 0 字節
FORWARDING STATE AT T = 7500000000ns (= 7.5 seconds)

BASIC INFORMATION
  > Epoch.................. 2000-01-01 00:00:00.000
  > Time since epoch....... 7500000000 ns
  > Absolute time.......... 2000-01-01 00:00:07.500
  > Satellites............. 1584
  > Ground stations........ 101
  > Max. range GSL......... 1089686.4181956202m
  > Max. range ISL......... 5016591.233098428m

ISL INFORMATION
  > Total ISLs............. 3167
  > Min. ISLs/satellite.... 3
  > Max. ISLs/satellite.... 4

GSL INTERFACE INFORMATION
  > Min. GSL IFs/satellite........ 1
  > Max. GSL IFs/satellite........ 1
  > Min. GSL IFs/ground station... 1
  > Max. GSL IFs/ground_station... 1

GSL IN-RANGE INFORMATION
  > Min. satellites in range... 4
  > Max. satellites in range... 20
[MODE] SP_OVER_PID_QUOTIENT=True
  > Calculating Floyd-Warshall for graph without ground-station relays
  > Writing forwarding state to: gen_data/starlink_550_isls_failure_l1_ground_stations_top_100_with_hsinchu_algorithm_hierarchical_virtual_gid_27deg_k8/dynamic_state_100ms_for_20s/fstate_7500000000.txt
  > [SIGNALING] 累計統計: 34 事件, 0 字節
FORWARDING STATE AT T = 7600000000ns (= 7.6 seconds)

BASIC INFORMATION
  > Epoch.................. 2000-01-01 00:00:00.000
  > Time since epoch....... 7600000000 ns
  > Absolute time.......... 2000-01-01 00:00:07.600
  > Satellites............. 1584
  > Ground stations........ 101
  > Max. range GSL......... 1089686.4181956202m
  > Max. range ISL......... 5016591.233098428m

ISL INFORMATION
  > Total ISLs............. 3167
  > Min. ISLs/satellite.... 3
  > Max. ISLs/satellite.... 4

GSL INTERFACE INFORMATION
  > Min. GSL IFs/satellite........ 1
  > Max. GSL IFs/satellite........ 1
  > Min. GSL IFs/ground station... 1
  > Max. GSL IFs/ground_station... 1

GSL IN-RANGE INFORMATION
  > Min. satellites in range... 4
  > Max. satellites in range... 20
[MODE] SP_OVER_PID_QUOTIENT=True
  > Calculating Floyd-Warshall for graph without ground-station relays
  > Writing forwarding state to: gen_data/starlink_550_isls_failure_l1_ground_stations_top_100_with_hsinchu_algorithm_hierarchical_virtual_gid_27deg_k8/dynamic_state_100ms_for_20s/fstate_7600000000.txt
  > [SIGNALING] 累計統計: 36 事件, 0 字節
FORWARDING STATE AT T = 7700000000ns (= 7.7 seconds)

BASIC INFORMATION
  > Epoch.................. 2000-01-01 00:00:00.000
  > Time since epoch....... 7700000000 ns
  > Absolute time.......... 2000-01-01 00:00:07.700
  > Satellites............. 1584
  > Ground stations........ 101
  > Max. range GSL......... 1089686.4181956202m
  > Max. range ISL......... 5016591.233098428m

ISL INFORMATION
  > Total ISLs............. 3167
  > Min. ISLs/satellite.... 3
  > Max. ISLs/satellite.... 4

GSL INTERFACE INFORMATION
  > Min. GSL IFs/satellite........ 1
  > Max. GSL IFs/satellite........ 1
  > Min. GSL IFs/ground station... 1
  > Max. GSL IFs/ground_station... 1

GSL IN-RANGE INFORMATION
  > Min. satellites in range... 4
  > Max. satellites in range... 20
[MODE] SP_OVER_PID_QUOTIENT=True
  > Calculating Floyd-Warshall for graph without ground-station relays
  > Writing forwarding state to: gen_data/starlink_550_isls_failure_l1_ground_stations_top_100_with_hsinchu_algorithm_hierarchical_virtual_gid_27deg_k8/dynamic_state_100ms_for_20s/fstate_7700000000.txt
  > [SIGNALING] 累計統計: 38 事件, 0 字節
FORWARDING STATE AT T = 7800000000ns (= 7.8 seconds)

BASIC INFORMATION
  > Epoch.................. 2000-01-01 00:00:00.000
  > Time since epoch....... 7800000000 ns
  > Absolute time.......... 2000-01-01 00:00:07.800
  > Satellites............. 1584
  > Ground stations........ 101
  > Max. range GSL......... 1089686.4181956202m
  > Max. range ISL......... 5016591.233098428m

ISL INFORMATION
  > Total ISLs............. 3167
  > Min. ISLs/satellite.... 3
  > Max. ISLs/satellite.... 4

GSL INTERFACE INFORMATION
  > Min. GSL IFs/satellite........ 1
  > Max. GSL IFs/satellite........ 1
  > Min. GSL IFs/ground station... 1
  > Max. GSL IFs/ground_station... 1

GSL IN-RANGE INFORMATION
  > Min. satellites in range... 4
  > Max. satellites in range... 20
[MODE] SP_OVER_PID_QUOTIENT=True
  > Calculating Floyd-Warshall for graph without ground-station relays
  > Writing forwarding state to: gen_data/starlink_550_isls_failure_l1_ground_stations_top_100_with_hsinchu_algorithm_hierarchical_virtual_gid_27deg_k8/dynamic_state_100ms_for_20s/fstate_7800000000.txt
  > [SIGNALING] 累計統計: 40 事件, 0 字節
FORWARDING STATE AT T = 7900000000ns (= 7.9 seconds)

BASIC INFORMATION
  > Epoch.................. 2000-01-01 00:00:00.000
  > Time since epoch....... 7900000000 ns
  > Absolute time.......... 2000-01-01 00:00:07.900
  > Satellites............. 1584
  > Ground stations........ 101
  > Max. range GSL......... 1089686.4181956202m
  > Max. range ISL......... 5016591.233098428m

ISL INFORMATION
  > Total ISLs............. 3167
  > Min. ISLs/satellite.... 3
  > Max. ISLs/satellite.... 4

GSL INTERFACE INFORMATION
  > Min. GSL IFs/satellite........ 1
  > Max. GSL IFs/satellite........ 1
  > Min. GSL IFs/ground station... 1
  > Max. GSL IFs/ground_station... 1

GSL IN-RANGE INFORMATION
  > Min. satellites in range... 4
  > Max. satellites in range... 20
[MODE] SP_OVER_PID_QUOTIENT=True
  > Calculating Floyd-Warshall for graph without ground-station relays
  > Writing forwarding state to: gen_data/starlink_550_isls_failure_l1_ground_stations_top_100_with_hsinchu_algorithm_hierarchical_virtual_gid_27deg_k8/dynamic_state_100ms_for_20s/fstate_7900000000.txt
  > [SIGNALING] 累計統計: 42 事件, 0 字節
FORWARDING STATE AT T = 8000000000ns (= 8.0 seconds)

BASIC INFORMATION
  > Epoch.................. 2000-01-01 00:00:00.000
  > Time since epoch....... 8000000000 ns
  > Absolute time.......... 2000-01-01 00:00:08.000
  > Satellites............. 1584
  > Ground stations........ 101
  > Max. range GSL......... 1089686.4181956202m
  > Max. range ISL......... 5016591.233098428m

ISL INFORMATION
  > Total ISLs............. 3167
  > Min. ISLs/satellite.... 3
  > Max. ISLs/satellite.... 4

GSL INTERFACE INFORMATION
  > Min. GSL IFs/satellite........ 1
  > Max. GSL IFs/satellite........ 1
  > Min. GSL IFs/ground station... 1
  > Max. GSL IFs/ground_station... 1

GSL IN-RANGE INFORMATION
  > Min. satellites in range... 4
  > Max. satellites in range... 19
[MODE] SP_OVER_PID_QUOTIENT=True
  > Calculating Floyd-Warshall for graph without ground-station relays
  > Writing forwarding state to: gen_data/starlink_550_isls_failure_l1_ground_stations_top_100_with_hsinchu_algorithm_hierarchical_virtual_gid_27deg_k8/dynamic_state_100ms_for_20s/fstate_8000000000.txt
  > [SIGNALING] 累計統計: 45 事件, 0 字節
[MODE] SP_OVER_PID_QUOTIENT=True
  > Calculating Floyd-Warshall for graph without ground-station relays
  > Writing forwarding state to: gen_data/starlink_550_isls_failure_l1_ground_stations_top_100_with_hsinchu_algorithm_hierarchical_virtual_gid_27deg_k8/dynamic_state_100ms_for_20s/fstate_3400000000.txt
  > [SIGNALING] 累計統計: 33 事件, 0 字節
FORWARDING STATE AT T = 3500000000ns (= 3.5 seconds)

BASIC INFORMATION
  > Epoch.................. 2000-01-01 00:00:00.000
  > Time since epoch....... 3500000000 ns
  > Absolute time.......... 2000-01-01 00:00:03.500
  > Satellites............. 1584
  > Ground stations........ 101
  > Max. range GSL......... 1089686.4181956202m
  > Max. range ISL......... 5016591.233098428m

ISL INFORMATION
  > Total ISLs............. 3167
  > Min. ISLs/satellite.... 3
  > Max. ISLs/satellite.... 4

GSL INTERFACE INFORMATION
  > Min. GSL IFs/satellite........ 1
  > Max. GSL IFs/satellite........ 1
  > Min. GSL IFs/ground station... 1
  > Max. GSL IFs/ground_station... 1

GSL IN-RANGE INFORMATION
  > Min. satellites in range... 4
  > Max. satellites in range... 20
[MODE] SP_OVER_PID_QUOTIENT=True
  > Calculating Floyd-Warshall for graph without ground-station relays
  > Writing forwarding state to: gen_data/starlink_550_isls_failure_l1_ground_stations_top_100_with_hsinchu_algorithm_hierarchical_virtual_gid_27deg_k8/dynamic_state_100ms_for_20s/fstate_3500000000.txt
  > [SIGNALING] 累計統計: 35 事件, 0 字節
FORWARDING STATE AT T = 3600000000ns (= 3.6 seconds)

BASIC INFORMATION
  > Epoch.................. 2000-01-01 00:00:00.000
  > Time since epoch....... 3600000000 ns
  > Absolute time.......... 2000-01-01 00:00:03.600
  > Satellites............. 1584
  > Ground stations........ 101
  > Max. range GSL......... 1089686.4181956202m
  > Max. range ISL......... 5016591.233098428m

ISL INFORMATION
  > Total ISLs............. 3167
  > Min. ISLs/satellite.... 3
  > Max. ISLs/satellite.... 4

GSL INTERFACE INFORMATION
  > Min. GSL IFs/satellite........ 1
  > Max. GSL IFs/satellite........ 1
  > Min. GSL IFs/ground station... 1
  > Max. GSL IFs/ground_station... 1

GSL IN-RANGE INFORMATION
  > Min. satellites in range... 4
  > Max. satellites in range... 20
[MODE] SP_OVER_PID_QUOTIENT=True
  > Calculating Floyd-Warshall for graph without ground-station relays
  > Writing forwarding state to: gen_data/starlink_550_isls_failure_l1_ground_stations_top_100_with_hsinchu_algorithm_hierarchical_virtual_gid_27deg_k8/dynamic_state_100ms_for_20s/fstate_3600000000.txt
  > [SIGNALING] 累計統計: 37 事件, 0 字節
FORWARDING STATE AT T = 3700000000ns (= 3.7 seconds)

BASIC INFORMATION
  > Epoch.................. 2000-01-01 00:00:00.000
  > Time since epoch....... 3700000000 ns
  > Absolute time.......... 2000-01-01 00:00:03.700
  > Satellites............. 1584
  > Ground stations........ 101
  > Max. range GSL......... 1089686.4181956202m
  > Max. range ISL......... 5016591.233098428m

ISL INFORMATION
  > Total ISLs............. 3167
  > Min. ISLs/satellite.... 3
  > Max. ISLs/satellite.... 4

GSL INTERFACE INFORMATION
  > Min. GSL IFs/satellite........ 1
  > Max. GSL IFs/satellite........ 1
  > Min. GSL IFs/ground station... 1
  > Max. GSL IFs/ground_station... 1

GSL IN-RANGE INFORMATION
  > Min. satellites in range... 4
  > Max. satellites in range... 20
[MODE] SP_OVER_PID_QUOTIENT=True
  > Calculating Floyd-Warshall for graph without ground-station relays
  > Writing forwarding state to: gen_data/starlink_550_isls_failure_l1_ground_stations_top_100_with_hsinchu_algorithm_hierarchical_virtual_gid_27deg_k8/dynamic_state_100ms_for_20s/fstate_3700000000.txt
  > [SIGNALING] 累計統計: 39 事件, 0 字節
FORWARDING STATE AT T = 3800000000ns (= 3.8 seconds)

BASIC INFORMATION
  > Epoch.................. 2000-01-01 00:00:00.000
  > Time since epoch....... 3800000000 ns
  > Absolute time.......... 2000-01-01 00:00:03.800
  > Satellites............. 1584
  > Ground stations........ 101
  > Max. range GSL......... 1089686.4181956202m
  > Max. range ISL......... 5016591.233098428m

ISL INFORMATION
  > Total ISLs............. 3167
  > Min. ISLs/satellite.... 3
  > Max. ISLs/satellite.... 4

GSL INTERFACE INFORMATION
  > Min. GSL IFs/satellite........ 1
  > Max. GSL IFs/satellite........ 1
  > Min. GSL IFs/ground station... 1
  > Max. GSL IFs/ground_station... 1

GSL IN-RANGE INFORMATION
  > Min. satellites in range... 4
  > Max. satellites in range... 20
[MODE] SP_OVER_PID_QUOTIENT=True
  > Calculating Floyd-Warshall for graph without ground-station relays
  > Writing forwarding state to: gen_data/starlink_550_isls_failure_l1_ground_stations_top_100_with_hsinchu_algorithm_hierarchical_virtual_gid_27deg_k8/dynamic_state_100ms_for_20s/fstate_3800000000.txt
  > [SIGNALING] 累計統計: 41 事件, 0 字節
FORWARDING STATE AT T = 3900000000ns (= 3.9 seconds)

BASIC INFORMATION
  > Epoch.................. 2000-01-01 00:00:00.000
  > Time since epoch....... 3900000000 ns
  > Absolute time.......... 2000-01-01 00:00:03.900
  > Satellites............. 1584
  > Ground stations........ 101
  > Max. range GSL......... 1089686.4181956202m
  > Max. range ISL......... 5016591.233098428m

ISL INFORMATION
  > Total ISLs............. 3167
  > Min. ISLs/satellite.... 3
  > Max. ISLs/satellite.... 4

GSL INTERFACE INFORMATION
  > Min. GSL IFs/satellite........ 1
  > Max. GSL IFs/satellite........ 1
  > Min. GSL IFs/ground station... 1
  > Max. GSL IFs/ground_station... 1

GSL IN-RANGE INFORMATION
  > Min. satellites in range... 4
  > Max. satellites in range... 20
[MODE] SP_OVER_PID_QUOTIENT=True
  > Calculating Floyd-Warshall for graph without ground-station relays
  > Writing forwarding state to: gen_data/starlink_550_isls_failure_l1_ground_stations_top_100_with_hsinchu_algorithm_hierarchical_virtual_gid_27deg_k8/dynamic_state_100ms_for_20s/fstate_3900000000.txt
  > [SIGNALING] 累計統計: 43 事件, 0 字節
FORWARDING STATE AT T = 4000000000ns (= 4.0 seconds)

BASIC INFORMATION
  > Epoch.................. 2000-01-01 00:00:00.000
  > Time since epoch....... 4000000000 ns
  > Absolute time.......... 2000-01-01 00:00:04.000
  > Satellites............. 1584
  > Ground stations........ 101
  > Max. range GSL......... 1089686.4181956202m
  > Max. range ISL......... 5016591.233098428m

ISL INFORMATION
  > Total ISLs............. 3167
  > Min. ISLs/satellite.... 3
  > Max. ISLs/satellite.... 4

GSL INTERFACE INFORMATION
  > Min. GSL IFs/satellite........ 1
  > Max. GSL IFs/satellite........ 1
  > Min. GSL IFs/ground station... 1
  > Max. GSL IFs/ground_station... 1

GSL IN-RANGE INFORMATION
  > Min. satellites in range... 4
  > Max. satellites in range... 20
[MODE] SP_OVER_PID_QUOTIENT=True
  > Calculating Floyd-Warshall for graph without ground-station relays
  > Writing forwarding state to: gen_data/starlink_550_isls_failure_l1_ground_stations_top_100_with_hsinchu_algorithm_hierarchical_virtual_gid_27deg_k8/dynamic_state_100ms_for_20s/fstate_4000000000.txt
  > [SIGNALING] 累計統計: 45 事件, 0 字節
  > Min. satellites in range... 4
  > Max. satellites in range... 20
[MODE] SP_OVER_PID_QUOTIENT=True
  > Calculating Floyd-Warshall for graph without ground-station relays
  > Writing forwarding state to: gen_data/starlink_550_isls_failure_l1_ground_stations_top_100_with_hsinchu_algorithm_hierarchical_virtual_gid_27deg_k8/dynamic_state_100ms_for_20s/fstate_13400000000.txt
  > [SIGNALING] 累計統計: 33 事件, 0 字節
FORWARDING STATE AT T = 13500000000ns (= 13.5 seconds)

BASIC INFORMATION
  > Epoch.................. 2000-01-01 00:00:00.000
  > Time since epoch....... 13500000000 ns
  > Absolute time.......... 2000-01-01 00:00:13.500
  > Satellites............. 1584
  > Ground stations........ 101
  > Max. range GSL......... 1089686.4181956202m
  > Max. range ISL......... 5016591.233098428m

ISL INFORMATION
  > Total ISLs............. 3167
  > Min. ISLs/satellite.... 3
  > Max. ISLs/satellite.... 4

GSL INTERFACE INFORMATION
  > Min. GSL IFs/satellite........ 1
  > Max. GSL IFs/satellite........ 1
  > Min. GSL IFs/ground station... 1
  > Max. GSL IFs/ground_station... 1

GSL IN-RANGE INFORMATION
  > Min. satellites in range... 4
  > Max. satellites in range... 20
[MODE] SP_OVER_PID_QUOTIENT=True
  > Calculating Floyd-Warshall for graph without ground-station relays
  > Writing forwarding state to: gen_data/starlink_550_isls_failure_l1_ground_stations_top_100_with_hsinchu_algorithm_hierarchical_virtual_gid_27deg_k8/dynamic_state_100ms_for_20s/fstate_13500000000.txt
  > [SIGNALING] 累計統計: 35 事件, 0 字節
FORWARDING STATE AT T = 13600000000ns (= 13.6 seconds)

BASIC INFORMATION
  > Epoch.................. 2000-01-01 00:00:00.000
  > Time since epoch....... 13600000000 ns
  > Absolute time.......... 2000-01-01 00:00:13.600
  > Satellites............. 1584
  > Ground stations........ 101
  > Max. range GSL......... 1089686.4181956202m
  > Max. range ISL......... 5016591.233098428m

ISL INFORMATION
  > Total ISLs............. 3167
  > Min. ISLs/satellite.... 3
  > Max. ISLs/satellite.... 4

GSL INTERFACE INFORMATION
  > Min. GSL IFs/satellite........ 1
  > Max. GSL IFs/satellite........ 1
  > Min. GSL IFs/ground station... 1
  > Max. GSL IFs/ground_station... 1

GSL IN-RANGE INFORMATION
  > Min. satellites in range... 4
  > Max. satellites in range... 20
[MODE] SP_OVER_PID_QUOTIENT=True
  > Calculating Floyd-Warshall for graph without ground-station relays
  > Writing forwarding state to: gen_data/starlink_550_isls_failure_l1_ground_stations_top_100_with_hsinchu_algorithm_hierarchical_virtual_gid_27deg_k8/dynamic_state_100ms_for_20s/fstate_13600000000.txt
  > [SIGNALING] 累計統計: 37 事件, 0 字節
FORWARDING STATE AT T = 13700000000ns (= 13.7 seconds)

BASIC INFORMATION
  > Epoch.................. 2000-01-01 00:00:00.000
  > Time since epoch....... 13700000000 ns
  > Absolute time.......... 2000-01-01 00:00:13.700
  > Satellites............. 1584
  > Ground stations........ 101
  > Max. range GSL......... 1089686.4181956202m
  > Max. range ISL......... 5016591.233098428m

ISL INFORMATION
  > Total ISLs............. 3167
  > Min. ISLs/satellite.... 3
  > Max. ISLs/satellite.... 4

GSL INTERFACE INFORMATION
  > Min. GSL IFs/satellite........ 1
  > Max. GSL IFs/satellite........ 1
  > Min. GSL IFs/ground station... 1
  > Max. GSL IFs/ground_station... 1

GSL IN-RANGE INFORMATION
  > Min. satellites in range... 4
  > Max. satellites in range... 20
[MODE] SP_OVER_PID_QUOTIENT=True
  > Calculating Floyd-Warshall for graph without ground-station relays
  > Writing forwarding state to: gen_data/starlink_550_isls_failure_l1_ground_stations_top_100_with_hsinchu_algorithm_hierarchical_virtual_gid_27deg_k8/dynamic_state_100ms_for_20s/fstate_13700000000.txt
  > [SIGNALING] 累計統計: 39 事件, 0 字節
FORWARDING STATE AT T = 13800000000ns (= 13.8 seconds)

BASIC INFORMATION
  > Epoch.................. 2000-01-01 00:00:00.000
  > Time since epoch....... 13800000000 ns
  > Absolute time.......... 2000-01-01 00:00:13.800
  > Satellites............. 1584
  > Ground stations........ 101
  > Max. range GSL......... 1089686.4181956202m
  > Max. range ISL......... 5016591.233098428m

ISL INFORMATION
  > Total ISLs............. 3167
  > Min. ISLs/satellite.... 3
  > Max. ISLs/satellite.... 4

GSL INTERFACE INFORMATION
  > Min. GSL IFs/satellite........ 1
  > Max. GSL IFs/satellite........ 1
  > Min. GSL IFs/ground station... 1
  > Max. GSL IFs/ground_station... 1

GSL IN-RANGE INFORMATION
  > Min. satellites in range... 4
  > Max. satellites in range... 20
[MODE] SP_OVER_PID_QUOTIENT=True
  > Calculating Floyd-Warshall for graph without ground-station relays
  > Writing forwarding state to: gen_data/starlink_550_isls_failure_l1_ground_stations_top_100_with_hsinchu_algorithm_hierarchical_virtual_gid_27deg_k8/dynamic_state_100ms_for_20s/fstate_13800000000.txt
  > [SIGNALING] 累計統計: 41 事件, 0 字節
FORWARDING STATE AT T = 13900000000ns (= 13.9 seconds)

BASIC INFORMATION
  > Epoch.................. 2000-01-01 00:00:00.000
  > Time since epoch....... 13900000000 ns
  > Absolute time.......... 2000-01-01 00:00:13.900
  > Satellites............. 1584
  > Ground stations........ 101
  > Max. range GSL......... 1089686.4181956202m
  > Max. range ISL......... 5016591.233098428m

ISL INFORMATION
  > Total ISLs............. 3167
  > Min. ISLs/satellite.... 3
  > Max. ISLs/satellite.... 4

GSL INTERFACE INFORMATION
  > Min. GSL IFs/satellite........ 1
  > Max. GSL IFs/satellite........ 1
  > Min. GSL IFs/ground station... 1
  > Max. GSL IFs/ground_station... 1

GSL IN-RANGE INFORMATION
  > Min. satellites in range... 4
  > Max. satellites in range... 20
[MODE] SP_OVER_PID_QUOTIENT=True
  > Calculating Floyd-Warshall for graph without ground-station relays
  > Writing forwarding state to: gen_data/starlink_550_isls_failure_l1_ground_stations_top_100_with_hsinchu_algorithm_hierarchical_virtual_gid_27deg_k8/dynamic_state_100ms_for_20s/fstate_13900000000.txt
  > [SIGNALING] 累計統計: 43 事件, 0 字節
FORWARDING STATE AT T = 14000000000ns (= 14.0 seconds)

BASIC INFORMATION
  > Epoch.................. 2000-01-01 00:00:00.000
  > Time since epoch....... 14000000000 ns
  > Absolute time.......... 2000-01-01 00:00:14.000
  > Satellites............. 1584
  > Ground stations........ 101
  > Max. range GSL......... 1089686.4181956202m
  > Max. range ISL......... 5016591.233098428m

ISL INFORMATION
  > Total ISLs............. 3167
  > Min. ISLs/satellite.... 3
  > Max. ISLs/satellite.... 4

GSL INTERFACE INFORMATION
  > Min. GSL IFs/satellite........ 1
  > Max. GSL IFs/satellite........ 1
  > Min. GSL IFs/ground station... 1
  > Max. GSL IFs/ground_station... 1

GSL IN-RANGE INFORMATION
  > Min. satellites in range... 4
  > Max. satellites in range... 20
[MODE] SP_OVER_PID_QUOTIENT=True
  > Calculating Floyd-Warshall for graph without ground-station relays
  > Writing forwarding state to: gen_data/starlink_550_isls_failure_l1_ground_stations_top_100_with_hsinchu_algorithm_hierarchical_virtual_gid_27deg_k8/dynamic_state_100ms_for_20s/fstate_14000000000.txt
  > [SIGNALING] 累計統計: 46 事件, 0 字節
  > Calculating Floyd-Warshall for graph without ground-station relays
  > Writing forwarding state to: gen_data/starlink_550_isls_failure_l1_ground_stations_top_100_with_hsinchu_algorithm_hierarchical_virtual_gid_27deg_k8/dynamic_state_100ms_for_20s/fstate_1400000000.txt
  > [SIGNALING] 累計統計: 33 事件, 0 字節
FORWARDING STATE AT T = 1500000000ns (= 1.5 seconds)

BASIC INFORMATION
  > Epoch.................. 2000-01-01 00:00:00.000
  > Time since epoch....... 1500000000 ns
  > Absolute time.......... 2000-01-01 00:00:01.500
  > Satellites............. 1584
  > Ground stations........ 101
  > Max. range GSL......... 1089686.4181956202m
  > Max. range ISL......... 5016591.233098428m

ISL INFORMATION
  > Total ISLs............. 3167
  > Min. ISLs/satellite.... 3
  > Max. ISLs/satellite.... 4

GSL INTERFACE INFORMATION
  > Min. GSL IFs/satellite........ 1
  > Max. GSL IFs/satellite........ 1
  > Min. GSL IFs/ground station... 1
  > Max. GSL IFs/ground_station... 1

GSL IN-RANGE INFORMATION
  > Min. satellites in range... 4
  > Max. satellites in range... 20
[MODE] SP_OVER_PID_QUOTIENT=True
  > Calculating Floyd-Warshall for graph without ground-station relays
  > Writing forwarding state to: gen_data/starlink_550_isls_failure_l1_ground_stations_top_100_with_hsinchu_algorithm_hierarchical_virtual_gid_27deg_k8/dynamic_state_100ms_for_20s/fstate_1500000000.txt
  > [SIGNALING] 累計統計: 35 事件, 0 字節
FORWARDING STATE AT T = 1600000000ns (= 1.6 seconds)

BASIC INFORMATION
  > Epoch.................. 2000-01-01 00:00:00.000
  > Time since epoch....... 1600000000 ns
  > Absolute time.......... 2000-01-01 00:00:01.600
  > Satellites............. 1584
  > Ground stations........ 101
  > Max. range GSL......... 1089686.4181956202m
  > Max. range ISL......... 5016591.233098428m

ISL INFORMATION
  > Total ISLs............. 3167
  > Min. ISLs/satellite.... 3
  > Max. ISLs/satellite.... 4

GSL INTERFACE INFORMATION
  > Min. GSL IFs/satellite........ 1
  > Max. GSL IFs/satellite........ 1
  > Min. GSL IFs/ground station... 1
  > Max. GSL IFs/ground_station... 1

GSL IN-RANGE INFORMATION
  > Min. satellites in range... 4
  > Max. satellites in range... 20
[MODE] SP_OVER_PID_QUOTIENT=True
  > Calculating Floyd-Warshall for graph without ground-station relays
  > Writing forwarding state to: gen_data/starlink_550_isls_failure_l1_ground_stations_top_100_with_hsinchu_algorithm_hierarchical_virtual_gid_27deg_k8/dynamic_state_100ms_for_20s/fstate_1600000000.txt
  > [SIGNALING] 累計統計: 37 事件, 0 字節
FORWARDING STATE AT T = 1700000000ns (= 1.7 seconds)

BASIC INFORMATION
  > Epoch.................. 2000-01-01 00:00:00.000
  > Time since epoch....... 1700000000 ns
  > Absolute time.......... 2000-01-01 00:00:01.700
  > Satellites............. 1584
  > Ground stations........ 101
  > Max. range GSL......... 1089686.4181956202m
  > Max. range ISL......... 5016591.233098428m

ISL INFORMATION
  > Total ISLs............. 3167
  > Min. ISLs/satellite.... 3
  > Max. ISLs/satellite.... 4

GSL INTERFACE INFORMATION
  > Min. GSL IFs/satellite........ 1
  > Max. GSL IFs/satellite........ 1
  > Min. GSL IFs/ground station... 1
  > Max. GSL IFs/ground_station... 1

GSL IN-RANGE INFORMATION
  > Min. satellites in range... 4
  > Max. satellites in range... 20
[MODE] SP_OVER_PID_QUOTIENT=True
  > Calculating Floyd-Warshall for graph without ground-station relays
  > Writing forwarding state to: gen_data/starlink_550_isls_failure_l1_ground_stations_top_100_with_hsinchu_algorithm_hierarchical_virtual_gid_27deg_k8/dynamic_state_100ms_for_20s/fstate_1700000000.txt
  > [SIGNALING] 累計統計: 39 事件, 0 字節
FORWARDING STATE AT T = 1800000000ns (= 1.8 seconds)

BASIC INFORMATION
  > Epoch.................. 2000-01-01 00:00:00.000
  > Time since epoch....... 1800000000 ns
  > Absolute time.......... 2000-01-01 00:00:01.800
  > Satellites............. 1584
  > Ground stations........ 101
  > Max. range GSL......... 1089686.4181956202m
  > Max. range ISL......... 5016591.233098428m

ISL INFORMATION
  > Total ISLs............. 3167
  > Min. ISLs/satellite.... 3
  > Max. ISLs/satellite.... 4

GSL INTERFACE INFORMATION
  > Min. GSL IFs/satellite........ 1
  > Max. GSL IFs/satellite........ 1
  > Min. GSL IFs/ground station... 1
  > Max. GSL IFs/ground_station... 1

GSL IN-RANGE INFORMATION
  > Min. satellites in range... 4
  > Max. satellites in range... 20
[MODE] SP_OVER_PID_QUOTIENT=True
  > Calculating Floyd-Warshall for graph without ground-station relays
  > Writing forwarding state to: gen_data/starlink_550_isls_failure_l1_ground_stations_top_100_with_hsinchu_algorithm_hierarchical_virtual_gid_27deg_k8/dynamic_state_100ms_for_20s/fstate_1800000000.txt
  > [SIGNALING] 累計統計: 41 事件, 0 字節
FORWARDING STATE AT T = 1900000000ns (= 1.9 seconds)

BASIC INFORMATION
  > Epoch.................. 2000-01-01 00:00:00.000
  > Time since epoch....... 1900000000 ns
  > Absolute time.......... 2000-01-01 00:00:01.900
  > Satellites............. 1584
  > Ground stations........ 101
  > Max. range GSL......... 1089686.4181956202m
  > Max. range ISL......... 5016591.233098428m

ISL INFORMATION
  > Total ISLs............. 3167
  > Min. ISLs/satellite.... 3
  > Max. ISLs/satellite.... 4

GSL INTERFACE INFORMATION
  > Min. GSL IFs/satellite........ 1
  > Max. GSL IFs/satellite........ 1
  > Min. GSL IFs/ground station... 1
  > Max. GSL IFs/ground_station... 1

GSL IN-RANGE INFORMATION
  > Min. satellites in range... 4
  > Max. satellites in range... 20
[MODE] SP_OVER_PID_QUOTIENT=True
  > Calculating Floyd-Warshall for graph without ground-station relays
  > Writing forwarding state to: gen_data/starlink_550_isls_failure_l1_ground_stations_top_100_with_hsinchu_algorithm_hierarchical_virtual_gid_27deg_k8/dynamic_state_100ms_for_20s/fstate_1900000000.txt
  > [SIGNALING] 累計統計: 43 事件, 0 字節
FORWARDING STATE AT T = 2000000000ns (= 2.0 seconds)

BASIC INFORMATION
  > Epoch.................. 2000-01-01 00:00:00.000
  > Time since epoch....... 2000000000 ns
  > Absolute time.......... 2000-01-01 00:00:02.000
  > Satellites............. 1584
  > Ground stations........ 101
  > Max. range GSL......... 1089686.4181956202m
  > Max. range ISL......... 5016591.233098428m

ISL INFORMATION
  > Total ISLs............. 3167
  > Min. ISLs/satellite.... 3
  > Max. ISLs/satellite.... 4

GSL INTERFACE INFORMATION
  > Min. GSL IFs/satellite........ 1
  > Max. GSL IFs/satellite........ 1
  > Min. GSL IFs/ground station... 1
  > Max. GSL IFs/ground_station... 1

GSL IN-RANGE INFORMATION
  > Min. satellites in range... 4
  > Max. satellites in range... 20
[MODE] SP_OVER_PID_QUOTIENT=True
  > Calculating Floyd-Warshall for graph without ground-station relays
  > Writing forwarding state to: gen_data/starlink_550_isls_failure_l1_ground_stations_top_100_with_hsinchu_algorithm_hierarchical_virtual_gid_27deg_k8/dynamic_state_100ms_for_20s/fstate_2000000000.txt
  > [SIGNALING] 累計統計: 46 事件, 0 字節
[MODE] SP_OVER_PID_QUOTIENT=True
  > Calculating Floyd-Warshall for graph without ground-station relays
  > Writing forwarding state to: gen_data/starlink_550_isls_failure_l1_ground_stations_top_100_with_hsinchu_algorithm_hierarchical_virtual_gid_27deg_k8/dynamic_state_100ms_for_20s/fstate_9400000000.txt
  > [SIGNALING] 累計統計: 32 事件, 0 字節
FORWARDING STATE AT T = 9500000000ns (= 9.5 seconds)

BASIC INFORMATION
  > Epoch.................. 2000-01-01 00:00:00.000
  > Time since epoch....... 9500000000 ns
  > Absolute time.......... 2000-01-01 00:00:09.500
  > Satellites............. 1584
  > Ground stations........ 101
  > Max. range GSL......... 1089686.4181956202m
  > Max. range ISL......... 5016591.233098428m

ISL INFORMATION
  > Total ISLs............. 3167
  > Min. ISLs/satellite.... 3
  > Max. ISLs/satellite.... 4

GSL INTERFACE INFORMATION
  > Min. GSL IFs/satellite........ 1
  > Max. GSL IFs/satellite........ 1
  > Min. GSL IFs/ground station... 1
  > Max. GSL IFs/ground_station... 1

GSL IN-RANGE INFORMATION
  > Min. satellites in range... 4
  > Max. satellites in range... 20
[MODE] SP_OVER_PID_QUOTIENT=True
  > Calculating Floyd-Warshall for graph without ground-station relays
  > Writing forwarding state to: gen_data/starlink_550_isls_failure_l1_ground_stations_top_100_with_hsinchu_algorithm_hierarchical_virtual_gid_27deg_k8/dynamic_state_100ms_for_20s/fstate_9500000000.txt
  > [SIGNALING] 累計統計: 34 事件, 0 字節
FORWARDING STATE AT T = 9600000000ns (= 9.6 seconds)

BASIC INFORMATION
  > Epoch.................. 2000-01-01 00:00:00.000
  > Time since epoch....... 9600000000 ns
  > Absolute time.......... 2000-01-01 00:00:09.600
  > Satellites............. 1584
  > Ground stations........ 101
  > Max. range GSL......... 1089686.4181956202m
  > Max. range ISL......... 5016591.233098428m

ISL INFORMATION
  > Total ISLs............. 3167
  > Min. ISLs/satellite.... 3
  > Max. ISLs/satellite.... 4

GSL INTERFACE INFORMATION
  > Min. GSL IFs/satellite........ 1
  > Max. GSL IFs/satellite........ 1
  > Min. GSL IFs/ground station... 1
  > Max. GSL IFs/ground_station... 1

GSL IN-RANGE INFORMATION
  > Min. satellites in range... 4
  > Max. satellites in range... 20
[MODE] SP_OVER_PID_QUOTIENT=True
  > Calculating Floyd-Warshall for graph without ground-station relays
  > Writing forwarding state to: gen_data/starlink_550_isls_failure_l1_ground_stations_top_100_with_hsinchu_algorithm_hierarchical_virtual_gid_27deg_k8/dynamic_state_100ms_for_20s/fstate_9600000000.txt
  > [SIGNALING] 累計統計: 35 事件, 0 字節
FORWARDING STATE AT T = 9700000000ns (= 9.7 seconds)

BASIC INFORMATION
  > Epoch.................. 2000-01-01 00:00:00.000
  > Time since epoch....... 9700000000 ns
  > Absolute time.......... 2000-01-01 00:00:09.700
  > Satellites............. 1584
  > Ground stations........ 101
  > Max. range GSL......... 1089686.4181956202m
  > Max. range ISL......... 5016591.233098428m

ISL INFORMATION
  > Total ISLs............. 3167
  > Min. ISLs/satellite.... 3
  > Max. ISLs/satellite.... 4

GSL INTERFACE INFORMATION
  > Min. GSL IFs/satellite........ 1
  > Max. GSL IFs/satellite........ 1
  > Min. GSL IFs/ground station... 1
  > Max. GSL IFs/ground_station... 1

GSL IN-RANGE INFORMATION
  > Min. satellites in range... 4
  > Max. satellites in range... 20
[MODE] SP_OVER_PID_QUOTIENT=True
  > Calculating Floyd-Warshall for graph without ground-station relays
  > Writing forwarding state to: gen_data/starlink_550_isls_failure_l1_ground_stations_top_100_with_hsinchu_algorithm_hierarchical_virtual_gid_27deg_k8/dynamic_state_100ms_for_20s/fstate_9700000000.txt
  > [SIGNALING] 累計統計: 37 事件, 0 字節
FORWARDING STATE AT T = 9800000000ns (= 9.8 seconds)

BASIC INFORMATION
  > Epoch.................. 2000-01-01 00:00:00.000
  > Time since epoch....... 9800000000 ns
  > Absolute time.......... 2000-01-01 00:00:09.800
  > Satellites............. 1584
  > Ground stations........ 101
  > Max. range GSL......... 1089686.4181956202m
  > Max. range ISL......... 5016591.233098428m

ISL INFORMATION
  > Total ISLs............. 3167
  > Min. ISLs/satellite.... 3
  > Max. ISLs/satellite.... 4

GSL INTERFACE INFORMATION
  > Min. GSL IFs/satellite........ 1
  > Max. GSL IFs/satellite........ 1
  > Min. GSL IFs/ground station... 1
  > Max. GSL IFs/ground_station... 1

GSL IN-RANGE INFORMATION
  > Min. satellites in range... 4
  > Max. satellites in range... 20
[MODE] SP_OVER_PID_QUOTIENT=True
  > Calculating Floyd-Warshall for graph without ground-station relays
  > Writing forwarding state to: gen_data/starlink_550_isls_failure_l1_ground_stations_top_100_with_hsinchu_algorithm_hierarchical_virtual_gid_27deg_k8/dynamic_state_100ms_for_20s/fstate_9800000000.txt
  > [SIGNALING] 累計統計: 39 事件, 0 字節
FORWARDING STATE AT T = 9900000000ns (= 9.9 seconds)

BASIC INFORMATION
  > Epoch.................. 2000-01-01 00:00:00.000
  > Time since epoch....... 9900000000 ns
  > Absolute time.......... 2000-01-01 00:00:09.900
  > Satellites............. 1584
  > Ground stations........ 101
  > Max. range GSL......... 1089686.4181956202m
  > Max. range ISL......... 5016591.233098428m

ISL INFORMATION
  > Total ISLs............. 3167
  > Min. ISLs/satellite.... 3
  > Max. ISLs/satellite.... 4

GSL INTERFACE INFORMATION
  > Min. GSL IFs/satellite........ 1
  > Max. GSL IFs/satellite........ 1
  > Min. GSL IFs/ground station... 1
  > Max. GSL IFs/ground_station... 1

GSL IN-RANGE INFORMATION
  > Min. satellites in range... 4
  > Max. satellites in range... 20
[MODE] SP_OVER_PID_QUOTIENT=True
  > Calculating Floyd-Warshall for graph without ground-station relays
  > Writing forwarding state to: gen_data/starlink_550_isls_failure_l1_ground_stations_top_100_with_hsinchu_algorithm_hierarchical_virtual_gid_27deg_k8/dynamic_state_100ms_for_20s/fstate_9900000000.txt
  > [SIGNALING] 累計統計: 41 事件, 0 字節
FORWARDING STATE AT T = 10000000000ns (= 10.0 seconds)

BASIC INFORMATION
  > Epoch.................. 2000-01-01 00:00:00.000
  > Time since epoch....... 10000000000 ns
  > Absolute time.......... 2000-01-01 00:00:10.000
  > Satellites............. 1584
  > Ground stations........ 101
  > Max. range GSL......... 1089686.4181956202m
  > Max. range ISL......... 5016591.233098428m

ISL INFORMATION
  > Total ISLs............. 3167
  > Min. ISLs/satellite.... 3
  > Max. ISLs/satellite.... 4

GSL INTERFACE INFORMATION
  > Min. GSL IFs/satellite........ 1
  > Max. GSL IFs/satellite........ 1
  > Min. GSL IFs/ground station... 1
  > Max. GSL IFs/ground_station... 1

GSL IN-RANGE INFORMATION
  > Min. satellites in range... 4
  > Max. satellites in range... 20
[MODE] SP_OVER_PID_QUOTIENT=True
  > Calculating Floyd-Warshall for graph without ground-station relays
  > Writing forwarding state to: gen_data/starlink_550_isls_failure_l1_ground_stations_top_100_with_hsinchu_algorithm_hierarchical_virtual_gid_27deg_k8/dynamic_state_100ms_for_20s/fstate_10000000000.txt
  > [SIGNALING] 累計統計: 44 事件, 0 字節

✓ 實驗完成！耗時: 920 秒

3. 檢查臨時統計文件...
   ✗ 警告：臨時目錄不存在: paper/satellite_networks_state/analytic_result/temp_grhr_failure_l1_k8
